../sensor/sensor_hal.c:94:16:sensor_lora_uart2_set_baud	16	static
../sensor/sensor_hal.c:34:16:sensor_lora_wait_aux_high.constprop	8	static
../sensor/sensor_hal.c:49:6:sensor_delay_ms	16	static
../sensor/sensor_hal.c:59:6:sensor_debug_print	176	static
../sensor/sensor_hal.c:80:6:sensor_lora_normal	8	static
../sensor/sensor_hal.c:87:6:sensor_lora_sleep	8	static
../sensor/sensor_hal.c:118:9:sensor_lora_write_default_config	16	static
../sensor/sensor_hal.c:169:9:sensor_lora_read_config	24	static
../sensor/sensor_hal.c:214:9:sensor_lora_transmit	16	static
../sensor/sensor_hal.c:246:9:sht30_iic_init	0	static
../sensor/sensor_hal.c:251:9:sht30_iic_deinit	0	static
../sensor/sensor_hal.c:256:9:sht30_iic_write_address16	48	static
../sensor/sensor_hal.c:280:9:sht30_iic_read_address16	40	static
../sensor/sensor_hal.c:300:6:sht30_receive_callback	0	static
../sensor/sensor_hal.c:305:9:bmp388_iic_init	0	static
../sensor/sensor_hal.c:310:9:bmp388_iic_deinit	0	static
../sensor/sensor_hal.c:315:9:bmp388_iic_read	32	static
../sensor/sensor_hal.c:328:9:bmp388_iic_write	32	static
../sensor/sensor_hal.c:341:6:bmp388_receive_callback	0	static
../sensor/sensor_hal.c:346:9:bmp388_spi_init_dummy	0	static
../sensor/sensor_hal.c:351:9:bmp388_spi_deinit_dummy	0	static
../sensor/sensor_hal.c:356:9:bmp388_spi_read_dummy	0	static
../sensor/sensor_hal.c:364:9:bmp388_spi_write_dummy	0	static
