../sensor/sensor_hal.c:25:6:Sensor_UART_DMA_Init	8	static
../sensor/sensor_hal.c:31:13:RingBuf_StartTx	16	static,ignoring_inline_asm
../sensor/sensor_hal.c:55:6:Sensor_UART_TxCpltCallback	8	static
../sensor/sensor_hal.c:68:10:min_tx_space	16	static
../sensor/sensor_hal.c:74:6:min_tx_byte	16	static
../sensor/sensor_hal.c:79:6:min_tx_start	16	static,ignoring_inline_asm
../sensor/sensor_hal.c:84:6:min_tx_finished	16	static,ignoring_inline_asm
../sensor/sensor_hal.c:90:10:min_time_ms	8	static
../sensor/sensor_hal.c:98:6:sensor_debug_print	272	static,ignoring_inline_asm
../sensor/sensor_hal.c:118:6:sensor_delay_ms	16	static
../sensor/sensor_hal.c:129:9:sht30_iic_init	4	static
../sensor/sensor_hal.c:135:9:sht30_iic_deinit	4	static
../sensor/sensor_hal.c:140:9:sht30_iic_write_address16	72	static
../sensor/sensor_hal.c:157:9:sht30_iic_read_address16	40	static
../sensor/sensor_hal.c:183:9:bmp388_iic_init	4	static
../sensor/sensor_hal.c:189:9:bmp388_iic_deinit	4	static
../sensor/sensor_hal.c:194:9:bmp388_iic_read	40	static
../sensor/sensor_hal.c:204:9:bmp388_iic_write	40	static
../sensor/sensor_hal.c:216:6:sht30_receive_callback	16	static
../sensor/sensor_hal.c:224:6:bmp388_receive_callback	16	static
../sensor/sensor_hal.c:229:9:bmp388_spi_init_dummy	4	static
../sensor/sensor_hal.c:230:9:bmp388_spi_deinit_dummy	4	static
../sensor/sensor_hal.c:231:9:bmp388_spi_read_dummy	16	static
../sensor/sensor_hal.c:232:9:bmp388_spi_write_dummy	16	static
