../sensor/sensor_hal.c:26:6:Sensor_UART_DMA_Init	8	static
../sensor/sensor_hal.c:32:13:RingBuf_StartTx	16	static,ignoring_inline_asm
../sensor/sensor_hal.c:56:6:Sensor_UART_TxCpltCallback	8	static
../sensor/sensor_hal.c:69:10:min_tx_space	16	static
../sensor/sensor_hal.c:75:6:min_tx_byte	16	static
../sensor/sensor_hal.c:80:6:min_tx_start	16	static,ignoring_inline_asm
../sensor/sensor_hal.c:85:6:min_tx_finished	16	static,ignoring_inline_asm
../sensor/sensor_hal.c:91:10:min_time_ms	8	static
../sensor/sensor_hal.c:101:6:sensor_debug_print	272	static,ignoring_inline_asm
../sensor/sensor_hal.c:121:6:min_debug_print	272	static
../sensor/sensor_hal.c:135:6:sensor_delay_ms	16	static
../sensor/sensor_hal.c:146:9:sht30_iic_init	4	static
../sensor/sensor_hal.c:152:9:sht30_iic_deinit	4	static
../sensor/sensor_hal.c:157:9:sht30_iic_write_address16	72	static
../sensor/sensor_hal.c:174:9:sht30_iic_read_address16	40	static
../sensor/sensor_hal.c:200:9:bmp388_iic_init	4	static
../sensor/sensor_hal.c:206:9:bmp388_iic_deinit	4	static
../sensor/sensor_hal.c:211:9:bmp388_iic_read	40	static
../sensor/sensor_hal.c:221:9:bmp388_iic_write	40	static
../sensor/sensor_hal.c:233:6:sht30_receive_callback	16	static
../sensor/sensor_hal.c:241:6:bmp388_receive_callback	16	static
../sensor/sensor_hal.c:246:9:bmp388_spi_init_dummy	4	static
../sensor/sensor_hal.c:247:9:bmp388_spi_deinit_dummy	4	static
../sensor/sensor_hal.c:248:9:bmp388_spi_read_dummy	16	static
../sensor/sensor_hal.c:249:9:bmp388_spi_write_dummy	16	static
