../sensor/sensor_hal.c:20:6:sensor_delay_ms	0	static
../sensor/sensor_hal.c:25:6:sensor_debug_print	144	static
../sensor/sensor_hal.c:43:6:sensor_lora_transmit	24	static
../sensor/sensor_hal.c:66:6:sensor_lora_sleep	8	static
../sensor/sensor_hal.c:76:9:sht30_iic_init	0	static
../sensor/sensor_hal.c:77:9:sht30_iic_deinit	0	static
../sensor/sensor_hal.c:79:9:sht30_iic_write_address16	40	static
../sensor/sensor_hal.c:92:9:sht30_iic_read_address16	40	static
../sensor/sensor_hal.c:106:6:sht30_receive_callback	0	static
../sensor/sensor_hal.c:111:9:bmp388_iic_init	0	static
../sensor/sensor_hal.c:112:9:bmp388_iic_deinit	0	static
../sensor/sensor_hal.c:114:9:bmp388_iic_read	24	static
../sensor/sensor_hal.c:120:9:bmp388_iic_write	24	static
../sensor/sensor_hal.c:126:6:bmp388_receive_callback	0	static
../sensor/sensor_hal.c:131:9:bmp388_spi_init_dummy	0	static
../sensor/sensor_hal.c:132:9:bmp388_spi_deinit_dummy	0	static
../sensor/sensor_hal.c:133:9:bmp388_spi_read_dummy	0	static
../sensor/sensor_hal.c:134:9:bmp388_spi_write_dummy	0	static
