../sensor/sensor_hal.c:86:16:sensor_lora_uart2_set_baud	16	static
../sensor/sensor_hal.c:33:16:sensor_lora_wait_aux_high.constprop	16	static
../sensor/sensor_hal.c:46:6:sensor_delay_ms	0	static
../sensor/sensor_hal.c:51:6:sensor_debug_print	176	static
../sensor/sensor_hal.c:72:6:sensor_lora_normal	8	static
../sensor/sensor_hal.c:79:6:sensor_lora_sleep	8	static
../sensor/sensor_hal.c:110:9:sensor_lora_write_default_config	16	static
../sensor/sensor_hal.c:161:9:sensor_lora_read_config	16	static
../sensor/sensor_hal.c:206:9:sensor_lora_transmit	16	static
../sensor/sensor_hal.c:238:9:sht30_iic_init	0	static
../sensor/sensor_hal.c:243:9:sht30_iic_deinit	0	static
../sensor/sensor_hal.c:248:9:sht30_iic_write_address16	48	static
../sensor/sensor_hal.c:272:9:sht30_iic_read_address16	40	static
../sensor/sensor_hal.c:292:6:sht30_receive_callback	0	static
../sensor/sensor_hal.c:297:9:bmp388_iic_init	0	static
../sensor/sensor_hal.c:302:9:bmp388_iic_deinit	0	static
../sensor/sensor_hal.c:307:9:bmp388_iic_read	32	static
../sensor/sensor_hal.c:320:9:bmp388_iic_write	32	static
../sensor/sensor_hal.c:333:6:bmp388_receive_callback	0	static
../sensor/sensor_hal.c:338:9:bmp388_spi_init_dummy	0	static
../sensor/sensor_hal.c:343:9:bmp388_spi_deinit_dummy	0	static
../sensor/sensor_hal.c:348:9:bmp388_spi_read_dummy	0	static
../sensor/sensor_hal.c:356:9:bmp388_spi_write_dummy	0	static
