../sensor/sensor_hal.c:20:6:sensor_delay_ms	0	static
../sensor/sensor_hal.c:25:6:sensor_debug_print	144	static
../sensor/sensor_hal.c:65:6:sensor_lora_transmit	24	static
../sensor/sensor_hal.c:92:6:sensor_lora_sleep	8	static
../sensor/sensor_hal.c:102:9:sht30_iic_init	0	static
../sensor/sensor_hal.c:103:9:sht30_iic_deinit	0	static
../sensor/sensor_hal.c:105:9:sht30_iic_write_address16	40	static
../sensor/sensor_hal.c:122:9:sht30_iic_read_address16	40	static
../sensor/sensor_hal.c:136:6:sht30_receive_callback	0	static
../sensor/sensor_hal.c:141:9:bmp388_iic_init	0	static
../sensor/sensor_hal.c:142:9:bmp388_iic_deinit	0	static
../sensor/sensor_hal.c:144:9:bmp388_iic_read	24	static
../sensor/sensor_hal.c:150:9:bmp388_iic_write	24	static
../sensor/sensor_hal.c:156:6:bmp388_receive_callback	0	static
../sensor/sensor_hal.c:161:9:bmp388_spi_init_dummy	0	static
../sensor/sensor_hal.c:162:9:bmp388_spi_deinit_dummy	0	static
../sensor/sensor_hal.c:163:9:bmp388_spi_read_dummy	0	static
../sensor/sensor_hal.c:164:9:bmp388_spi_write_dummy	0	static
