../sensor/sht30/driver_sht30.c:82:16:a_sht30_write	8	static
../sensor/sht30/driver_sht30.c:128:16:a_sht30_read	8	static
../sensor/sht30/driver_sht30.c:147:16:a_sht30_crc.constprop	0	static
../sensor/sht30/driver_sht30.c:105:16:a_sht30_write_bytes.constprop	8	static
../sensor/sht30/driver_sht30.c:175:9:sht30_init	8	static
../sensor/sht30/driver_sht30.c:249:9:sht30_deinit	16	static
../sensor/sht30/driver_sht30.c:292:9:sht30_set_addr_pin	0	static
../sensor/sht30/driver_sht30.c:314:9:sht30_get_addr_pin	0	static
../sensor/sht30/driver_sht30.c:337:9:sht30_get_status	32	static
../sensor/sht30/driver_sht30.c:385:9:sht30_clear_status	16	static
../sensor/sht30/driver_sht30.c:421:9:sht30_set_repeatability	0	static
../sensor/sht30/driver_sht30.c:447:9:sht30_get_repeatability	0	static
../sensor/sht30/driver_sht30.c:478:9:sht30_single_read	32	static
../sensor/sht30/driver_sht30.c:592:9:sht30_start_continuous_read	8	static
../sensor/sht30/driver_sht30.c:720:9:sht30_stop_continuous_read	16	static
../sensor/sht30/driver_sht30.c:760:9:sht30_continuous_read	40	static
../sensor/sht30/driver_sht30.c:815:9:sht30_set_art	16	static
../sensor/sht30/driver_sht30.c:851:9:sht30_soft_reset	16	static
../sensor/sht30/driver_sht30.c:888:9:sht30_set_heater	8	static
../sensor/sht30/driver_sht30.c:938:9:sht30_get_serial_number	32	static
../sensor/sht30/driver_sht30.c:993:9:sht30_set_high_alert_limit	24	static
../sensor/sht30/driver_sht30.c:1047:9:sht30_get_high_alert_limit	32	static
../sensor/sht30/driver_sht30.c:1109:9:sht30_set_low_alert_limit	24	static
../sensor/sht30/driver_sht30.c:1163:9:sht30_get_low_alert_limit	32	static
../sensor/sht30/driver_sht30.c:1225:9:sht30_alert_limit_convert_to_register	16	static
../sensor/sht30/driver_sht30.c:1258:9:sht30_irq_handler	24	static
../sensor/sht30/driver_sht30.c:1338:9:sht30_set_reg	0	static
../sensor/sht30/driver_sht30.c:1365:9:sht30_get_reg	4	static
../sensor/sht30/driver_sht30.c:1387:9:sht30_info	8	static
