../sensor/bmp388/driver_bmp388.c:116:16:a_bmp388_iic_spi_read	32	static
../sensor/bmp388/driver_bmp388.c:154:16:a_bmp388_iic_spi_write	40	static
../sensor/bmp388/driver_bmp388.c:196:16:a_bmp388_get_calibration_data	24	static
../sensor/bmp388/driver_bmp388.c:310:16:a_bmp388_compensate_temperature	176	static
../sensor/bmp388/driver_bmp388.c:340:16:a_bmp388_compensate_pressure	552	static
../sensor/bmp388/driver_bmp388.c:389:9:bmp388_get_error	24	static
../sensor/bmp388/driver_bmp388.c:424:9:bmp388_get_status	24	static
../sensor/bmp388/driver_bmp388.c:459:9:bmp388_get_sensortime	24	static
../sensor/bmp388/driver_bmp388.c:496:9:bmp388_get_event	24	static
../sensor/bmp388/driver_bmp388.c:533:9:bmp388_get_interrupt_status	24	static
../sensor/bmp388/driver_bmp388.c:568:9:bmp388_get_fifo_length	24	static
../sensor/bmp388/driver_bmp388.c:606:9:bmp388_get_fifo_data	32	static
../sensor/bmp388/driver_bmp388.c:641:9:bmp388_set_fifo_watermark	24	static
../sensor/bmp388/driver_bmp388.c:679:9:bmp388_get_fifo_watermark	24	static
../sensor/bmp388/driver_bmp388.c:716:9:bmp388_set_fifo	24	static
../sensor/bmp388/driver_bmp388.c:761:9:bmp388_get_fifo	24	static
../sensor/bmp388/driver_bmp388.c:798:9:bmp388_set_fifo_stop_on_full	24	static
../sensor/bmp388/driver_bmp388.c:843:9:bmp388_get_fifo_stop_on_full	24	static
../sensor/bmp388/driver_bmp388.c:880:9:bmp388_set_fifo_sensortime_on	24	static
../sensor/bmp388/driver_bmp388.c:925:9:bmp388_get_fifo_sensortime_on	24	static
../sensor/bmp388/driver_bmp388.c:962:9:bmp388_set_fifo_pressure_on	24	static
../sensor/bmp388/driver_bmp388.c:1007:9:bmp388_get_fifo_pressure_on	24	static
../sensor/bmp388/driver_bmp388.c:1044:9:bmp388_set_fifo_temperature_on	24	static
../sensor/bmp388/driver_bmp388.c:1089:9:bmp388_get_fifo_temperature_on	24	static
../sensor/bmp388/driver_bmp388.c:1126:9:bmp388_set_fifo_subsampling	24	static
../sensor/bmp388/driver_bmp388.c:1177:9:bmp388_get_fifo_subsampling	24	static
../sensor/bmp388/driver_bmp388.c:1214:9:bmp388_set_fifo_data_source	24	static
../sensor/bmp388/driver_bmp388.c:1259:9:bmp388_get_fifo_data_source	24	static
../sensor/bmp388/driver_bmp388.c:1296:9:bmp388_set_interrupt_pin_type	24	static
../sensor/bmp388/driver_bmp388.c:1341:9:bmp388_get_interrupt_pin_type	24	static
../sensor/bmp388/driver_bmp388.c:1378:9:bmp388_set_interrupt_active_level	24	static
../sensor/bmp388/driver_bmp388.c:1423:9:bmp388_get_interrupt_active_level	24	static
../sensor/bmp388/driver_bmp388.c:1460:9:bmp388_set_latch_interrupt_pin_and_interrupt_status	24	static
../sensor/bmp388/driver_bmp388.c:1505:9:bmp388_get_latch_interrupt_pin_and_interrupt_status	24	static
../sensor/bmp388/driver_bmp388.c:1542:9:bmp388_set_interrupt_fifo_watermark	24	static
../sensor/bmp388/driver_bmp388.c:1587:9:bmp388_get_interrupt_fifo_watermark	24	static
../sensor/bmp388/driver_bmp388.c:1624:9:bmp388_set_interrupt_fifo_full	24	static
../sensor/bmp388/driver_bmp388.c:1669:9:bmp388_get_interrupt_fifo_full	24	static
../sensor/bmp388/driver_bmp388.c:1706:9:bmp388_set_interrupt_data_ready	24	static
../sensor/bmp388/driver_bmp388.c:1751:9:bmp388_get_interrupt_data_ready	24	static
../sensor/bmp388/driver_bmp388.c:1788:9:bmp388_set_spi_wire	24	static
../sensor/bmp388/driver_bmp388.c:1833:9:bmp388_get_spi_wire	24	static
../sensor/bmp388/driver_bmp388.c:1870:9:bmp388_set_iic_watchdog_timer	24	static
../sensor/bmp388/driver_bmp388.c:1915:9:bmp388_get_iic_watchdog_timer	24	static
../sensor/bmp388/driver_bmp388.c:1952:9:bmp388_set_iic_watchdog_period	24	static
../sensor/bmp388/driver_bmp388.c:1997:9:bmp388_get_iic_watchdog_period	24	static
../sensor/bmp388/driver_bmp388.c:2034:9:bmp388_set_pressure	24	static
../sensor/bmp388/driver_bmp388.c:2079:9:bmp388_get_pressure	24	static
../sensor/bmp388/driver_bmp388.c:2116:9:bmp388_set_temperature	24	static
../sensor/bmp388/driver_bmp388.c:2161:9:bmp388_get_temperature	24	static
../sensor/bmp388/driver_bmp388.c:2198:9:bmp388_set_mode	24	static
../sensor/bmp388/driver_bmp388.c:2243:9:bmp388_get_mode	24	static
../sensor/bmp388/driver_bmp388.c:2280:9:bmp388_set_pressure_oversampling	24	static
../sensor/bmp388/driver_bmp388.c:2325:9:bmp388_get_pressure_oversampling	24	static
../sensor/bmp388/driver_bmp388.c:2362:9:bmp388_set_temperature_oversampling	24	static
../sensor/bmp388/driver_bmp388.c:2407:9:bmp388_get_temperature_oversampling	24	static
../sensor/bmp388/driver_bmp388.c:2444:9:bmp388_set_odr	24	static
../sensor/bmp388/driver_bmp388.c:2490:9:bmp388_get_odr	24	static
../sensor/bmp388/driver_bmp388.c:2527:9:bmp388_set_filter_coefficient	24	static
../sensor/bmp388/driver_bmp388.c:2573:9:bmp388_get_filter_coefficient	24	static
../sensor/bmp388/driver_bmp388.c:2609:9:bmp388_flush_fifo	24	static
../sensor/bmp388/driver_bmp388.c:2645:9:bmp388_softreset	24	static
../sensor/bmp388/driver_bmp388.c:2681:9:bmp388_extmode_en_middle	24	static
../sensor/bmp388/driver_bmp388.c:2717:16:a_bmp388_close	16	static
../sensor/bmp388/driver_bmp388.c:2760:9:bmp388_init	24	static
../sensor/bmp388/driver_bmp388.c:2906:9:bmp388_deinit	24	static
../sensor/bmp388/driver_bmp388.c:2960:9:bmp388_read_temperature	56	static
../sensor/bmp388/driver_bmp388.c:3112:9:bmp388_read_pressure	56	static
../sensor/bmp388/driver_bmp388.c:3314:9:bmp388_read_temperature_pressure	72	static
../sensor/bmp388/driver_bmp388.c:3519:9:bmp388_irq_handler	24	static
../sensor/bmp388/driver_bmp388.c:3574:9:bmp388_set_addr_pin	16	static
../sensor/bmp388/driver_bmp388.c:3595:9:bmp388_get_addr_pin	16	static
../sensor/bmp388/driver_bmp388.c:3616:9:bmp388_set_interface	16	static
../sensor/bmp388/driver_bmp388.c:3637:9:bmp388_get_interface	16	static
../sensor/bmp388/driver_bmp388.c:3661:9:bmp388_read_fifo	32	static
../sensor/bmp388/driver_bmp388.c:3731:9:bmp388_fifo_parse	40	static
../sensor/bmp388/driver_bmp388.c:3857:9:bmp388_set_reg	16	static
../sensor/bmp388/driver_bmp388.c:3883:9:bmp388_get_reg	24	static
../sensor/bmp388/driver_bmp388.c:3905:9:bmp388_info	16	static
