../sensor/bmp388/driver_bmp388.c:154:16:a_bmp388_iic_spi_write	24	static
../sensor/bmp388/driver_bmp388.c:309:16:a_bmp388_compensate_temperature	20	static
../sensor/bmp388/driver_bmp388.c:339:16:a_bmp388_compensate_pressure	32	static
../sensor/bmp388/driver_bmp388.c:2716:16:a_bmp388_close	8	static
../sensor/bmp388/driver_bmp388.c:116:16:a_bmp388_iic_spi_read	24	static
../sensor/bmp388/driver_bmp388.c:388:9:bmp388_get_error	16	static
../sensor/bmp388/driver_bmp388.c:423:9:bmp388_get_status	16	static
../sensor/bmp388/driver_bmp388.c:458:9:bmp388_get_sensortime	24	static
../sensor/bmp388/driver_bmp388.c:495:9:bmp388_get_event	24	static
../sensor/bmp388/driver_bmp388.c:532:9:bmp388_get_interrupt_status	16	static
../sensor/bmp388/driver_bmp388.c:567:9:bmp388_get_fifo_length	24	static
../sensor/bmp388/driver_bmp388.c:605:9:bmp388_get_fifo_data	16	static
../sensor/bmp388/driver_bmp388.c:640:9:bmp388_set_fifo_watermark	24	static
../sensor/bmp388/driver_bmp388.c:678:9:bmp388_get_fifo_watermark	24	static
../sensor/bmp388/driver_bmp388.c:715:9:bmp388_set_fifo	24	static
../sensor/bmp388/driver_bmp388.c:760:9:bmp388_get_fifo	24	static
../sensor/bmp388/driver_bmp388.c:797:9:bmp388_set_fifo_stop_on_full	24	static
../sensor/bmp388/driver_bmp388.c:842:9:bmp388_get_fifo_stop_on_full	24	static
../sensor/bmp388/driver_bmp388.c:879:9:bmp388_set_fifo_sensortime_on	24	static
../sensor/bmp388/driver_bmp388.c:924:9:bmp388_get_fifo_sensortime_on	24	static
../sensor/bmp388/driver_bmp388.c:961:9:bmp388_set_fifo_pressure_on	24	static
../sensor/bmp388/driver_bmp388.c:1006:9:bmp388_get_fifo_pressure_on	24	static
../sensor/bmp388/driver_bmp388.c:1043:9:bmp388_set_fifo_temperature_on	24	static
../sensor/bmp388/driver_bmp388.c:1088:9:bmp388_get_fifo_temperature_on	24	static
../sensor/bmp388/driver_bmp388.c:1125:9:bmp388_set_fifo_subsampling	24	static
../sensor/bmp388/driver_bmp388.c:1176:9:bmp388_get_fifo_subsampling	24	static
../sensor/bmp388/driver_bmp388.c:1213:9:bmp388_set_fifo_data_source	24	static
../sensor/bmp388/driver_bmp388.c:1258:9:bmp388_get_fifo_data_source	24	static
../sensor/bmp388/driver_bmp388.c:1295:9:bmp388_set_interrupt_pin_type	24	static
../sensor/bmp388/driver_bmp388.c:1340:9:bmp388_get_interrupt_pin_type	24	static
../sensor/bmp388/driver_bmp388.c:1377:9:bmp388_set_interrupt_active_level	24	static
../sensor/bmp388/driver_bmp388.c:1422:9:bmp388_get_interrupt_active_level	24	static
../sensor/bmp388/driver_bmp388.c:1459:9:bmp388_set_latch_interrupt_pin_and_interrupt_status	24	static
../sensor/bmp388/driver_bmp388.c:1504:9:bmp388_get_latch_interrupt_pin_and_interrupt_status	24	static
../sensor/bmp388/driver_bmp388.c:1541:9:bmp388_set_interrupt_fifo_watermark	24	static
../sensor/bmp388/driver_bmp388.c:1586:9:bmp388_get_interrupt_fifo_watermark	24	static
../sensor/bmp388/driver_bmp388.c:1623:9:bmp388_set_interrupt_fifo_full	24	static
../sensor/bmp388/driver_bmp388.c:1668:9:bmp388_get_interrupt_fifo_full	24	static
../sensor/bmp388/driver_bmp388.c:1705:9:bmp388_set_interrupt_data_ready	24	static
../sensor/bmp388/driver_bmp388.c:1750:9:bmp388_get_interrupt_data_ready	24	static
../sensor/bmp388/driver_bmp388.c:1787:9:bmp388_set_spi_wire	24	static
../sensor/bmp388/driver_bmp388.c:1832:9:bmp388_get_spi_wire	24	static
../sensor/bmp388/driver_bmp388.c:1869:9:bmp388_set_iic_watchdog_timer	24	static
../sensor/bmp388/driver_bmp388.c:1914:9:bmp388_get_iic_watchdog_timer	24	static
../sensor/bmp388/driver_bmp388.c:1951:9:bmp388_set_iic_watchdog_period	24	static
../sensor/bmp388/driver_bmp388.c:1996:9:bmp388_get_iic_watchdog_period	24	static
../sensor/bmp388/driver_bmp388.c:2033:9:bmp388_set_pressure	24	static
../sensor/bmp388/driver_bmp388.c:2078:9:bmp388_get_pressure	24	static
../sensor/bmp388/driver_bmp388.c:2115:9:bmp388_set_temperature	24	static
../sensor/bmp388/driver_bmp388.c:2160:9:bmp388_get_temperature	24	static
../sensor/bmp388/driver_bmp388.c:2197:9:bmp388_set_mode	24	static
../sensor/bmp388/driver_bmp388.c:2242:9:bmp388_get_mode	24	static
../sensor/bmp388/driver_bmp388.c:2279:9:bmp388_set_pressure_oversampling	24	static
../sensor/bmp388/driver_bmp388.c:2324:9:bmp388_get_pressure_oversampling	24	static
../sensor/bmp388/driver_bmp388.c:2361:9:bmp388_set_temperature_oversampling	24	static
../sensor/bmp388/driver_bmp388.c:2406:9:bmp388_get_temperature_oversampling	24	static
../sensor/bmp388/driver_bmp388.c:2443:9:bmp388_set_odr	24	static
../sensor/bmp388/driver_bmp388.c:2489:9:bmp388_get_odr	24	static
../sensor/bmp388/driver_bmp388.c:2526:9:bmp388_set_filter_coefficient	24	static
../sensor/bmp388/driver_bmp388.c:2572:9:bmp388_get_filter_coefficient	24	static
../sensor/bmp388/driver_bmp388.c:2608:9:bmp388_flush_fifo	24	static
../sensor/bmp388/driver_bmp388.c:2644:9:bmp388_softreset	24	static
../sensor/bmp388/driver_bmp388.c:2680:9:bmp388_extmode_en_middle	24	static
../sensor/bmp388/driver_bmp388.c:2759:9:bmp388_init	16	static
../sensor/bmp388/driver_bmp388.c:2905:9:bmp388_deinit	24	static
../sensor/bmp388/driver_bmp388.c:2959:9:bmp388_read_temperature	32	static
../sensor/bmp388/driver_bmp388.c:3111:9:bmp388_read_pressure	32	static
../sensor/bmp388/driver_bmp388.c:3313:9:bmp388_read_temperature_pressure	40	static
../sensor/bmp388/driver_bmp388.c:3518:9:bmp388_irq_handler	24	static
../sensor/bmp388/driver_bmp388.c:3573:9:bmp388_set_addr_pin	0	static
../sensor/bmp388/driver_bmp388.c:3594:9:bmp388_get_addr_pin	0	static
../sensor/bmp388/driver_bmp388.c:3615:9:bmp388_set_interface	0	static
../sensor/bmp388/driver_bmp388.c:3636:9:bmp388_get_interface	0	static
../sensor/bmp388/driver_bmp388.c:3660:9:bmp388_read_fifo	24	static
../sensor/bmp388/driver_bmp388.c:3730:9:bmp388_fifo_parse	48	static
../sensor/bmp388/driver_bmp388.c:3856:9:bmp388_set_reg	16	static
../sensor/bmp388/driver_bmp388.c:3882:9:bmp388_get_reg	0	static
../sensor/bmp388/driver_bmp388.c:3904:9:bmp388_info	8	static
