../Core/Src/main.c:191:13:App_Backup_Enable	8	static
../Core/Src/main.c:133:13:App_Delay_With_Watchdog	16	static
../Core/Src/main.c:361:13:App_Enter_Standby	8	static,ignoring_inline_asm
../Core/Src/main.c:108:13:debug_dump_hex.part.0	16	static
../Core/Src/main.c:295:16:App_RTC_Schedule_Next_Alarm.constprop	48	static
../Core/Src/main.c:338:6:HAL_RTC_AlarmAEventCallback	0	static
../Core/Src/main.c:609:6:SystemClock_Config	96	static,ignoring_inline_asm
../Core/Src/main.c:500:5:main	200	static,ignoring_inline_asm
../Core/Src/main.c:952:6:Error_Handler	0	static,ignoring_inline_asm
