../Core/Src/main.c:193:13:App_Backup_Enable	8	static
../Core/Src/main.c:133:13:App_Delay_With_Watchdog	16	static
../Core/Src/main.c:363:13:App_Enter_Standby	8	static,ignoring_inline_asm
../Core/Src/main.c:108:13:debug_dump_hex.part.0	16	static
../Core/Src/main.c:297:16:App_RTC_Schedule_Next_Alarm.constprop	48	static
../Core/Src/main.c:340:6:HAL_RTC_AlarmAEventCallback	0	static
../Core/Src/main.c:610:6:SystemClock_Config	96	static,ignoring_inline_asm
../Core/Src/main.c:501:5:main	192	static,ignoring_inline_asm
../Core/Src/main.c:952:6:Error_Handler	0	static,ignoring_inline_asm
