Archive member included to satisfy reference by file (symbol)

C:/ST/STM32CubeIDE_1.19.0/STM32CubeIDE/plugins/com.st.stm32cube.ide.mcu.externaltools.gnu-tools-for-stm32.13.3.rel1.win32_1.0.100.202509120712/tools/bin/../lib/gcc/arm-none-eabi/13.3.1/../../../../arm-none-eabi/lib/thumb/v7-m/nofp\libc_nano.a(libc_a-exit.o)
                              C:/ST/STM32CubeIDE_1.19.0/STM32CubeIDE/plugins/com.st.stm32cube.ide.mcu.externaltools.gnu-tools-for-stm32.13.3.rel1.win32_1.0.100.202509120712/tools/bin/../lib/gcc/arm-none-eabi/13.3.1/../../../../arm-none-eabi/lib/thumb/v7-m/nofp/crt0.o (exit)
C:/ST/STM32CubeIDE_1.19.0/STM32CubeIDE/plugins/com.st.stm32cube.ide.mcu.externaltools.gnu-tools-for-stm32.13.3.rel1.win32_1.0.100.202509120712/tools/bin/../lib/gcc/arm-none-eabi/13.3.1/../../../../arm-none-eabi/lib/thumb/v7-m/nofp\libc_nano.a(libc_a-findfp.o)
                              C:/ST/STM32CubeIDE_1.19.0/STM32CubeIDE/plugins/com.st.stm32cube.ide.mcu.externaltools.gnu-tools-for-stm32.13.3.rel1.win32_1.0.100.202509120712/tools/bin/../lib/gcc/arm-none-eabi/13.3.1/../../../../arm-none-eabi/lib/thumb/v7-m/nofp\libc_nano.a(libc_a-exit.o) (__stdio_exit_handler)
C:/ST/STM32CubeIDE_1.19.0/STM32CubeIDE/plugins/com.st.stm32cube.ide.mcu.externaltools.gnu-tools-for-stm32.13.3.rel1.win32_1.0.100.202509120712/tools/bin/../lib/gcc/arm-none-eabi/13.3.1/../../../../arm-none-eabi/lib/thumb/v7-m/nofp\libc_nano.a(libc_a-fwalk.o)
                              C:/ST/STM32CubeIDE_1.19.0/STM32CubeIDE/plugins/com.st.stm32cube.ide.mcu.externaltools.gnu-tools-for-stm32.13.3.rel1.win32_1.0.100.202509120712/tools/bin/../lib/gcc/arm-none-eabi/13.3.1/../../../../arm-none-eabi/lib/thumb/v7-m/nofp\libc_nano.a(libc_a-findfp.o) (_fwalk_sglue)
C:/ST/STM32CubeIDE_1.19.0/STM32CubeIDE/plugins/com.st.stm32cube.ide.mcu.externaltools.gnu-tools-for-stm32.13.3.rel1.win32_1.0.100.202509120712/tools/bin/../lib/gcc/arm-none-eabi/13.3.1/../../../../arm-none-eabi/lib/thumb/v7-m/nofp\libc_nano.a(libc_a-stdio.o)
                              C:/ST/STM32CubeIDE_1.19.0/STM32CubeIDE/plugins/com.st.stm32cube.ide.mcu.externaltools.gnu-tools-for-stm32.13.3.rel1.win32_1.0.100.202509120712/tools/bin/../lib/gcc/arm-none-eabi/13.3.1/../../../../arm-none-eabi/lib/thumb/v7-m/nofp\libc_nano.a(libc_a-findfp.o) (__sread)
C:/ST/STM32CubeIDE_1.19.0/STM32CubeIDE/plugins/com.st.stm32cube.ide.mcu.externaltools.gnu-tools-for-stm32.13.3.rel1.win32_1.0.100.202509120712/tools/bin/../lib/gcc/arm-none-eabi/13.3.1/../../../../arm-none-eabi/lib/thumb/v7-m/nofp\libc_nano.a(libc_a-vsnprintf.o)
                              ./sensor/sensor_hal.o (vsnprintf)
C:/ST/STM32CubeIDE_1.19.0/STM32CubeIDE/plugins/com.st.stm32cube.ide.mcu.externaltools.gnu-tools-for-stm32.13.3.rel1.win32_1.0.100.202509120712/tools/bin/../lib/gcc/arm-none-eabi/13.3.1/../../../../arm-none-eabi/lib/thumb/v7-m/nofp\libc_nano.a(libc_a-memset.o)
                              C:/ST/STM32CubeIDE_1.19.0/STM32CubeIDE/plugins/com.st.stm32cube.ide.mcu.externaltools.gnu-tools-for-stm32.13.3.rel1.win32_1.0.100.202509120712/tools/bin/../lib/gcc/arm-none-eabi/13.3.1/../../../../arm-none-eabi/lib/thumb/v7-m/nofp/crt0.o (memset)
C:/ST/STM32CubeIDE_1.19.0/STM32CubeIDE/plugins/com.st.stm32cube.ide.mcu.externaltools.gnu-tools-for-stm32.13.3.rel1.win32_1.0.100.202509120712/tools/bin/../lib/gcc/arm-none-eabi/13.3.1/../../../../arm-none-eabi/lib/thumb/v7-m/nofp\libc_nano.a(libc_a-strncpy.o)
                              ./sensor/bmp388/driver_bmp388.o (strncpy)
C:/ST/STM32CubeIDE_1.19.0/STM32CubeIDE/plugins/com.st.stm32cube.ide.mcu.externaltools.gnu-tools-for-stm32.13.3.rel1.win32_1.0.100.202509120712/tools/bin/../lib/gcc/arm-none-eabi/13.3.1/../../../../arm-none-eabi/lib/thumb/v7-m/nofp\libc_nano.a(libc_a-closer.o)
                              C:/ST/STM32CubeIDE_1.19.0/STM32CubeIDE/plugins/com.st.stm32cube.ide.mcu.externaltools.gnu-tools-for-stm32.13.3.rel1.win32_1.0.100.202509120712/tools/bin/../lib/gcc/arm-none-eabi/13.3.1/../../../../arm-none-eabi/lib/thumb/v7-m/nofp\libc_nano.a(libc_a-stdio.o) (_close_r)
C:/ST/STM32CubeIDE_1.19.0/STM32CubeIDE/plugins/com.st.stm32cube.ide.mcu.externaltools.gnu-tools-for-stm32.13.3.rel1.win32_1.0.100.202509120712/tools/bin/../lib/gcc/arm-none-eabi/13.3.1/../../../../arm-none-eabi/lib/thumb/v7-m/nofp\libc_nano.a(libc_a-reent.o)
                              C:/ST/STM32CubeIDE_1.19.0/STM32CubeIDE/plugins/com.st.stm32cube.ide.mcu.externaltools.gnu-tools-for-stm32.13.3.rel1.win32_1.0.100.202509120712/tools/bin/../lib/gcc/arm-none-eabi/13.3.1/../../../../arm-none-eabi/lib/thumb/v7-m/nofp\libc_nano.a(libc_a-closer.o) (errno)
C:/ST/STM32CubeIDE_1.19.0/STM32CubeIDE/plugins/com.st.stm32cube.ide.mcu.externaltools.gnu-tools-for-stm32.13.3.rel1.win32_1.0.100.202509120712/tools/bin/../lib/gcc/arm-none-eabi/13.3.1/../../../../arm-none-eabi/lib/thumb/v7-m/nofp\libc_nano.a(libc_a-impure.o)
[...]
Memory Configuration

Name             Origin             Length             Attributes
RAM              0x20000000         0x00005000         xrw
FLASH            0x08000000         0x00010000         xr
*default*        0x00000000         0xffffffff

Linker script and memory map

LOAD C:/ST/STM32CubeIDE_1.19.0/STM32CubeIDE/plugins/com.st.stm32cube.ide.mcu.externaltools.gnu-tools-for-stm32.13.3.rel1.win32_1.0.100.202509120712/tools/bin/../lib/gcc/arm-none-eabi/13.3.1/thumb/v7-m/nofp/crti.o
LOAD C:/ST/STM32CubeIDE_1.19.0/STM32CubeIDE/plugins/com.st.stm32cube.ide.mcu.externaltools.gnu-tools-for-stm32.13.3.rel1.win32_1.0.100.202509120712/tools/bin/../lib/gcc/arm-none-eabi/13.3.1/thumb/v7-m/nofp/crtbegin.o
LOAD C:/ST/STM32CubeIDE_1.19.0/STM32CubeIDE/plugins/com.st.stm32cube.ide.mcu.externaltools.gnu-tools-for-stm32.13.3.rel1.win32_1.0.100.202509120712/tools/bin/../lib/gcc/arm-none-eabi/13.3.1/../../../../arm-none-eabi/lib/thumb/v7-m/nofp/crt0.o
LOAD ./Core/Src/main.o
LOAD ./Core/Src/stm32f1xx_hal_msp.o
LOAD ./Core/Src/stm32f1xx_it.o
LOAD ./Core/Src/syscalls.o
LOAD ./Core/Src/sysmem.o
LOAD ./Core/Src/system_stm32f1xx.o
LOAD ./Core/Startup/startup_stm32f103c8tx.o
LOAD ./Drivers/STM32F1xx_HAL_Driver/Src/stm32f1xx_hal.o
LOAD ./Drivers/STM32F1xx_HAL_Driver/Src/stm32f1xx_hal_cortex.o
LOAD ./Drivers/STM32F1xx_HAL_Driver/Src/stm32f1xx_hal_dma.o
LOAD ./Drivers/STM32F1xx_HAL_Driver/Src/stm32f1xx_hal_exti.o
LOAD ./Drivers/STM32F1xx_HAL_Driver/Src/stm32f1xx_hal_flash.o
LOAD ./Drivers/STM32F1xx_HAL_Driver/Src/stm32f1xx_hal_flash_ex.o
LOAD ./Drivers/STM32F1xx_HAL_Driver/Src/stm32f1xx_hal_gpio.o
LOAD ./Drivers/STM32F1xx_HAL_Driver/Src/stm32f1xx_hal_gpio_ex.o
LOAD ./Drivers/STM32F1xx_HAL_Driver/Src/stm32f1xx_hal_i2c.o
LOAD ./Drivers/STM32F1xx_HAL_Driver/Src/stm32f1xx_hal_iwdg.o
LOAD ./Drivers/STM32F1xx_HAL_Driver/Src/stm32f1xx_hal_pwr.o
LOAD ./Drivers/STM32F1xx_HAL_Driver/Src/stm32f1xx_hal_rcc.o
LOAD ./Drivers/STM32F1xx_HAL_Driver/Src/stm32f1xx_hal_rcc_ex.o
LOAD ./Drivers/STM32F1xx_HAL_Driver/Src/stm32f1xx_hal_rtc.o
LOAD ./Drivers/STM32F1xx_HAL_Driver/Src/stm32f1xx_hal_rtc_ex.o
LOAD ./Drivers/STM32F1xx_HAL_Driver/Src/stm32f1xx_hal_uart.o
LOAD ./ascon/aead.o
LOAD ./ascon/permutations.o
LOAD ./ascon/printstate.o
LOAD ./sensor/bmp388/driver_bmp388.o
LOAD ./sensor/sensor_hal.o
LOAD ./sensor/sensors.o
LOAD ./sensor/sht30/driver_sht30.o
START GROUP
LOAD C:/ST/STM32CubeIDE_1.19.0/STM32CubeIDE/plugins/com.st.stm32cube.ide.mcu.externaltools.gnu-tools-for-stm32.13.3.rel1.win32_1.0.100.202509120712/tools/bin/../lib/gcc/arm-none-eabi/13.3.1/../../../../arm-none-eabi/lib/thumb/v7-m/nofp\libc_nano.a
LOAD C:/ST/STM32CubeIDE_1.19.0/STM32CubeIDE/plugins/com.st.stm32cube.ide.mcu.externaltools.gnu-tools-for-stm32.13.3.rel1.win32_1.0.100.202509120712/tools/bin/../lib/gcc/arm-none-eabi/13.3.1/../../../../arm-none-eabi/lib/thumb/v7-m/nofp\libm.a
END GROUP
START GROUP
LOAD C:/ST/STM32CubeIDE_1.19.0/STM32CubeIDE/plugins/com.st.stm32cube.ide.mcu.externaltools.gnu-tools-for-stm32.13.3.rel1.win32_1.0.100.202509120712/tools/bin/../lib/gcc/arm-none-eabi/13.3.1/thumb/v7-m/nofp\libgcc.a
LOAD C:/ST/STM32CubeIDE_1.19.0/STM32CubeIDE/plugins/com.st.stm32cube.ide.mcu.externaltools.gnu-tools-for-stm32.13.3.rel1.win32_1.0.100.202509120712/tools/bin/../lib/gcc/arm-none-eabi/13.3.1/../../../../arm-none-eabi/lib/thumb/v7-m/nofp\libc_nano.a
END GROUP
START GROUP
LOAD C:/ST/STM32CubeIDE_1.19.0/STM32CubeIDE/plugins/com.st.stm32cube.ide.mcu.externaltools.gnu-tools-for-stm32.13.3.rel1.win32_1.0.100.202509120712/tools/bin/../lib/gcc/arm-none-eabi/13.3.1/thumb/v7-m/nofp\libgcc.a
LOAD C:/ST/STM32CubeIDE_1.19.0/STM32CubeIDE/plugins/com.st.stm32cube.ide.mcu.externaltools.gnu-tools-for-stm32.13.3.rel1.win32_1.0.100.202509120712/tools/bin/../lib/gcc/arm-none-eabi/13.3.1/../../../../arm-none-eabi/lib/thumb/v7-m/nofp\libc_nano.a
LOAD C:/ST/STM32CubeIDE_1.19.0/STM32CubeIDE/plugins/com.st.stm32cube.ide.mcu.externaltools.gnu-tools-for-stm32.13.3.rel1.win32_1.0.100.202509120712/tools/bin/../lib/gcc/arm-none-eabi/13.3.1/../../../../arm-none-eabi/lib/thumb/v7-m/nofp\libnosys.a
END GROUP
START GROUP
LOAD C:/ST/STM32CubeIDE_1.19.0/STM32CubeIDE/plugins/com.st.stm32cube.ide.mcu.externaltools.gnu-tools-for-stm32.13.3.rel1.win32_1.0.100.202509120712/tools/bin/../lib/gcc/arm-none-eabi/13.3.1/thumb/v7-m/nofp\libgcc.a
LOAD C:/ST/STM32CubeIDE_1.19.0/STM32CubeIDE/plugins/com.st.stm32cube.ide.mcu.externaltools.gnu-tools-for-stm32.13.3.rel1.win32_1.0.100.202509120712/tools/bin/../lib/gcc/arm-none-eabi/13.3.1/../../../../arm-none-eabi/lib/thumb/v7-m/nofp\libc_nano.a
LOAD C:/ST/STM32CubeIDE_1.19.0/STM32CubeIDE/plugins/com.st.stm32cube.ide.mcu.externaltools.gnu-tools-for-stm32.13.3.rel1.win32_1.0.100.202509120712/tools/bin/../lib/gcc/arm-none-eabi/13.3.1/../../../../arm-none-eabi/lib/thumb/v7-m/nofp\libnosys.a
END GROUP
LOAD C:/ST/STM32CubeIDE_1.19.0/STM32CubeIDE/plugins/com.st.stm32cube.ide.mcu.externaltools.gnu-tools-for-stm32.13.3.rel1.win32_1.0.100.202509120712/tools/bin/../lib/gcc/arm-none-eabi/13.3.1/thumb/v7-m/nofp/crtend.o
LOAD C:/ST/STM32CubeIDE_1.19.0/STM32CubeIDE/plugins/com.st.stm32cube.ide.mcu.externaltools.gnu-tools-for-stm32.13.3.rel1.win32_1.0.100.202509120712/tools/bin/../lib/gcc/arm-none-eabi/13.3.1/thumb/v7-m/nofp/crtn.o
                0x20005000                        _estack = (ORIGIN (RAM) + LENGTH (RAM))
                0x00000200                        _Min_Heap_Size = 0x200
                0x00000400                        _Min_Stack_Size = 0x400

.isr_vector     0x08000000      0x10c
                0x08000000                        . = ALIGN (0x4)
 *(.isr_vector)
 .isr_vector    0x08000000      0x10c ./Core/Startup/startup_stm32f103c8tx.o
                0x08000000                g_pfnVectors
                0x0800010c                        . = ALIGN (0x4)

.text           0x08000110     0x8130
                0x08000110                        . = ALIGN (0x4)
 *(.text)
 .text          0x08000110       0x40 C:/ST/STM32CubeIDE_1.19.0/STM32CubeIDE/plugins/com.st.stm32cube.ide.mcu.externaltools.gnu-tools-for-stm32.13.3.rel1.win32_1.0.100.202509120712/tools/bin/../lib/gcc/arm-none-eabi/13.3.1/thumb/v7-m/nofp/crtbegin.o
 .text          0x08000150      0x378 C:/ST/STM32CubeIDE_1.19.0/STM32CubeIDE/plugins/com.st.stm32cube.ide.mcu.externaltools.gnu-tools-for-stm32.13.3.rel1.win32_1.0.100.202509120712/tools/bin/../lib/gcc/arm-none-eabi/13.3.1/thumb/v7-m/nofp\libgcc.a(_arm_addsubdf3.o)
                0x08000150                __aeabi_drsub
                0x08000158                __aeabi_dsub
                0x08000158                __subdf3
                0x0800015c                __aeabi_dadd
                0x0800015c                __adddf3
                0x080003d4                __floatunsidf
                0x080003d4                __aeabi_ui2d
                0x080003f4                __floatsidf
                0x080003f4                __aeabi_i2d
                0x08000418                __aeabi_f2d
                0x08000418                __extendsfdf2
                0x0800045c                __floatundidf
                0x0800045c                __aeabi_ul2d
                0x0800046c                __floatdidf
                0x0800046c                __aeabi_l2d
 .text          0x080004c8      0x424 C:/ST/STM32CubeIDE_1.19.0/STM32CubeIDE/plugins/com.st.stm32cube.ide.mcu.externaltools.gnu-tools-for-stm32.13.3.rel1.win32_1.0.100.202509120712/tools/bin/../lib/gcc/arm-none-eabi/13.3.1/thumb/v7-m/nofp\libgcc.a(_arm_muldivdf3.o)
                0x080004c8                __aeabi_dmul
                0x080004c8                __muldf3
                0x0800071c                __divdf3
                0x0800071c                __aeabi_ddiv
 .text          0x080008ec       0xa0 C:/ST/STM32CubeIDE_1.19.0/STM32CubeIDE/plugins/com.st.stm32cube.ide.mcu.externaltools.gnu-tools-for-stm32.13.3.rel1.win32_1.0.100.202509120712/tools/bin/../lib/gcc/arm-none-eabi/13.3.1/thumb/v7-m/nofp\libgcc.a(_arm_truncdfsf2.o)
                0x080008ec                __truncdfsf2
                0x080008ec                __aeabi_d2f
 .text          0x0800098c      0x21c C:/ST/STM32CubeIDE_1.19.0/STM32CubeIDE/plugins/com.st.stm32cube.ide.mcu.externaltools.gnu-tools-for-stm32.13.3.rel1.win32_1.0.100.202509120712/tools/bin/../lib/gcc/arm-none-eabi/13.3.1/thumb/v7-m/nofp\libgcc.a(_arm_addsubsf3.o)
                0x0800098c                __aeabi_frsub
                0x08000994                __subsf3
                0x08000994                __aeabi_fsub
                0x08000998                __aeabi_fadd
                0x08000998                __addsf3
                0x08000af8                __aeabi_ui2f
                0x08000af8                __floatunsisf
                0x08000b00                __aeabi_i2f
                0x08000b00                __floatsisf
                0x08000b1c                __aeabi_ul2f
                0x08000b1c                __floatundisf
                0x08000b2c                __aeabi_l2f
                0x08000b2c                __floatdisf
 .text          0x08000ba8      0x2a0 C:/ST/STM32CubeIDE_1.19.0/STM32CubeIDE/plugins/com.st.stm32cube.ide.mcu.externaltools.gnu-tools-for-stm32.13.3.rel1.win32_1.0.100.202509120712/tools/bin/../lib/gcc/arm-none-eabi/13.3.1/thumb/v7-m/nofp\libgcc.a(_arm_muldivsf3.o)
                0x08000ba8                __mulsf3
                0x08000ba8                __aeabi_fmul
                0x08000d10                __aeabi_fdiv
                0x08000d10                __divsf3
 .text          0x08000e48       0xec C:/ST/STM32CubeIDE_1.19.0/STM32CubeIDE/plugins/com.st.stm32cube.ide.mcu.externaltools.gnu-tools-for-stm32.13.3.rel1.win32_1.0.100.202509120712/tools/bin/../lib/gcc/arm-none-eabi/13.3.1/thumb/v7-m/nofp\libgcc.a(_arm_cmpsf2.o)
                0x08000e48                __gesf2
                0x08000e48                __gtsf2
                0x08000e50                __lesf2
                0x08000e50                __ltsf2
                0x08000e58                __nesf2
                0x08000e58                __eqsf2
                0x08000e58                __cmpsf2
                0x08000eb8                __aeabi_cfrcmple
                0x08000ec0                __aeabi_cfcmpeq
                0x08000ec0                __aeabi_cfcmple
                0x08000ed0                __aeabi_fcmpeq
                0x08000ee4                __aeabi_fcmplt
                0x08000ef8                __aeabi_fcmple
                0x08000f0c                __aeabi_fcmpge
                0x08000f20                __aeabi_fcmpgt
 .text          0x08000f34       0x4c C:/ST/STM32CubeIDE_1.19.0/STM32CubeIDE/plugins/com.st.stm32cube.ide.mcu.externaltools.gnu-tools-for-stm32.13.3.rel1.win32_1.0.100.202509120712/tools/bin/../lib/gcc/arm-none-eabi/13.3.1/thumb/v7-m/nofp\libgcc.a(_arm_fixsfsi.o)
                0x08000f34                __aeabi_f2iz
                0x08000f34                __fixsfsi
 .text          0x08000f80       0x40 C:/ST/STM32CubeIDE_1.19.0/STM32CubeIDE/plugins/com.st.stm32cube.ide.mcu.externaltools.gnu-tools-for-stm32.13.3.rel1.win32_1.0.100.202509120712/tools/bin/../lib/gcc/arm-none-eabi/13.3.1/thumb/v7-m/nofp\libgcc.a(_arm_fixunssfsi.o)
                0x08000f80                __fixunssfsi
                0x08000f80                __aeabi_f2uiz
 *(.text*)
 .text.App_Delay_With_Watchdog
                0x08000fc0       0x2c ./Core/Src/main.o
 .text.debug_dump_hex.part.0
                0x08000fec       0x38 ./Core/Src/main.o
 .text.App_RTC_Schedule_Next_Alarm.constprop.0
                0x08001024       0xc0 ./Core/Src/main.o
 .text.HAL_RTC_AlarmAEventCallback
                0x080010e4       0x24 ./Core/Src/main.o
                0x080010e4                HAL_RTC_AlarmAEventCallback
 .text.SystemClock_Config
                0x08001108       0x82 ./Core/Src/main.o
                0x08001108                SystemClock_Config
 *fill*         0x0800118a        0x2 
 .text.startup.main
                0x0800118c      0x498 ./Core/Src/main.o
                0x0800118c                main
 .text.HAL_MspInit
                0x08001624       0x44 ./Core/Src/stm32f1xx_hal_msp.o
                0x08001624                HAL_MspInit
 .text.HAL_I2C_MspInit
                0x08001668       0xcc ./Core/Src/stm32f1xx_hal_msp.o
                0x08001668                HAL_I2C_MspInit
 .text.HAL_RTC_MspInit
                0x08001734       0x54 ./Core/Src/stm32f1xx_hal_msp.o
                0x08001734                HAL_RTC_MspInit
 .text.HAL_UART_MspInit
                0x08001788       0xc4 ./Core/Src/stm32f1xx_hal_msp.o
                0x08001788                HAL_UART_MspInit
 .text.HAL_UART_MspDeInit
                0x0800184c       0x44 ./Core/Src/stm32f1xx_hal_msp.o
                0x0800184c                HAL_UART_MspDeInit
 .text.NMI_Handler
                0x08001890        0x2 ./Core/Src/stm32f1xx_it.o
                0x08001890                NMI_Handler
 .text.HardFault_Handler
                0x08001892        0x2 ./Core/Src/stm32f1xx_it.o
                0x08001892                HardFault_Handler
 .text.MemManage_Handler
                0x08001894        0x2 ./Core/Src/stm32f1xx_it.o
                0x08001894                MemManage_Handler
 .text.BusFault_Handler
                0x08001896        0x2 ./Core/Src/stm32f1xx_it.o
                0x08001896                BusFault_Handler
 .text.UsageFault_Handler
                0x08001898        0x2 ./Core/Src/stm32f1xx_it.o
                0x08001898                UsageFault_Handler
 .text.SVC_Handler
                0x0800189a        0x2 ./Core/Src/stm32f1xx_it.o
                0x0800189a                SVC_Handler
 .text.DebugMon_Handler
                0x0800189c        0x2 ./Core/Src/stm32f1xx_it.o
                0x0800189c                DebugMon_Handler
 .text.PendSV_Handler
                0x0800189e        0x2 ./Core/Src/stm32f1xx_it.o
                0x0800189e                PendSV_Handler
 .text.SysTick_Handler
                0x080018a0        0x4 ./Core/Src/stm32f1xx_it.o
                0x080018a0                SysTick_Handler
 .text.I2C1_EV_IRQHandler
                0x080018a4        0xc ./Core/Src/stm32f1xx_it.o
                0x080018a4                I2C1_EV_IRQHandler
 .text.I2C1_ER_IRQHandler
                0x080018b0        0xc ./Core/Src/stm32f1xx_it.o
                0x080018b0                I2C1_ER_IRQHandler
 .text.RTC_Alarm_IRQHandler
                0x080018bc        0xc ./Core/Src/stm32f1xx_it.o
                0x080018bc                RTC_Alarm_IRQHandler
 .text._sbrk    0x080018c8       0x40 ./Core/Src/sysmem.o
                0x080018c8                _sbrk
 .text.SystemInit
                0x08001908        0x2 ./Core/Src/system_stm32f1xx.o
                0x08001908                SystemInit
 *fill*         0x0800190a        0x2 
 .text.Reset_Handler
                0x0800190c       0x48 ./Core/Startup/startup_stm32f103c8tx.o
                0x0800190c                Reset_Handler
 .text.Default_Handler
                0x08001954        0x2 ./Core/Startup/startup_stm32f103c8tx.o
                0x08001954                EXTI2_IRQHandler
                0x08001954                TIM1_CC_IRQHandler
                0x08001954                PVD_IRQHandler
                0x08001954                EXTI3_IRQHandler
                0x08001954                EXTI0_IRQHandler
                0x08001954                I2C2_EV_IRQHandler
                0x08001954                ADC1_2_IRQHandler
                0x08001954                SPI1_IRQHandler
                0x08001954                TAMPER_IRQHandler
                0x08001954                DMA1_Channel4_IRQHandler
                0x08001954                USART3_IRQHandler
                0x08001954                RTC_IRQHandler
                0x08001954                DMA1_Channel7_IRQHandler
                0x08001954                CAN1_RX1_IRQHandler
                0x08001954                TIM4_IRQHandler
                0x08001954                DMA1_Channel6_IRQHandler
                0x08001954                TIM3_IRQHandler
                0x08001954                RCC_IRQHandler
                0x08001954                TIM1_TRG_COM_IRQHandler
                0x08001954                DMA1_Channel1_IRQHandler
                0x08001954                Default_Handler
                0x08001954                EXTI15_10_IRQHandler
                0x08001954                EXTI9_5_IRQHandler
                0x08001954                SPI2_IRQHandler
                0x08001954                DMA1_Channel5_IRQHandler
                0x08001954                EXTI4_IRQHandler
                0x08001954                USB_LP_CAN1_RX0_IRQHandler
                0x08001954                USB_HP_CAN1_TX_IRQHandler
                0x08001954                DMA1_Channel3_IRQHandler
                0x08001954                TIM1_UP_IRQHandler
                0x08001954                WWDG_IRQHandler
                0x08001954                TIM2_IRQHandler
                0x08001954                TIM1_BRK_IRQHandler
                0x08001954                EXTI1_IRQHandler
                0x08001954                USART2_IRQHandler
                0x08001954                I2C2_ER_IRQHandler
                0x08001954                DMA1_Channel2_IRQHandler
                0x08001954                CAN1_SCE_IRQHandler
                0x08001954                FLASH_IRQHandler
                0x08001954                USART1_IRQHandler
                0x08001954                USBWakeUp_IRQHandler
 *fill*         0x08001956        0x2 
 .text.HAL_InitTick
                0x08001958       0x48 ./Drivers/STM32F1xx_HAL_Driver/Src/stm32f1xx_hal.o
                0x08001958                HAL_InitTick
 .text.HAL_Init
                0x080019a0       0x24 ./Drivers/STM32F1xx_HAL_Driver/Src/stm32f1xx_hal.o
                0x080019a0                HAL_Init
 .text.HAL_IncTick
                0x080019c4       0x18 ./Drivers/STM32F1xx_HAL_Driver/Src/stm32f1xx_hal.o
                0x080019c4                HAL_IncTick
 .text.HAL_GetTick
                0x080019dc        0xc ./Drivers/STM32F1xx_HAL_Driver/Src/stm32f1xx_hal.o
                0x080019dc                HAL_GetTick
 .text.HAL_Delay
                0x080019e8       0x24 ./Drivers/STM32F1xx_HAL_Driver/Src/stm32f1xx_hal.o
                0x080019e8                HAL_Delay
 .text.HAL_NVIC_SetPriorityGrouping
                0x08001a0c       0x24 ./Drivers/STM32F1xx_HAL_Driver/Src/stm32f1xx_hal_cortex.o
                0x08001a0c                HAL_NVIC_SetPriorityGrouping
 .text.HAL_NVIC_SetPriority
                0x08001a30       0x60 ./Drivers/STM32F1xx_HAL_Driver/Src/stm32f1xx_hal_cortex.o
                0x08001a30                HAL_NVIC_SetPriority
 .text.HAL_NVIC_EnableIRQ
                0x08001a90       0x1c ./Drivers/STM32F1xx_HAL_Driver/Src/stm32f1xx_hal_cortex.o
                0x08001a90                HAL_NVIC_EnableIRQ
 .text.HAL_SYSTICK_Config
                0x08001aac       0x28 ./Drivers/STM32F1xx_HAL_Driver/Src/stm32f1xx_hal_cortex.o
                0x08001aac                HAL_SYSTICK_Config
 .text.HAL_DMA_Abort_IT
                0x08001ad4       0x8c ./Drivers/STM32F1xx_HAL_Driver/Src/stm32f1xx_hal_dma.o
                0x08001ad4                HAL_DMA_Abort_IT
 .text.HAL_DMA_GetState
                0x08001b60        0x6 ./Drivers/STM32F1xx_HAL_Driver/Src/stm32f1xx_hal_dma.o
                0x08001b60                HAL_DMA_GetState
 *fill*         0x08001b66        0x2 
 .text.HAL_GPIO_Init
                0x08001b68      0x1a8 ./Drivers/STM32F1xx_HAL_Driver/Src/stm32f1xx_hal_gpio.o
                0x08001b68                HAL_GPIO_Init
 .text.HAL_GPIO_DeInit
                0x08001d10       0xdc ./Drivers/STM32F1xx_HAL_Driver/Src/stm32f1xx_hal_gpio.o
                0x08001d10                HAL_GPIO_DeInit
 .text.HAL_GPIO_ReadPin
                0x08001dec        0xc ./Drivers/STM32F1xx_HAL_Driver/Src/stm32f1xx_hal_gpio.o
                0x08001dec                HAL_GPIO_ReadPin
 .text.HAL_GPIO_WritePin
                0x08001df8        0xa ./Drivers/STM32F1xx_HAL_Driver/Src/stm32f1xx_hal_gpio.o
                0x08001df8                HAL_GPIO_WritePin
 .text.I2C_IsAcknowledgeFailed
                0x08001e02       0x32 ./Drivers/STM32F1xx_HAL_Driver/Src/stm32f1xx_hal_i2c.o
 .text.I2C_WaitOnFlagUntilTimeout
                0x08001e34       0x80 ./Drivers/STM32F1xx_HAL_Driver/Src/stm32f1xx_hal_i2c.o
 .text.I2C_WaitOnMasterAddressFlagUntilTimeout
                0x08001eb4       0x84 ./Drivers/STM32F1xx_HAL_Driver/Src/stm32f1xx_hal_i2c.o
 .text.I2C_WaitOnTXEFlagUntilTimeout
                0x08001f38       0x54 ./Drivers/STM32F1xx_HAL_Driver/Src/stm32f1xx_hal_i2c.o
 .text.I2C_RequestMemoryWrite
                0x08001f8c       0xb4 ./Drivers/STM32F1xx_HAL_Driver/Src/stm32f1xx_hal_i2c.o
 .text.I2C_RequestMemoryRead
                0x08002040      0x108 ./Drivers/STM32F1xx_HAL_Driver/Src/stm32f1xx_hal_i2c.o
 .text.I2C_WaitOnBTFFlagUntilTimeout
                0x08002148       0x54 ./Drivers/STM32F1xx_HAL_Driver/Src/stm32f1xx_hal_i2c.o
 .text.I2C_WaitOnRXNEFlagUntilTimeout
                0x0800219c       0x66 ./Drivers/STM32F1xx_HAL_Driver/Src/stm32f1xx_hal_i2c.o
 *fill*         0x08002202        0x2 
 .text.HAL_I2C_Init
                0x08002204      0x150 ./Drivers/STM32F1xx_HAL_Driver/Src/stm32f1xx_hal_i2c.o
                0x08002204                HAL_I2C_Init
 .text.HAL_I2C_Master_Transmit
                0x08002354      0x1b4 ./Drivers/STM32F1xx_HAL_Driver/Src/stm32f1xx_hal_i2c.o
                0x08002354                HAL_I2C_Master_Transmit
 .text.HAL_I2C_Master_Receive
                0x08002508      0x358 ./Drivers/STM32F1xx_HAL_Driver/Src/stm32f1xx_hal_i2c.o
                0x08002508                HAL_I2C_Master_Receive
 .text.HAL_I2C_Mem_Write
                0x08002860      0x120 ./Drivers/STM32F1xx_HAL_Driver/Src/stm32f1xx_hal_i2c.o
                0x08002860                HAL_I2C_Mem_Write
 .text.HAL_I2C_Mem_Read
                0x08002980      0x288 ./Drivers/STM32F1xx_HAL_Driver/Src/stm32f1xx_hal_i2c.o
                0x08002980                HAL_I2C_Mem_Read
 .text.HAL_I2C_MasterTxCpltCallback
                0x08002c08        0x2 ./Drivers/STM32F1xx_HAL_Driver/Src/stm32f1xx_hal_i2c.o
                0x08002c08                HAL_I2C_MasterTxCpltCallback
 .text.HAL_I2C_MasterRxCpltCallback
                0x08002c0a        0x2 ./Drivers/STM32F1xx_HAL_Driver/Src/stm32f1xx_hal_i2c.o
                0x08002c0a                HAL_I2C_MasterRxCpltCallback
 .text.HAL_I2C_SlaveTxCpltCallback
                0x08002c0c        0x2 ./Drivers/STM32F1xx_HAL_Driver/Src/stm32f1xx_hal_i2c.o
                0x08002c0c                HAL_I2C_SlaveTxCpltCallback
 .text.HAL_I2C_SlaveRxCpltCallback
                0x08002c0e        0x2 ./Drivers/STM32F1xx_HAL_Driver/Src/stm32f1xx_hal_i2c.o
                0x08002c0e                HAL_I2C_SlaveRxCpltCallback
 .text.HAL_I2C_AddrCallback
                0x08002c10        0x2 ./Drivers/STM32F1xx_HAL_Driver/Src/stm32f1xx_hal_i2c.o
                0x08002c10                HAL_I2C_AddrCallback
 .text.HAL_I2C_ListenCpltCallback
                0x08002c12        0x2 ./Drivers/STM32F1xx_HAL_Driver/Src/stm32f1xx_hal_i2c.o
                0x08002c12                HAL_I2C_ListenCpltCallback
 .text.HAL_I2C_MemTxCpltCallback
                0x08002c14        0x2 ./Drivers/STM32F1xx_HAL_Driver/Src/stm32f1xx_hal_i2c.o
                0x08002c14                HAL_I2C_MemTxCpltCallback
 .text.I2C_MemoryTransmit_TXE_BTF
                0x08002c16       0xb0 ./Drivers/STM32F1xx_HAL_Driver/Src/stm32f1xx_hal_i2c.o
 .text.HAL_I2C_MemRxCpltCallback
                0x08002cc6        0x2 ./Drivers/STM32F1xx_HAL_Driver/Src/stm32f1xx_hal_i2c.o
                0x08002cc6                HAL_I2C_MemRxCpltCallback
 .text.HAL_I2C_ErrorCallback
                0x08002cc8        0x2 ./Drivers/STM32F1xx_HAL_Driver/Src/stm32f1xx_hal_i2c.o
                0x08002cc8                HAL_I2C_ErrorCallback
 .text.HAL_I2C_AbortCpltCallback
                0x08002cca        0x2 ./Drivers/STM32F1xx_HAL_Driver/Src/stm32f1xx_hal_i2c.o
                0x08002cca                HAL_I2C_AbortCpltCallback
 .text.I2C_DMAAbort
                0x08002ccc       0xc0 ./Drivers/STM32F1xx_HAL_Driver/Src/stm32f1xx_hal_i2c.o
 .text.I2C_ITError
                0x08002d8c      0x150 ./Drivers/STM32F1xx_HAL_Driver/Src/stm32f1xx_hal_i2c.o
 .text.HAL_I2C_EV_IRQHandler
                0x08002edc      0x8b0 ./Drivers/STM32F1xx_HAL_Driver/Src/stm32f1xx_hal_i2c.o
                0x08002edc                HAL_I2C_EV_IRQHandler
 .text.HAL_I2C_ER_IRQHandler
                0x0800378c      0x140 ./Drivers/STM32F1xx_HAL_Driver/Src/stm32f1xx_hal_i2c.o
                0x0800378c                HAL_I2C_ER_IRQHandler
 .text.HAL_IWDG_Init
                0x080038cc       0x52 ./Drivers/STM32F1xx_HAL_Driver/Src/stm32f1xx_hal_iwdg.o
                0x080038cc                HAL_IWDG_Init
 .text.HAL_IWDG_Refresh
                0x0800391e        0xc ./Drivers/STM32F1xx_HAL_Driver/Src/stm32f1xx_hal_iwdg.o
                0x0800391e                HAL_IWDG_Refresh
 *fill*         0x0800392a        0x2 
 .text.HAL_PWR_EnableBkUpAccess
                0x0800392c        0xc ./Drivers/STM32F1xx_HAL_Driver/Src/stm32f1xx_hal_pwr.o
                0x0800392c                HAL_PWR_EnableBkUpAccess
 .text.HAL_RCC_OscConfig
                0x08003938      0x338 ./Drivers/STM32F1xx_HAL_Driver/Src/stm32f1xx_hal_rcc.o
                0x08003938                HAL_RCC_OscConfig
 .text.HAL_RCC_GetSysClockFreq
                0x08003c70       0x4c ./Drivers/STM32F1xx_HAL_Driver/Src/stm32f1xx_hal_rcc.o
                0x08003c70                HAL_RCC_GetSysClockFreq
 .text.HAL_RCC_ClockConfig
                0x08003cbc      0x138 ./Drivers/STM32F1xx_HAL_Driver/Src/stm32f1xx_hal_rcc.o
                0x08003cbc                HAL_RCC_ClockConfig
 .text.HAL_RCC_GetPCLK1Freq
                0x08003df4       0x20 ./Drivers/STM32F1xx_HAL_Driver/Src/stm32f1xx_hal_rcc.o
                0x08003df4                HAL_RCC_GetPCLK1Freq
 .text.HAL_RCC_GetPCLK2Freq
                0x08003e14       0x20 ./Drivers/STM32F1xx_HAL_Driver/Src/stm32f1xx_hal_rcc.o
                0x08003e14                HAL_RCC_GetPCLK2Freq
 .text.HAL_RCCEx_PeriphCLKConfig
                0x08003e34       0xf4 ./Drivers/STM32F1xx_HAL_Driver/Src/stm32f1xx_hal_rcc_ex.o
                0x08003e34                HAL_RCCEx_PeriphCLKConfig
 .text.HAL_RCCEx_GetPeriphCLKFreq
                0x08003f28       0xbc ./Drivers/STM32F1xx_HAL_Driver/Src/stm32f1xx_hal_rcc_ex.o
                0x08003f28                HAL_RCCEx_GetPeriphCLKFreq
 .text.RTC_ReadTimeCounter
                0x08003fe4       0x24 ./Drivers/STM32F1xx_HAL_Driver/Src/stm32f1xx_hal_rtc.o
 .text.RTC_ReadAlarmCounter
                0x08004008        0xe ./Drivers/STM32F1xx_HAL_Driver/Src/stm32f1xx_hal_rtc.o
 .text.RTC_ByteToBcd2
                0x08004016       0x16 ./Drivers/STM32F1xx_HAL_Driver/Src/stm32f1xx_hal_rtc.o
 .text.RTC_Bcd2ToByte
                0x0800402c       0x10 ./Drivers/STM32F1xx_HAL_Driver/Src/stm32f1xx_hal_rtc.o
 .text.RTC_WeekDayNum
                0x0800403c       0x62 ./Drivers/STM32F1xx_HAL_Driver/Src/stm32f1xx_hal_rtc.o
 .text.RTC_EnterInitMode
                0x0800409e       0x2e ./Drivers/STM32F1xx_HAL_Driver/Src/stm32f1xx_hal_rtc.o
 .text.RTC_ExitInitMode
                0x080040cc       0x30 ./Drivers/STM32F1xx_HAL_Driver/Src/stm32f1xx_hal_rtc.o
 .text.RTC_WriteTimeCounter
                0x080040fc       0x28 ./Drivers/STM32F1xx_HAL_Driver/Src/stm32f1xx_hal_rtc.o
 .text.RTC_WriteAlarmCounter
                0x08004124       0x28 ./Drivers/STM32F1xx_HAL_Driver/Src/stm32f1xx_hal_rtc.o
 .text.HAL_RTC_SetTime
                0x0800414c       0xa2 ./Drivers/STM32F1xx_HAL_Driver/Src/stm32f1xx_hal_rtc.o
                0x0800414c                HAL_RTC_SetTime
 *fill*         0x080041ee        0x2 
 .text.HAL_RTC_GetTime
                0x080041f0      0x168 ./Drivers/STM32F1xx_HAL_Driver/Src/stm32f1xx_hal_rtc.o
                0x080041f0                HAL_RTC_GetTime
 .text.HAL_RTC_SetDate
                0x08004358       0xac ./Drivers/STM32F1xx_HAL_Driver/Src/stm32f1xx_hal_rtc.o
                0x08004358                HAL_RTC_SetDate
 .text.HAL_RTC_GetDate
                0x08004404       0x58 ./Drivers/STM32F1xx_HAL_Driver/Src/stm32f1xx_hal_rtc.o
                0x08004404                HAL_RTC_GetDate
 .text.HAL_RTC_SetAlarm_IT
                0x0800445c       0xd8 ./Drivers/STM32F1xx_HAL_Driver/Src/stm32f1xx_hal_rtc.o
                0x0800445c                HAL_RTC_SetAlarm_IT
 .text.HAL_RTC_DeactivateAlarm
                0x08004534       0x72 ./Drivers/STM32F1xx_HAL_Driver/Src/stm32f1xx_hal_rtc.o
                0x08004534                HAL_RTC_DeactivateAlarm
 *fill*         0x080045a6        0x2 
 .text.HAL_RTC_AlarmIRQHandler
                0x080045a8       0x34 ./Drivers/STM32F1xx_HAL_Driver/Src/stm32f1xx_hal_rtc.o
                0x080045a8                HAL_RTC_AlarmIRQHandler
 .text.HAL_RTC_WaitForSynchro
                0x080045dc       0x36 ./Drivers/STM32F1xx_HAL_Driver/Src/stm32f1xx_hal_rtc.o
                0x080045dc                HAL_RTC_WaitForSynchro
 *fill*         0x08004612        0x2 
 .text.HAL_RTC_Init
                0x08004614       0x8c ./Drivers/STM32F1xx_HAL_Driver/Src/stm32f1xx_hal_rtc.o
                0x08004614                HAL_RTC_Init
 .text.UART_EndRxTransfer
                0x080046a0       0x5c ./Drivers/STM32F1xx_HAL_Driver/Src/stm32f1xx_hal_uart.o
 .text.UART_SetConfig
                0x080046fc       0x74 ./Drivers/STM32F1xx_HAL_Driver/Src/stm32f1xx_hal_uart.o
 .text.UART_WaitOnFlagUntilTimeout.constprop.0
                0x08004770       0x64 ./Drivers/STM32F1xx_HAL_Driver/Src/stm32f1xx_hal_uart.o
 .text.HAL_UART_Init
                0x080047d4       0x5e ./Drivers/STM32F1xx_HAL_Driver/Src/stm32f1xx_hal_uart.o
                0x080047d4                HAL_UART_Init
 .text.HAL_UART_DeInit
                0x08004832       0x34 ./Drivers/STM32F1xx_HAL_Driver/Src/stm32f1xx_hal_uart.o
                0x08004832                HAL_UART_DeInit
 .text.HAL_UART_Transmit
                0x08004866       0x9c ./Drivers/STM32F1xx_HAL_Driver/Src/stm32f1xx_hal_uart.o
                0x08004866                HAL_UART_Transmit
 .text.HAL_UART_Receive
                0x08004902       0xae ./Drivers/STM32F1xx_HAL_Driver/Src/stm32f1xx_hal_uart.o
                0x08004902                HAL_UART_Receive
 .text.ascon_loadkey
                0x080049b0       0x12 ./ascon/aead.o
                0x080049b0                ascon_loadkey
 *fill*         0x080049c2        0x6 
 .text.ascon_initaead
                0x080049c8       0x60 ./ascon/aead.o
                0x080049c8                ascon_initaead
 .text.ascon_adata
                0x08004a28      0x108 ./ascon/aead.o
                0x08004a28                ascon_adata
 .text.ascon_encrypt
                0x08004b30      0x126 ./ascon/aead.o
                0x08004b30                ascon_encrypt
 .text.ascon_final
                0x08004c56       0x4c ./ascon/aead.o
                0x08004c56                ascon_final
 .text.ascon_gettag
                0x08004ca2       0x12 ./ascon/aead.o
                0x08004ca2                ascon_gettag
 .text.ascon_aead_encrypt
                0x08004cb4       0x50 ./ascon/aead.o
                0x08004cb4                ascon_aead_encrypt
 .text.crypto_aead_encrypt
                0x08004d04       0x28 ./ascon/aead.o
                0x08004d04                crypto_aead_encrypt
 .text.P12      0x08004d2c      0xd82 ./ascon/permutations.o
                0x08004d2c                P12
 .text.P8       0x08005aae      0x912 ./ascon/permutations.o
                0x08005aae                P8
 .text.a_bmp388_iic_spi_write
                0x080063c0       0x60 ./sensor/bmp388/driver_bmp388.o
 .text.a_bmp388_compensate_temperature
                0x08006420       0x62 ./sensor/bmp388/driver_bmp388.o
 .text.a_bmp388_compensate_pressure
                0x08006482      0x244 ./sensor/bmp388/driver_bmp388.o
 *fill*         0x080066c6        0x2 
 .text.a_bmp388_close
                0x080066c8       0x3c ./sensor/bmp388/driver_bmp388.o
 .text.a_bmp388_iic_spi_read
                0x08006704       0x50 ./sensor/bmp388/driver_bmp388.o
 .text.bmp388_set_pressure
                0x08006754       0x64 ./sensor/bmp388/driver_bmp388.o
                0x08006754                bmp388_set_pressure
 .text.bmp388_set_temperature
                0x080067b8       0x68 ./sensor/bmp388/driver_bmp388.o
                0x080067b8                bmp388_set_temperature
 .text.bmp388_set_mode
                0x08006820       0x68 ./sensor/bmp388/driver_bmp388.o
                0x08006820                bmp388_set_mode
 .text.bmp388_set_pressure_oversampling
                0x08006888       0x64 ./sensor/bmp388/driver_bmp388.o
                0x08006888                bmp388_set_pressure_oversampling
 .text.bmp388_set_temperature_oversampling
                0x080068ec       0x68 ./sensor/bmp388/driver_bmp388.o
                0x080068ec                bmp388_set_temperature_oversampling
 .text.bmp388_init
                0x08006954      0x2e0 ./sensor/bmp388/driver_bmp388.o
                0x08006954                bmp388_init
 .text.bmp388_read_temperature_pressure
                0x08006c34      0x248 ./sensor/bmp388/driver_bmp388.o
                0x08006c34                bmp388_read_temperature_pressure
 .text.bmp388_set_addr_pin
                0x08006e7c        0xc ./sensor/bmp388/driver_bmp388.o
                0x08006e7c                bmp388_set_addr_pin
 .text.bmp388_set_interface
                0x08006e88        0xe ./sensor/bmp388/driver_bmp388.o
                0x08006e88                bmp388_set_interface
 *fill*         0x08006e96        0x2 
 .text.sensor_lora_uart2_set_baud
                0x08006e98       0x40 ./sensor/sensor_hal.o
 .text.sensor_lora_wait_aux_high.constprop.0
                0x08006ed8       0x38 ./sensor/sensor_hal.o
 .text.sensor_delay_ms
                0x08006f10       0x2c ./sensor/sensor_hal.o
                0x08006f10                sensor_delay_ms
 .text.sensor_debug_print
                0x08006f3c       0x3c ./sensor/sensor_hal.o
                0x08006f3c                sensor_debug_print
 .text.sensor_lora_normal
                0x08006f78       0x28 ./sensor/sensor_hal.o
                0x08006f78                sensor_lora_normal
 .text.sensor_lora_sleep
                0x08006fa0       0x28 ./sensor/sensor_hal.o
                0x08006fa0                sensor_lora_sleep
 .text.sensor_lora_write_default_config
                0x08006fc8       0xa8 ./sensor/sensor_hal.o
                0x08006fc8                sensor_lora_write_default_config
 .text.sensor_lora_read_config
                0x08007070       0xa0 ./sensor/sensor_hal.o
                0x08007070                sensor_lora_read_config
 .text.sensor_lora_transmit
                0x08007110       0x6c ./sensor/sensor_hal.o
                0x08007110                sensor_lora_transmit
 .text.sht30_iic_init
                0x0800717c        0x4 ./sensor/sensor_hal.o
                0x0800717c                sht30_iic_init
 .text.sht30_iic_deinit
                0x08007180        0x4 ./sensor/sensor_hal.o
                0x08007180                sht30_iic_deinit
 .text.sht30_iic_write_address16
                0x08007184       0x50 ./sensor/sensor_hal.o
                0x08007184                sht30_iic_write_address16
 .text.sht30_iic_read_address16
                0x080071d4       0x60 ./sensor/sensor_hal.o
                0x080071d4                sht30_iic_read_address16
 .text.sht30_receive_callback
                0x08007234        0x2 ./sensor/sensor_hal.o
                0x08007234                sht30_receive_callback
 .text.bmp388_iic_init
                0x08007236        0x4 ./sensor/sensor_hal.o
                0x08007236                bmp388_iic_init
 .text.bmp388_iic_deinit
                0x0800723a        0x4 ./sensor/sensor_hal.o
                0x0800723a                bmp388_iic_deinit
 *fill*         0x0800723e        0x2 
 .text.bmp388_iic_read
                0x08007240       0x34 ./sensor/sensor_hal.o
                0x08007240                bmp388_iic_read
 .text.bmp388_iic_write
                0x08007274       0x34 ./sensor/sensor_hal.o
                0x08007274                bmp388_iic_write
 .text.bmp388_receive_callback
                0x080072a8        0x2 ./sensor/sensor_hal.o
                0x080072a8                bmp388_receive_callback
 .text.bmp388_spi_init_dummy
                0x080072aa        0x4 ./sensor/sensor_hal.o
                0x080072aa                bmp388_spi_init_dummy
 .text.bmp388_spi_deinit_dummy
                0x080072ae        0x4 ./sensor/sensor_hal.o
                0x080072ae                bmp388_spi_deinit_dummy
 .text.bmp388_spi_read_dummy
                0x080072b2        0x4 ./sensor/sensor_hal.o
                0x080072b2                bmp388_spi_read_dummy
 .text.bmp388_spi_write_dummy
                0x080072b6        0x4 ./sensor/sensor_hal.o
                0x080072b6                bmp388_spi_write_dummy
 *fill*         0x080072ba        0x2 
 .text.Sensors_Init_Hardware
                0x080072bc      0x188 ./sensor/sensors.o
                0x080072bc                Sensors_Init_Hardware
 .text.Sensors_Trigger_All
                0x08007444       0x38 ./sensor/sensors.o
                0x08007444                Sensors_Trigger_All
 .text.Sensors_Collect_And_Pack
                0x0800747c      0x1d0 ./sensor/sensors.o
                0x0800747c                Sensors_Collect_And_Pack
 .text.a_sht30_write
                0x0800764c       0x14 ./sensor/sht30/driver_sht30.o
 .text.a_sht30_read
                0x08007660       0x10 ./sensor/sht30/driver_sht30.o
 .text.a_sht30_crc.constprop.0
                0x08007670       0x4a ./sensor/sht30/driver_sht30.o
 *fill*         0x080076ba        0x2 
 .text.sht30_init
                0x080076bc       0x84 ./sensor/sht30/driver_sht30.o
                0x080076bc                sht30_init
 .text.sht30_set_addr_pin
                0x08007740        0xc ./sensor/sht30/driver_sht30.o
                0x08007740                sht30_set_addr_pin
 .text.sht30_set_repeatability
                0x0800774c       0x16 ./sensor/sht30/driver_sht30.o
                0x0800774c                sht30_set_repeatability
 *fill*         0x08007762        0x2 
 .text.sht30_single_read
                0x08007764      0x11c ./sensor/sht30/driver_sht30.o
                0x08007764                sht30_single_read
 .text.sht30_set_reg
                0x08007880       0x14 ./sensor/sht30/driver_sht30.o
                0x08007880                sht30_set_reg
 .text._vsnprintf_r
                0x08007894       0x5c C:/ST/STM32CubeIDE_1.19.0/STM32CubeIDE/plugins/com.st.stm32cube.ide.mcu.externaltools.gnu-tools-for-stm32.13.3.rel1.win32_1.0.100.202509120712/tools/bin/../lib/gcc/arm-none-eabi/13.3.1/../../../../arm-none-eabi/lib/thumb/v7-m/nofp\libc_nano.a(libc_a-vsnprintf.o)
                0x08007894                _vsniprintf_r
                0x08007894                _vsnprintf_r
 .text.vsnprintf
                0x080078f0       0x1c C:/ST/STM32CubeIDE_1.19.0/STM32CubeIDE/plugins/com.st.stm32cube.ide.mcu.externaltools.gnu-tools-for-stm32.13.3.rel1.win32_1.0.100.202509120712/tools/bin/../lib/gcc/arm-none-eabi/13.3.1/../../../../arm-none-eabi/lib/thumb/v7-m/nofp\libc_nano.a(libc_a-vsnprintf.o)
                0x080078f0                vsniprintf
                0x080078f0                vsnprintf
 .text.memset   0x0800790c       0x10 C:/ST/STM32CubeIDE_1.19.0/STM32CubeIDE/plugins/com.st.stm32cube.ide.mcu.externaltools.gnu-tools-for-stm32.13.3.rel1.win32_1.0.100.202509120712/tools/bin/../lib/gcc/arm-none-eabi/13.3.1/../../../../arm-none-eabi/lib/thumb/v7-m/nofp\libc_nano.a(libc_a-memset.o)
                0x0800790c                memset
 .text.__errno  0x0800791c        0xc C:/ST/STM32CubeIDE_1.19.0/STM32CubeIDE/plugins/com.st.stm32cube.ide.mcu.externaltools.gnu-tools-for-stm32.13.3.rel1.win32_1.0.100.202509120712/tools/bin/../lib/gcc/arm-none-eabi/13.3.1/../../../../arm-none-eabi/lib/thumb/v7-m/nofp\libc_nano.a(libc_a-errno.o)
                0x0800791c                __errno
 .text.__libc_init_array
                0x08007928       0x48 C:/ST/STM32CubeIDE_1.19.0/STM32CubeIDE/plugins/com.st.stm32cube.ide.mcu.externaltools.gnu-tools-for-stm32.13.3.rel1.win32_1.0.100.202509120712/tools/bin/../lib/gcc/arm-none-eabi/13.3.1/../../../../arm-none-eabi/lib/thumb/v7-m/nofp\libc_nano.a(libc_a-init.o)
                0x08007928                __libc_init_array
 .text.__retarget_lock_acquire_recursive
                0x08007970        0x2 C:/ST/STM32CubeIDE_1.19.0/STM32CubeIDE/plugins/com.st.stm32cube.ide.mcu.externaltools.gnu-tools-for-stm32.13.3.rel1.win32_1.0.100.202509120712/tools/bin/../lib/gcc/arm-none-eabi/13.3.1/../../../../arm-none-eabi/lib/thumb/v7-m/nofp\libc_nano.a(libc_a-lock.o)
                0x08007970                __retarget_lock_acquire_recursive
 .text.__retarget_lock_release_recursive
                0x08007972        0x2 C:/ST/STM32CubeIDE_1.19.0/STM32CubeIDE/plugins/com.st.stm32cube.ide.mcu.externaltools.gnu-tools-for-stm32.13.3.rel1.win32_1.0.100.202509120712/tools/bin/../lib/gcc/arm-none-eabi/13.3.1/../../../../arm-none-eabi/lib/thumb/v7-m/nofp\libc_nano.a(libc_a-lock.o)
                0x08007972                __retarget_lock_release_recursive
 .text.memcpy   0x08007974       0x1c C:/ST/STM32CubeIDE_1.19.0/STM32CubeIDE/plugins/com.st.stm32cube.ide.mcu.externaltools.gnu-tools-for-stm32.13.3.rel1.win32_1.0.100.202509120712/tools/bin/../lib/gcc/arm-none-eabi/13.3.1/../../../../arm-none-eabi/lib/thumb/v7-m/nofp\libc_nano.a(libc_a-memcpy-stub.o)
                0x08007974                memcpy
 .text._free_r  0x08007990       0x90 C:/ST/STM32CubeIDE_1.19.0/STM32CubeIDE/plugins/com.st.stm32cube.ide.mcu.externaltools.gnu-tools-for-stm32.13.3.rel1.win32_1.0.100.202509120712/tools/bin/../lib/gcc/arm-none-eabi/13.3.1/../../../../arm-none-eabi/lib/thumb/v7-m/nofp\libc_nano.a(libc_a-freer.o)
                0x08007990                _free_r
 .text.sbrk_aligned
                0x08007a20       0x44 C:/ST/STM32CubeIDE_1.19.0/STM32CubeIDE/plugins/com.st.stm32cube.ide.mcu.externaltools.gnu-tools-for-stm32.13.3.rel1.win32_1.0.100.202509120712/tools/bin/../lib/gcc/arm-none-eabi/13.3.1/../../../../arm-none-eabi/lib/thumb/v7-m/nofp\libc_nano.a(libc_a-mallocr.o)
 .text._malloc_r
                0x08007a64      0x100 C:/ST/STM32CubeIDE_1.19.0/STM32CubeIDE/plugins/com.st.stm32cube.ide.mcu.externaltools.gnu-tools-for-stm32.13.3.rel1.win32_1.0.100.202509120712/tools/bin/../lib/gcc/arm-none-eabi/13.3.1/../../../../arm-none-eabi/lib/thumb/v7-m/nofp\libc_nano.a(libc_a-mallocr.o)
                0x08007a64                _malloc_r
 .text.__malloc_lock
                0x08007b64        0xc C:/ST/STM32CubeIDE_1.19.0/STM32CubeIDE/plugins/com.st.stm32cube.ide.mcu.externaltools.gnu-tools-for-stm32.13.3.rel1.win32_1.0.100.202509120712/tools/bin/../lib/gcc/arm-none-eabi/13.3.1/../../../../arm-none-eabi/lib/thumb/v7-m/nofp\libc_nano.a(libc_a-mlock.o)
                0x08007b64                __malloc_lock
 .text.__malloc_unlock
                0x08007b70        0xc C:/ST/STM32CubeIDE_1.19.0/STM32CubeIDE/plugins/com.st.stm32cube.ide.mcu.externaltools.gnu-tools-for-stm32.13.3.rel1.win32_1.0.100.202509120712/tools/bin/../lib/gcc/arm-none-eabi/13.3.1/../../../../arm-none-eabi/lib/thumb/v7-m/nofp\libc_nano.a(libc_a-mlock.o)
                0x08007b70                __malloc_unlock
 .text.__ssputs_r
                0x08007b7c       0xb6 C:/ST/STM32CubeIDE_1.19.0/STM32CubeIDE/plugins/com.st.stm32cube.ide.mcu.externaltools.gnu-tools-for-stm32.13.3.rel1.win32_1.0.100.202509120712/tools/bin/../lib/gcc/arm-none-eabi/13.3.1/../../../../arm-none-eabi/lib/thumb/v7-m/nofp\libc_nano.a(libc_a-nano-svfprintf.o)
                0x08007b7c                __ssputs_r
 *fill*         0x08007c32        0x2 
 .text._svfprintf_r
                0x08007c34      0x1f8 C:/ST/STM32CubeIDE_1.19.0/STM32CubeIDE/plugins/com.st.stm32cube.ide.mcu.externaltools.gnu-tools-for-stm32.13.3.rel1.win32_1.0.100.202509120712/tools/bin/../lib/gcc/arm-none-eabi/13.3.1/../../../../arm-none-eabi/lib/thumb/v7-m/nofp\libc_nano.a(libc_a-nano-svfprintf.o)
                0x08007c34                _svfiprintf_r
                0x08007c34                _svfprintf_r
 .text._printf_common
                0x08007e2c       0xe4 C:/ST/STM32CubeIDE_1.19.0/STM32CubeIDE/plugins/com.st.stm32cube.ide.mcu.externaltools.gnu-tools-for-stm32.13.3.rel1.win32_1.0.100.202509120712/tools/bin/../lib/gcc/arm-none-eabi/13.3.1/../../../../arm-none-eabi/lib/thumb/v7-m/nofp\libc_nano.a(libc_a-nano-vfprintf_i.o)
                0x08007e2c                _printf_common
 .text._printf_i
                0x08007f10      0x23c C:/ST/STM32CubeIDE_1.19.0/STM32CubeIDE/plugins/com.st.stm32cube.ide.mcu.externaltools.gnu-tools-for-stm32.13.3.rel1.win32_1.0.100.202509120712/tools/bin/../lib/gcc/arm-none-eabi/13.3.1/../../../../arm-none-eabi/lib/thumb/v7-m/nofp\libc_nano.a(libc_a-nano-vfprintf_i.o)
                0x08007f10                _printf_i
 .text.memmove  0x0800814c       0x34 C:/ST/STM32CubeIDE_1.19.0/STM32CubeIDE/plugins/com.st.stm32cube.ide.mcu.externaltools.gnu-tools-for-stm32.13.3.rel1.win32_1.0.100.202509120712/tools/bin/../lib/gcc/arm-none-eabi/13.3.1/../../../../arm-none-eabi/lib/thumb/v7-m/nofp\libc_nano.a(libc_a-memmove.o)
                0x0800814c                memmove
 .text._sbrk_r  0x08008180       0x20 C:/ST/STM32CubeIDE_1.19.0/STM32CubeIDE/plugins/com.st.stm32cube.ide.mcu.externaltools.gnu-tools-for-stm32.13.3.rel1.win32_1.0.100.202509120712/tools/bin/../lib/gcc/arm-none-eabi/13.3.1/../../../../arm-none-eabi/lib/thumb/v7-m/nofp\libc_nano.a(libc_a-sbrkr.o)
                0x08008180                _sbrk_r
 .text.memchr   0x080081a0       0x1c C:/ST/STM32CubeIDE_1.19.0/STM32CubeIDE/plugins/com.st.stm32cube.ide.mcu.externaltools.gnu-tools-for-stm32.13.3.rel1.win32_1.0.100.202509120712/tools/bin/../lib/gcc/arm-none-eabi/13.3.1/../../../../arm-none-eabi/lib/thumb/v7-m/nofp\libc_nano.a(libc_a-memchr-stub.o)
                0x080081a0                memchr
 .text._realloc_r
                0x080081bc       0x5c C:/ST/STM32CubeIDE_1.19.0/STM32CubeIDE/plugins/com.st.stm32cube.ide.mcu.externaltools.gnu-tools-for-stm32.13.3.rel1.win32_1.0.100.202509120712/tools/bin/../lib/gcc/arm-none-eabi/13.3.1/../../../../arm-none-eabi/lib/thumb/v7-m/nofp\libc_nano.a(libc_a-reallocr.o)
                0x080081bc                _realloc_r
 .text._malloc_usable_size_r
                0x08008218       0x10 C:/ST/STM32CubeIDE_1.19.0/STM32CubeIDE/plugins/com.st.stm32cube.ide.mcu.externaltools.gnu-tools-for-stm32.13.3.rel1.win32_1.0.100.202509120712/tools/bin/../lib/gcc/arm-none-eabi/13.3.1/../../../../arm-none-eabi/lib/thumb/v7-m/nofp\libc_nano.a(libc_a-msizer.o)
                0x08008218                _malloc_usable_size_r
 *(.glue_7)
 .glue_7        0x08008228        0x0 linker stubs
 *(.glue_7t)
 .glue_7t       0x08008228        0x0 linker stubs
 *(.eh_frame)
 .eh_frame      0x08008228        0x0 C:/ST/STM32CubeIDE_1.19.0/STM32CubeIDE/plugins/com.st.stm32cube.ide.mcu.externaltools.gnu-tools-for-stm32.13.3.rel1.win32_1.0.100.202509120712/tools/bin/../lib/gcc/arm-none-eabi/13.3.1/thumb/v7-m/nofp/crtbegin.o
 *(.init)
 .init          0x08008228        0x4 C:/ST/STM32CubeIDE_1.19.0/STM32CubeIDE/plugins/com.st.stm32cube.ide.mcu.externaltools.gnu-tools-for-stm32.13.3.rel1.win32_1.0.100.202509120712/tools/bin/../lib/gcc/arm-none-eabi/13.3.1/thumb/v7-m/nofp/crti.o
                0x08008228                _init
 .init          0x0800822c        0x8 C:/ST/STM32CubeIDE_1.19.0/STM32CubeIDE/plugins/com.st.stm32cube.ide.mcu.externaltools.gnu-tools-for-stm32.13.3.rel1.win32_1.0.100.202509120712/tools/bin/../lib/gcc/arm-none-eabi/13.3.1/thumb/v7-m/nofp/crtn.o
 *(.fini)
 .fini          0x08008234        0x4 C:/ST/STM32CubeIDE_1.19.0/STM32CubeIDE/plugins/com.st.stm32cube.ide.mcu.externaltools.gnu-tools-for-stm32.13.3.rel1.win32_1.0.100.202509120712/tools/bin/../lib/gcc/arm-none-eabi/13.3.1/thumb/v7-m/nofp/crti.o
                0x08008234                _fini
 .fini          0x08008238        0x8 C:/ST/STM32CubeIDE_1.19.0/STM32CubeIDE/plugins/com.st.stm32cube.ide.mcu.externaltools.gnu-tools-for-stm32.13.3.rel1.win32_1.0.100.202509120712/tools/bin/../lib/gcc/arm-none-eabi/13.3.1/thumb/v7-m/nofp/crtn.o
                0x08008240                        . = ALIGN (0x4)
                0x08008240                        _etext = .

.vfp11_veneer   0x08008240        0x0
 .vfp11_veneer  0x08008240        0x0 linker stubs

.v4_bx          0x08008240        0x0
 .v4_bx         0x08008240        0x0 linker stubs

.iplt           0x08008240        0x0
 .iplt          0x08008240        0x0 C:/ST/STM32CubeIDE_1.19.0/STM32CubeIDE/plugins/com.st.stm32cube.ide.mcu.externaltools.gnu-tools-for-stm32.13.3.rel1.win32_1.0.100.202509120712/tools/bin/../lib/gcc/arm-none-eabi/13.3.1/thumb/v7-m/nofp/crtbegin.o

.rodata         0x08008240      0xc4c
                0x08008240                        . = ALIGN (0x4)
 *(.rodata)
 .rodata        0x08008240        0x6 ./sensor/sensor_hal.o
 *(.rodata*)
 .rodata.debug_dump_hex.part.0.str1.1
                0x08008246      0xbf8 ./Core/Src/main.o
                                 0x13 (size before relaxing)
 .rodata.App_RTC_Schedule_Next_Alarm.constprop.0.str1.1
                0x08008e3e        0x0 ./Core/Src/main.o
                                 0x64 (size before relaxing)
 .rodata.main.str1.1
                0x08008e3e        0x0 ./Core/Src/main.o
                                0x252 (size before relaxing)
 .rodata.ASCON_SECRET_KEY
                0x08008e3e       0x10 ./Core/Src/main.o
 .rodata.APBPrescTable
                0x08008e4e        0x8 ./Core/Src/system_stm32f1xx.o
                0x08008e4e                APBPrescTable
 .rodata.AHBPrescTable
                0x08008e56       0x10 ./Core/Src/system_stm32f1xx.o
                0x08008e56                AHBPrescTable
 .rodata.aPredivFactorTable.0
                0x08008e66        0x2 ./Drivers/STM32F1xx_HAL_Driver/Src/stm32f1xx_hal_rcc.o
 .rodata.aPLLMULFactorTable.1
                0x08008e68       0x10 ./Drivers/STM32F1xx_HAL_Driver/Src/stm32f1xx_hal_rcc.o
 .rodata.aPredivFactorTable.0
                0x08008e78        0x2 ./Drivers/STM32F1xx_HAL_Driver/Src/stm32f1xx_hal_rcc_ex.o
 .rodata.aPLLMULFactorTable.1
                0x08008e7a       0x10 ./Drivers/STM32F1xx_HAL_Driver/Src/stm32f1xx_hal_rcc_ex.o
 .rodata.a_bmp388_close.str1.1
                0x08008e8a        0x0 ./sensor/bmp388/driver_bmp388.o
                                 0x38 (size before relaxing)
 .rodata.bmp388_get_status.str1.1
                0x08008e8a        0x0 ./sensor/bmp388/driver_bmp388.o
                                 0x25 (size before relaxing)
 .rodata.bmp388_set_fifo.str1.1
                0x08008e8a        0x0 ./sensor/bmp388/driver_bmp388.o
                                 0x58 (size before relaxing)
 .rodata.bmp388_set_pressure.str1.1
                0x08008e8a        0x0 ./sensor/bmp388/driver_bmp388.o
                                 0x4e (size before relaxing)
 .rodata.bmp388_set_pressure_oversampling.str1.1
                0x08008e8a        0x0 ./sensor/bmp388/driver_bmp388.o
                                 0x44 (size before relaxing)
 .rodata.bmp388_init.str1.1
                0x08008e8a        0x0 ./sensor/bmp388/driver_bmp388.o
                                0x203 (size before relaxing)
 .rodata.bmp388_read_temperature.str1.1
                0x08008e8a        0x0 ./sensor/bmp388/driver_bmp388.o
                                 0x91 (size before relaxing)
 .rodata.bmp388_read_pressure.str1.1
                0x08008e8a        0x0 ./sensor/bmp388/driver_bmp388.o
                                 0x25 (size before relaxing)
 .rodata.sensor_lora_write_default_config.str1.1
                0x08008e8a        0x0 ./sensor/sensor_hal.o
                                0x11d (size before relaxing)
 .rodata.sensor_lora_read_config.str1.1
                0x08008e8a        0x0 ./sensor/sensor_hal.o
                                 0x89 (size before relaxing)
 .rodata.sensor_lora_transmit.str1.1
                0x08008e8a        0x0 ./sensor/sensor_hal.o
                                 0x96 (size before relaxing)
 .rodata.sht30_iic_write_address16.str1.1
                0x08008e8a        0x0 ./sensor/sensor_hal.o
                                 0x26 (size before relaxing)
 .rodata.sht30_iic_read_address16.str1.1
                0x08008e8a        0x0 ./sensor/sensor_hal.o
                                 0x49 (size before relaxing)
 .rodata.bmp388_iic_read.str1.1
                0x08008e8a        0x0 ./sensor/sensor_hal.o
                                 0x26 (size before relaxing)
 .rodata.bmp388_iic_write.str1.1
                0x08008e8a        0x0 ./sensor/sensor_hal.o
                                 0x27 (size before relaxing)
 .rodata.Sensors_Init_Hardware.str1.1
                0x08008e8a        0x0 ./sensor/sensors.o
                                 0x72 (size before relaxing)
 .rodata.Sensors_Collect_And_Pack.str1.1
                0x08008e8a        0x0 ./sensor/sensors.o
                                 0x2e (size before relaxing)
 .rodata.sht30_init.str1.1
                0x08008e8a        0x0 ./sensor/sht30/driver_sht30.o
                                 0xd0 (size before relaxing)
 .rodata.sht30_get_status.str1.1
                0x08008e8a        0x0 ./sensor/sht30/driver_sht30.o
                                 0x36 (size before relaxing)
 .rodata.sht30_single_read.str1.1
                0x08008e8a        0x0 ./sensor/sht30/driver_sht30.o
                                 0x61 (size before relaxing)
 .rodata._svfprintf_r.str1.1
                0x08008e8a        0x0 C:/ST/STM32CubeIDE_1.19.0/STM32CubeIDE/plugins/com.st.stm32cube.ide.mcu.externaltools.gnu-tools-for-stm32.13.3.rel1.win32_1.0.100.202509120712/tools/bin/../lib/gcc/arm-none-eabi/13.3.1/../../../../arm-none-eabi/lib/thumb/v7-m/nofp\libc_nano.a(libc_a-nano-svfprintf.o)
                                 0x11 (size before relaxing)
 .rodata._printf_i.str1.1
                0x08008e8a        0x0 C:/ST/STM32CubeIDE_1.19.0/STM32CubeIDE/plugins/com.st.stm32cube.ide.mcu.externaltools.gnu-tools-for-stm32.13.3.rel1.win32_1.0.100.202509120712/tools/bin/../lib/gcc/arm-none-eabi/13.3.1/../../../../arm-none-eabi/lib/thumb/v7-m/nofp\libc_nano.a(libc_a-nano-vfprintf_i.o)
                                 0x22 (size before relaxing)
                0x08008e8c                        . = ALIGN (0x4)
 *fill*         0x08008e8a        0x2 

.ARM.extab      0x08008e8c        0x0
                0x08008e8c                        . = ALIGN (0x4)
 *(.ARM.extab* .gnu.linkonce.armextab.*)
                0x08008e8c                        . = ALIGN (0x4)

.ARM            0x08008e8c        0x0
                0x08008e8c                        . = ALIGN (0x4)
                0x08008e8c                        __exidx_start = .
 *(.ARM.exidx*)
                0x08008e8c                        __exidx_end = .
                0x08008e8c                        . = ALIGN (0x4)

.preinit_array  0x08008e8c        0x0
                0x08008e8c                        . = ALIGN (0x4)
                0x08008e8c                        PROVIDE (__preinit_array_start = .)
 *(.preinit_array*)
                0x08008e8c                        PROVIDE (__preinit_array_end = .)
                0x08008e8c                        . = ALIGN (0x4)

.init_array     0x08008e8c        0x4
                0x08008e8c                        . = ALIGN (0x4)
                0x08008e8c                        PROVIDE (__init_array_start = .)
 *(SORT_BY_NAME(.init_array.*))
 *(.init_array*)
 .init_array    0x08008e8c        0x4 C:/ST/STM32CubeIDE_1.19.0/STM32CubeIDE/plugins/com.st.stm32cube.ide.mcu.externaltools.gnu-tools-for-stm32.13.3.rel1.win32_1.0.100.202509120712/tools/bin/../lib/gcc/arm-none-eabi/13.3.1/thumb/v7-m/nofp/crtbegin.o
                0x08008e90                        PROVIDE (__init_array_end = .)
                0x08008e90                        . = ALIGN (0x4)

.fini_array     0x08008e90        0x4
                0x08008e90                        . = ALIGN (0x4)
                [!provide]                        PROVIDE (__fini_array_start = .)
 *(SORT_BY_NAME(.fini_array.*))
 *(.fini_array*)
 .fini_array    0x08008e90        0x4 C:/ST/STM32CubeIDE_1.19.0/STM32CubeIDE/plugins/com.st.stm32cube.ide.mcu.externaltools.gnu-tools-for-stm32.13.3.rel1.win32_1.0.100.202509120712/tools/bin/../lib/gcc/arm-none-eabi/13.3.1/thumb/v7-m/nofp/crtbegin.o
                [!provide]                        PROVIDE (__fini_array_end = .)
                0x08008e94                        . = ALIGN (0x4)
                0x08008e94                        _sidata = LOADADDR (.data)

.rel.dyn        0x08008e94        0x0
 .rel.iplt      0x08008e94        0x0 C:/ST/STM32CubeIDE_1.19.0/STM32CubeIDE/plugins/com.st.stm32cube.ide.mcu.externaltools.gnu-tools-for-stm32.13.3.rel1.win32_1.0.100.202509120712/tools/bin/../lib/gcc/arm-none-eabi/13.3.1/thumb/v7-m/nofp/crtbegin.o

.data           0x20000000       0x5c load address 0x08008e94
                0x20000000                        . = ALIGN (0x4)
                0x20000000                        _sdata = .
 *(.data)
 *(.data*)
 .data.SystemCoreClock
                0x20000000        0x4 ./Core/Src/system_stm32f1xx.o
                0x20000000                SystemCoreClock
 .data.uwTickFreq
                0x20000004        0x1 ./Drivers/STM32F1xx_HAL_Driver/Src/stm32f1xx_hal.o
                0x20000004                uwTickFreq
 *fill*         0x20000005        0x3 
 .data.uwTickPrio
                0x20000008        0x4 ./Drivers/STM32F1xx_HAL_Driver/Src/stm32f1xx_hal.o
                0x20000008                uwTickPrio
 .data._impure_ptr
                0x2000000c        0x4 C:/ST/STM32CubeIDE_1.19.0/STM32CubeIDE/plugins/com.st.stm32cube.ide.mcu.externaltools.gnu-tools-for-stm32.13.3.rel1.win32_1.0.100.202509120712/tools/bin/../lib/gcc/arm-none-eabi/13.3.1/../../../../arm-none-eabi/lib/thumb/v7-m/nofp\libc_nano.a(libc_a-impure.o)
                0x2000000c                _impure_ptr
 .data._impure_data
                0x20000010       0x4c C:/ST/STM32CubeIDE_1.19.0/STM32CubeIDE/plugins/com.st.stm32cube.ide.mcu.externaltools.gnu-tools-for-stm32.13.3.rel1.win32_1.0.100.202509120712/tools/bin/../lib/gcc/arm-none-eabi/13.3.1/../../../../arm-none-eabi/lib/thumb/v7-m/nofp\libc_nano.a(libc_a-impure.o)
                0x20000010                _impure_data
 *(.RamFunc)
 *(.RamFunc*)
                0x2000005c                        . = ALIGN (0x4)
                0x2000005c                        _edata = .

.igot.plt       0x2000005c        0x0 load address 0x08008ef0
 .igot.plt      0x2000005c        0x0 C:/ST/STM32CubeIDE_1.19.0/STM32CubeIDE/plugins/com.st.stm32cube.ide.mcu.externaltools.gnu-tools-for-stm32.13.3.rel1.win32_1.0.100.202509120712/tools/bin/../lib/gcc/arm-none-eabi/13.3.1/thumb/v7-m/nofp/crtbegin.o
                0x2000005c                        . = ALIGN (0x4)

.bss            0x20000060      0x560 load address 0x08008ef0
                0x20000060                        _sbss = .
                0x20000060                        __bss_start__ = _sbss
 *(.bss)
 .bss           0x20000060       0x1c C:/ST/STM32CubeIDE_1.19.0/STM32CubeIDE/plugins/com.st.stm32cube.ide.mcu.externaltools.gnu-tools-for-stm32.13.3.rel1.win32_1.0.100.202509120712/tools/bin/../lib/gcc/arm-none-eabi/13.3.1/thumb/v7-m/nofp/crtbegin.o
 *(.bss*)
 .bss.tx_frame  0x2000007c        0xf ./Core/Src/main.o
                0x2000007c                tx_frame
 .bss.payload   0x2000008b        0x9 ./Core/Src/main.o
                0x2000008b                payload
 .bss.tx_ok     0x20000094        0x1 ./Core/Src/main.o
                0x20000094                tx_ok
 .bss.init_status
                0x20000095        0x1 ./Core/Src/main.o
                0x20000095                init_status
 *fill*         0x20000096        0x2 
 .bss.g_tx_elapsed_sec
                0x20000098        0x4 ./Core/Src/main.o
 .bss.g_rtc_alarm_count
                0x2000009c        0x4 ./Core/Src/main.o
 .bss.g_rtc_tick_due
                0x200000a0        0x1 ./Core/Src/main.o
 *fill*         0x200000a1        0x1 
 .bss.g_frame_counter
                0x200000a2        0x2 ./Core/Src/main.o
 .bss.huart2    0x200000a4       0x48 ./Core/Src/main.o
                0x200000a4                huart2
 .bss.huart1    0x200000ec       0x48 ./Core/Src/main.o
                0x200000ec                huart1
 .bss.hrtc      0x20000134       0x14 ./Core/Src/main.o
                0x20000134                hrtc
 .bss.hiwdg     0x20000148        0xc ./Core/Src/main.o
                0x20000148                hiwdg
 .bss.hi2c2     0x20000154       0x54 ./Core/Src/main.o
                0x20000154                hi2c2
 .bss.hi2c1     0x200001a8       0x54 ./Core/Src/main.o
                0x200001a8                hi2c1
 .bss.__sbrk_heap_end
                0x200001fc        0x4 ./Core/Src/sysmem.o
 .bss.uwTick    0x20000200        0x4 ./Drivers/STM32F1xx_HAL_Driver/Src/stm32f1xx_hal.o
                0x20000200                uwTick
 .bss.s_bmp388_ok
                0x20000204        0x1 ./sensor/sensors.o
 .bss.s_sht30_ok
                0x20000205        0x1 ./sensor/sensors.o
 *fill*         0x20000206        0x2 
 .bss.s_bmp388  0x20000208      0x250 ./sensor/sensors.o
 .bss.s_sht30   0x20000458       0x20 ./sensor/sensors.o
 .bss.__sf      0x20000478      0x138 C:/ST/STM32CubeIDE_1.19.0/STM32CubeIDE/plugins/com.st.stm32cube.ide.mcu.externaltools.gnu-tools-for-stm32.13.3.rel1.win32_1.0.100.202509120712/tools/bin/../lib/gcc/arm-none-eabi/13.3.1/../../../../arm-none-eabi/lib/thumb/v7-m/nofp\libc_nano.a(libc_a-findfp.o)
                0x20000478                __sf
 .bss.errno     0x200005b0        0x4 C:/ST/STM32CubeIDE_1.19.0/STM32CubeIDE/plugins/com.st.stm32cube.ide.mcu.externaltools.gnu-tools-for-stm32.13.3.rel1.win32_1.0.100.202509120712/tools/bin/../lib/gcc/arm-none-eabi/13.3.1/../../../../arm-none-eabi/lib/thumb/v7-m/nofp\libc_nano.a(libc_a-reent.o)
                0x200005b0                errno
 .bss.__lock___malloc_recursive_mutex
                0x200005b4        0x1 C:/ST/STM32CubeIDE_1.19.0/STM32CubeIDE/plugins/com.st.stm32cube.ide.mcu.externaltools.gnu-tools-for-stm32.13.3.rel1.win32_1.0.100.202509120712/tools/bin/../lib/gcc/arm-none-eabi/13.3.1/../../../../arm-none-eabi/lib/thumb/v7-m/nofp\libc_nano.a(libc_a-lock.o)
                0x200005b4                __lock___malloc_recursive_mutex
 *fill*         0x200005b5        0x3 
 .bss.__malloc_sbrk_start
                0x200005b8        0x4 C:/ST/STM32CubeIDE_1.19.0/STM32CubeIDE/plugins/com.st.stm32cube.ide.mcu.externaltools.gnu-tools-for-stm32.13.3.rel1.win32_1.0.100.202509120712/tools/bin/../lib/gcc/arm-none-eabi/13.3.1/../../../../arm-none-eabi/lib/thumb/v7-m/nofp\libc_nano.a(libc_a-mallocr.o)
                0x200005b8                __malloc_sbrk_start
 .bss.__malloc_free_list
                0x200005bc        0x4 C:/ST/STM32CubeIDE_1.19.0/STM32CubeIDE/plugins/com.st.stm32cube.ide.mcu.externaltools.gnu-tools-for-stm32.13.3.rel1.win32_1.0.100.202509120712/tools/bin/../lib/gcc/arm-none-eabi/13.3.1/../../../../arm-none-eabi/lib/thumb/v7-m/nofp\libc_nano.a(libc_a-mallocr.o)
                0x200005bc                __malloc_free_list
 *(COMMON)
                0x200005c0                        . = ALIGN (0x4)
                0x200005c0                        _ebss = .
                0x200005c0                        __bss_end__ = _ebss

._user_heap_stack
                0x200005c0      0x600 load address 0x08008ef0
                0x200005c0                        . = ALIGN (0x8)
                [!provide]                        PROVIDE (end = .)
                0x200005c0                        PROVIDE (_end = .)
                0x200007c0                        . = (. + _Min_Heap_Size)
 *fill*         0x200005c0      0x200 
                0x20000bc0                        . = (. + _Min_Stack_Size)
 *fill*         0x200007c0      0x400 
                0x20000bc0                        . = ALIGN (0x8)

/DISCARD/
 libc.a(*)
 libm.a(*)
 libgcc.a(*)

.ARM.attributes
                0x00000000       0x29
 *(.ARM.attributes)
 .ARM.attributes
                0x00000000       0x1d C:/ST/STM32CubeIDE_1.19.0/STM32CubeIDE/plugins/com.st.stm32cube.ide.mcu.externaltools.gnu-tools-for-stm32.13.3.rel1.win32_1.0.100.202509120712/tools/bin/../lib/gcc/arm-none-eabi/13.3.1/thumb/v7-m/nofp/crti.o
 .ARM.attributes
                0x0000001d       0x2d C:/ST/STM32CubeIDE_1.19.0/STM32CubeIDE/plugins/com.st.stm32cube.ide.mcu.externaltools.gnu-tools-for-stm32.13.3.rel1.win32_1.0.100.202509120712/tools/bin/../lib/gcc/arm-none-eabi/13.3.1/thumb/v7-m/nofp/crtbegin.o
 .ARM.attributes
                0x0000004a       0x2d ./Core/Src/main.o
 .ARM.attributes
                0x00000077       0x2d ./Core/Src/stm32f1xx_hal_msp.o
 .ARM.attributes
                0x000000a4       0x2d ./Core/Src/stm32f1xx_it.o
 .ARM.attributes
                0x000000d1       0x2d ./Core/Src/sysmem.o
 .ARM.attributes
                0x000000fe       0x2d ./Core/Src/system_stm32f1xx.o
 .ARM.attributes
                0x0000012b       0x21 ./Core/Startup/startup_stm32f103c8tx.o
 .ARM.attributes
                0x0000014c       0x2d ./Drivers/STM32F1xx_HAL_Driver/Src/stm32f1xx_hal.o
 .ARM.attributes
                0x00000179       0x2d ./Drivers/STM32F1xx_HAL_Driver/Src/stm32f1xx_hal_cortex.o
 .ARM.attributes
                0x000001a6       0x2d ./Drivers/STM32F1xx_HAL_Driver/Src/stm32f1xx_hal_dma.o
 .ARM.attributes
                0x000001d3       0x2d ./Drivers/STM32F1xx_HAL_Driver/Src/stm32f1xx_hal_gpio.o
 .ARM.attributes
                0x00000200       0x2d ./Drivers/STM32F1xx_HAL_Driver/Src/stm32f1xx_hal_i2c.o
 .ARM.attributes
                0x0000022d       0x2d ./Drivers/STM32F1xx_HAL_Driver/Src/stm32f1xx_hal_iwdg.o
 .ARM.attributes
                0x0000025a       0x2d ./Drivers/STM32F1xx_HAL_Driver/Src/stm32f1xx_hal_pwr.o
 .ARM.attributes
                0x00000287       0x2d ./Drivers/STM32F1xx_HAL_Driver/Src/stm32f1xx_hal_rcc.o
 .ARM.attributes
                0x000002b4       0x2d ./Drivers/STM32F1xx_HAL_Driver/Src/stm32f1xx_hal_rcc_ex.o
 .ARM.attributes
                0x000002e1       0x2d ./Drivers/STM32F1xx_HAL_Driver/Src/stm32f1xx_hal_rtc.o
 .ARM.attributes
                0x0000030e       0x2d ./Drivers/STM32F1xx_HAL_Driver/Src/stm32f1xx_hal_uart.o
 .ARM.attributes
                0x0000033b       0x2d ./ascon/aead.o
 .ARM.attributes
                0x00000368       0x2d ./ascon/permutations.o
 .ARM.attributes
                0x00000395       0x2d ./sensor/bmp388/driver_bmp388.o
 .ARM.attributes
                0x000003c2       0x2d ./sensor/sensor_hal.o
 .ARM.attributes
                0x000003ef       0x2d ./sensor/sensors.o
 .ARM.attributes
                0x0000041c       0x2d ./sensor/sht30/driver_sht30.o
 .ARM.attributes
                0x00000449       0x2d C:/ST/STM32CubeIDE_1.19.0/STM32CubeIDE/plugins/com.st.stm32cube.ide.mcu.externaltools.gnu-tools-for-stm32.13.3.rel1.win32_1.0.100.202509120712/tools/bin/../lib/gcc/arm-none-eabi/13.3.1/../../../../arm-none-eabi/lib/thumb/v7-m/nofp\libc_nano.a(libc_a-findfp.o)
 .ARM.attributes
                0x00000476       0x2d C:/ST/STM32CubeIDE_1.19.0/STM32CubeIDE/plugins/com.st.stm32cube.ide.mcu.externaltools.gnu-tools-for-stm32.13.3.rel1.win32_1.0.100.202509120712/tools/bin/../lib/gcc/arm-none-eabi/13.3.1/../../../../arm-none-eabi/lib/thumb/v7-m/nofp\libc_nano.a(libc_a-vsnprintf.o)
 .ARM.attributes
                0x000004a3       0x2d C:/ST/STM32CubeIDE_1.19.0/STM32CubeIDE/plugins/com.st.stm32cube.ide.mcu.externaltools.gnu-tools-for-stm32.13.3.rel1.win32_1.0.100.202509120712/tools/bin/../lib/gcc/arm-none-eabi/13.3.1/../../../../arm-none-eabi/lib/thumb/v7-m/nofp\libc_nano.a(libc_a-memset.o)
 .ARM.attributes
                0x000004d0       0x2d C:/ST/STM32CubeIDE_1.19.0/STM32CubeIDE/plugins/com.st.stm32cube.ide.mcu.externaltools.gnu-tools-for-stm32.13.3.rel1.win32_1.0.100.202509120712/tools/bin/../lib/gcc/arm-none-eabi/13.3.1/../../../../arm-none-eabi/lib/thumb/v7-m/nofp\libc_nano.a(libc_a-reent.o)
 .ARM.attributes
                0x000004fd       0x2d C:/ST/STM32CubeIDE_1.19.0/STM32CubeIDE/plugins/com.st.stm32cube.ide.mcu.externaltools.gnu-tools-for-stm32.13.3.rel1.win32_1.0.100.202509120712/tools/bin/../lib/gcc/arm-none-eabi/13.3.1/../../../../arm-none-eabi/lib/thumb/v7-m/nofp\libc_nano.a(libc_a-impure.o)
 .ARM.attributes
                0x0000052a       0x2d C:/ST/STM32CubeIDE_1.19.0/STM32CubeIDE/plugins/com.st.stm32cube.ide.mcu.externaltools.gnu-tools-for-stm32.13.3.rel1.win32_1.0.100.202509120712/tools/bin/../lib/gcc/arm-none-eabi/13.3.1/../../../../arm-none-eabi/lib/thumb/v7-m/nofp\libc_nano.a(libc_a-errno.o)
 .ARM.attributes
                0x00000557       0x2d C:/ST/STM32CubeIDE_1.19.0/STM32CubeIDE/plugins/com.st.stm32cube.ide.mcu.externaltools.gnu-tools-for-stm32.13.3.rel1.win32_1.0.100.202509120712/tools/bin/../lib/gcc/arm-none-eabi/13.3.1/../../../../arm-none-eabi/lib/thumb/v7-m/nofp\libc_nano.a(libc_a-init.o)
 .ARM.attributes
                0x00000584       0x2d C:/ST/STM32CubeIDE_1.19.0/STM32CubeIDE/plugins/com.st.stm32cube.ide.mcu.externaltools.gnu-tools-for-stm32.13.3.rel1.win32_1.0.100.202509120712/tools/bin/../lib/gcc/arm-none-eabi/13.3.1/../../../../arm-none-eabi/lib/thumb/v7-m/nofp\libc_nano.a(libc_a-lock.o)
 .ARM.attributes
                0x000005b1       0x2d C:/ST/STM32CubeIDE_1.19.0/STM32CubeIDE/plugins/com.st.stm32cube.ide.mcu.externaltools.gnu-tools-for-stm32.13.3.rel1.win32_1.0.100.202509120712/tools/bin/../lib/gcc/arm-none-eabi/13.3.1/../../../../arm-none-eabi/lib/thumb/v7-m/nofp\libc_nano.a(libc_a-memcpy-stub.o)
 .ARM.attributes
                0x000005de       0x2d C:/ST/STM32CubeIDE_1.19.0/STM32CubeIDE/plugins/com.st.stm32cube.ide.mcu.externaltools.gnu-tools-for-stm32.13.3.rel1.win32_1.0.100.202509120712/tools/bin/../lib/gcc/arm-none-eabi/13.3.1/../../../../arm-none-eabi/lib/thumb/v7-m/nofp\libc_nano.a(libc_a-freer.o)
 .ARM.attributes
                0x0000060b       0x2d C:/ST/STM32CubeIDE_1.19.0/STM32CubeIDE/plugins/com.st.stm32cube.ide.mcu.externaltools.gnu-tools-for-stm32.13.3.rel1.win32_1.0.100.202509120712/tools/bin/../lib/gcc/arm-none-eabi/13.3.1/../../../../arm-none-eabi/lib/thumb/v7-m/nofp\libc_nano.a(libc_a-mallocr.o)
 .ARM.attributes
                0x00000638       0x2d C:/ST/STM32CubeIDE_1.19.0/STM32CubeIDE/plugins/com.st.stm32cube.ide.mcu.externaltools.gnu-tools-for-stm32.13.3.rel1.win32_1.0.100.202509120712/tools/bin/../lib/gcc/arm-none-eabi/13.3.1/../../../../arm-none-eabi/lib/thumb/v7-m/nofp\libc_nano.a(libc_a-mlock.o)
 .ARM.attributes
                0x00000665       0x2d C:/ST/STM32CubeIDE_1.19.0/STM32CubeIDE/plugins/com.st.stm32cube.ide.mcu.externaltools.gnu-tools-for-stm32.13.3.rel1.win32_1.0.100.202509120712/tools/bin/../lib/gcc/arm-none-eabi/13.3.1/../../../../arm-none-eabi/lib/thumb/v7-m/nofp\libc_nano.a(libc_a-nano-svfprintf.o)
 .ARM.attributes
                0x00000692       0x2d C:/ST/STM32CubeIDE_1.19.0/STM32CubeIDE/plugins/com.st.stm32cube.ide.mcu.externaltools.gnu-tools-for-stm32.13.3.rel1.win32_1.0.100.202509120712/tools/bin/../lib/gcc/arm-none-eabi/13.3.1/../../../../arm-none-eabi/lib/thumb/v7-m/nofp\libc_nano.a(libc_a-nano-vfprintf_i.o)
 .ARM.attributes
                0x000006bf       0x2d C:/ST/STM32CubeIDE_1.19.0/STM32CubeIDE/plugins/com.st.stm32cube.ide.mcu.externaltools.gnu-tools-for-stm32.13.3.rel1.win32_1.0.100.202509120712/tools/bin/../lib/gcc/arm-none-eabi/13.3.1/../../../../arm-none-eabi/lib/thumb/v7-m/nofp\libc_nano.a(libc_a-memmove.o)
 .ARM.attributes
                0x000006ec       0x2d C:/ST/STM32CubeIDE_1.19.0/STM32CubeIDE/plugins/com.st.stm32cube.ide.mcu.externaltools.gnu-tools-for-stm32.13.3.rel1.win32_1.0.100.202509120712/tools/bin/../lib/gcc/arm-none-eabi/13.3.1/../../../../arm-none-eabi/lib/thumb/v7-m/nofp\libc_nano.a(libc_a-sbrkr.o)
 .ARM.attributes
                0x00000719       0x2d C:/ST/STM32CubeIDE_1.19.0/STM32CubeIDE/plugins/com.st.stm32cube.ide.mcu.externaltools.gnu-tools-for-stm32.13.3.rel1.win32_1.0.100.202509120712/tools/bin/../lib/gcc/arm-none-eabi/13.3.1/../../../../arm-none-eabi/lib/thumb/v7-m/nofp\libc_nano.a(libc_a-memchr-stub.o)
 .ARM.attributes
                0x00000746       0x2d C:/ST/STM32CubeIDE_1.19.0/STM32CubeIDE/plugins/com.st.stm32cube.ide.mcu.externaltools.gnu-tools-for-stm32.13.3.rel1.win32_1.0.100.202509120712/tools/bin/../lib/gcc/arm-none-eabi/13.3.1/../../../../arm-none-eabi/lib/thumb/v7-m/nofp\libc_nano.a(libc_a-reallocr.o)
 .ARM.attributes
                0x00000773       0x2d C:/ST/STM32CubeIDE_1.19.0/STM32CubeIDE/plugins/com.st.stm32cube.ide.mcu.externaltools.gnu-tools-for-stm32.13.3.rel1.win32_1.0.100.202509120712/tools/bin/../lib/gcc/arm-none-eabi/13.3.1/../../../../arm-none-eabi/lib/thumb/v7-m/nofp\libc_nano.a(libc_a-msizer.o)
 .ARM.attributes
                0x000007a0       0x1d C:/ST/STM32CubeIDE_1.19.0/STM32CubeIDE/plugins/com.st.stm32cube.ide.mcu.externaltools.gnu-tools-for-stm32.13.3.rel1.win32_1.0.100.202509120712/tools/bin/../lib/gcc/arm-none-eabi/13.3.1/thumb/v7-m/nofp\libgcc.a(_arm_addsubdf3.o)
 .ARM.attributes
                0x000007bd       0x1d C:/ST/STM32CubeIDE_1.19.0/STM32CubeIDE/plugins/com.st.stm32cube.ide.mcu.externaltools.gnu-tools-for-stm32.13.3.rel1.win32_1.0.100.202509120712/tools/bin/../lib/gcc/arm-none-eabi/13.3.1/thumb/v7-m/nofp\libgcc.a(_arm_muldivdf3.o)
 .ARM.attributes
                0x000007da       0x1d C:/ST/STM32CubeIDE_1.19.0/STM32CubeIDE/plugins/com.st.stm32cube.ide.mcu.externaltools.gnu-tools-for-stm32.13.3.rel1.win32_1.0.100.202509120712/tools/bin/../lib/gcc/arm-none-eabi/13.3.1/thumb/v7-m/nofp\libgcc.a(_arm_truncdfsf2.o)
 .ARM.attributes
                0x000007f7       0x1d C:/ST/STM32CubeIDE_1.19.0/STM32CubeIDE/plugins/com.st.stm32cube.ide.mcu.externaltools.gnu-tools-for-stm32.13.3.rel1.win32_1.0.100.202509120712/tools/bin/../lib/gcc/arm-none-eabi/13.3.1/thumb/v7-m/nofp\libgcc.a(_arm_addsubsf3.o)
 .ARM.attributes
                0x00000814       0x1d C:/ST/STM32CubeIDE_1.19.0/STM32CubeIDE/plugins/com.st.stm32cube.ide.mcu.externaltools.gnu-tools-for-stm32.13.3.rel1.win32_1.0.100.202509120712/tools/bin/../lib/gcc/arm-none-eabi/13.3.1/thumb/v7-m/nofp\libgcc.a(_arm_muldivsf3.o)
 .ARM.attributes
                0x00000831       0x1d C:/ST/STM32CubeIDE_1.19.0/STM32CubeIDE/plugins/com.st.stm32cube.ide.mcu.externaltools.gnu-tools-for-stm32.13.3.rel1.win32_1.0.100.202509120712/tools/bin/../lib/gcc/arm-none-eabi/13.3.1/thumb/v7-m/nofp\libgcc.a(_arm_cmpsf2.o)
 .ARM.attributes
                0x0000084e       0x1d C:/ST/STM32CubeIDE_1.19.0/STM32CubeIDE/plugins/com.st.stm32cube.ide.mcu.externaltools.gnu-tools-for-stm32.13.3.rel1.win32_1.0.100.202509120712/tools/bin/../lib/gcc/arm-none-eabi/13.3.1/thumb/v7-m/nofp\libgcc.a(_arm_fixsfsi.o)
 .ARM.attributes
                0x0000086b       0x1d C:/ST/STM32CubeIDE_1.19.0/STM32CubeIDE/plugins/com.st.stm32cube.ide.mcu.externaltools.gnu-tools-for-stm32.13.3.rel1.win32_1.0.100.202509120712/tools/bin/../lib/gcc/arm-none-eabi/13.3.1/thumb/v7-m/nofp\libgcc.a(_arm_fixunssfsi.o)
 .ARM.attributes
                0x00000888       0x1d C:/ST/STM32CubeIDE_1.19.0/STM32CubeIDE/plugins/com.st.stm32cube.ide.mcu.externaltools.gnu-tools-for-stm32.13.3.rel1.win32_1.0.100.202509120712/tools/bin/../lib/gcc/arm-none-eabi/13.3.1/thumb/v7-m/nofp/crtn.o
OUTPUT(node_stm32_ver1.elf elf32-littlearm)
LOAD linker stubs
LOAD C:/ST/STM32CubeIDE_1.19.0/STM32CubeIDE/plugins/com.st.stm32cube.ide.mcu.externaltools.gnu-tools-for-stm32.13.3.rel1.win32_1.0.100.202509120712/tools/bin/../lib/gcc/arm-none-eabi/13.3.1/../../../../arm-none-eabi/lib/thumb/v7-m/nofp\libc.a
LOAD C:/ST/STM32CubeIDE_1.19.0/STM32CubeIDE/plugins/com.st.stm32cube.ide.mcu.externaltools.gnu-tools-for-stm32.13.3.rel1.win32_1.0.100.202509120712/tools/bin/../lib/gcc/arm-none-eabi/13.3.1/../../../../arm-none-eabi/lib/thumb/v7-m/nofp\libm.a
LOAD C:/ST/STM32CubeIDE_1.19.0/STM32CubeIDE/plugins/com.st.stm32cube.ide.mcu.externaltools.gnu-tools-for-stm32.13.3.rel1.win32_1.0.100.202509120712/tools/bin/../lib/gcc/arm-none-eabi/13.3.1/thumb/v7-m/nofp\libgcc.a

.debug_info     0x00000000    0x19f19
 .debug_info    0x00000000     0x2295 ./Core/Src/main.o
 .debug_info    0x00002295     0x1172 ./Core/Src/stm32f1xx_hal_msp.o
 .debug_info    0x00003407      0x851 ./Core/Src/stm32f1xx_it.o
 .debug_info    0x00003c58      0x175 ./Core/Src/sysmem.o
 .debug_info    0x00003dcd      0x231 ./Core/Src/system_stm32f1xx.o
 .debug_info    0x00003ffe       0x30 ./Core/Startup/startup_stm32f103c8tx.o
 .debug_info    0x0000402e      0x7dc ./Drivers/STM32F1xx_HAL_Driver/Src/stm32f1xx_hal.o
 .debug_info    0x0000480a      0xced ./Drivers/STM32F1xx_HAL_Driver/Src/stm32f1xx_hal_cortex.o
 .debug_info    0x000054f7      0x7e8 ./Drivers/STM32F1xx_HAL_Driver/Src/stm32f1xx_hal_dma.o
 .debug_info    0x00005cdf      0x612 ./Drivers/STM32F1xx_HAL_Driver/Src/stm32f1xx_hal_gpio.o
 .debug_info    0x000062f1     0x38bc ./Drivers/STM32F1xx_HAL_Driver/Src/stm32f1xx_hal_i2c.o
 .debug_info    0x00009bad      0x1fa ./Drivers/STM32F1xx_HAL_Driver/Src/stm32f1xx_hal_iwdg.o
 .debug_info    0x00009da7      0x66d ./Drivers/STM32F1xx_HAL_Driver/Src/stm32f1xx_hal_pwr.o
 .debug_info    0x0000a414      0x9fb ./Drivers/STM32F1xx_HAL_Driver/Src/stm32f1xx_hal_rcc.o
 .debug_info    0x0000ae0f      0x420 ./Drivers/STM32F1xx_HAL_Driver/Src/stm32f1xx_hal_rcc_ex.o
 .debug_info    0x0000b22f     0x12a8 ./Drivers/STM32F1xx_HAL_Driver/Src/stm32f1xx_hal_rtc.o
 .debug_info    0x0000c4d7     0x4077 ./Drivers/STM32F1xx_HAL_Driver/Src/stm32f1xx_hal_uart.o
 .debug_info    0x0001054e     0x1505 ./ascon/aead.o
 .debug_info    0x00011a53      0x822 ./ascon/permutations.o
 .debug_info    0x00012275     0x40ea ./sensor/bmp388/driver_bmp388.o
 .debug_info    0x0001635f     0x1647 ./sensor/sensor_hal.o
 .debug_info    0x000179a6      0xe39 ./sensor/sensors.o
 .debug_info    0x000187df     0x173a ./sensor/sht30/driver_sht30.o

.debug_abbrev   0x00000000     0x3bd6
 .debug_abbrev  0x00000000      0x476 ./Core/Src/main.o
 .debug_abbrev  0x00000476      0x277 ./Core/Src/stm32f1xx_hal_msp.o
 .debug_abbrev  0x000006ed      0x1b2 ./Core/Src/stm32f1xx_it.o
 .debug_abbrev  0x0000089f       0xec ./Core/Src/sysmem.o
 .debug_abbrev  0x0000098b      0x145 ./Core/Src/system_stm32f1xx.o
 .debug_abbrev  0x00000ad0       0x24 ./Core/Startup/startup_stm32f103c8tx.o
 .debug_abbrev  0x00000af4      0x272 ./Drivers/STM32F1xx_HAL_Driver/Src/stm32f1xx_hal.o
 .debug_abbrev  0x00000d66      0x36b ./Drivers/STM32F1xx_HAL_Driver/Src/stm32f1xx_hal_cortex.o
 .debug_abbrev  0x000010d1      0x260 ./Drivers/STM32F1xx_HAL_Driver/Src/stm32f1xx_hal_dma.o
 .debug_abbrev  0x00001331      0x200 ./Drivers/STM32F1xx_HAL_Driver/Src/stm32f1xx_hal_gpio.o
 .debug_abbrev  0x00001531      0x446 ./Drivers/STM32F1xx_HAL_Driver/Src/stm32f1xx_hal_i2c.o
 .debug_abbrev  0x00001977      0x13b ./Drivers/STM32F1xx_HAL_Driver/Src/stm32f1xx_hal_iwdg.o
 .debug_abbrev  0x00001ab2      0x1eb ./Drivers/STM32F1xx_HAL_Driver/Src/stm32f1xx_hal_pwr.o
 .debug_abbrev  0x00001c9d      0x2ff ./Drivers/STM32F1xx_HAL_Driver/Src/stm32f1xx_hal_rcc.o
 .debug_abbrev  0x00001f9c      0x1d8 ./Drivers/STM32F1xx_HAL_Driver/Src/stm32f1xx_hal_rcc_ex.o
 .debug_abbrev  0x00002174      0x316 ./Drivers/STM32F1xx_HAL_Driver/Src/stm32f1xx_hal_rtc.o
 .debug_abbrev  0x0000248a      0x40d ./Drivers/STM32F1xx_HAL_Driver/Src/stm32f1xx_hal_uart.o
 .debug_abbrev  0x00002897      0x333 ./ascon/aead.o
 .debug_abbrev  0x00002bca      0x15b ./ascon/permutations.o
 .debug_abbrev  0x00002d25      0x3f7 ./sensor/bmp388/driver_bmp388.o
 .debug_abbrev  0x0000311c      0x480 ./sensor/sensor_hal.o
 .debug_abbrev  0x0000359c      0x308 ./sensor/sensors.o
 .debug_abbrev  0x000038a4      0x332 ./sensor/sht30/driver_sht30.o

.debug_loclists
                0x00000000     0xb986
 .debug_loclists
                0x00000000      0x39c ./Core/Src/main.o
 .debug_loclists
                0x0000039c      0x111 ./Core/Src/stm32f1xx_hal_msp.o
 .debug_loclists
                0x000004ad       0x3b ./Core/Src/sysmem.o
 .debug_loclists
                0x000004e8       0xac ./Core/Src/system_stm32f1xx.o
 .debug_loclists
                0x00000594       0xd5 ./Drivers/STM32F1xx_HAL_Driver/Src/stm32f1xx_hal.o
 .debug_loclists
                0x00000669      0x3cb ./Drivers/STM32F1xx_HAL_Driver/Src/stm32f1xx_hal_cortex.o
 .debug_loclists
                0x00000a34      0x4b9 ./Drivers/STM32F1xx_HAL_Driver/Src/stm32f1xx_hal_dma.o
 .debug_loclists
                0x00000eed      0x2e9 ./Drivers/STM32F1xx_HAL_Driver/Src/stm32f1xx_hal_gpio.o
 .debug_loclists
                0x000011d6     0x257b ./Drivers/STM32F1xx_HAL_Driver/Src/stm32f1xx_hal_i2c.o
 .debug_loclists
                0x00003751       0x66 ./Drivers/STM32F1xx_HAL_Driver/Src/stm32f1xx_hal_iwdg.o
 .debug_loclists
                0x000037b7       0xb5 ./Drivers/STM32F1xx_HAL_Driver/Src/stm32f1xx_hal_pwr.o
 .debug_loclists
                0x0000386c      0x41d ./Drivers/STM32F1xx_HAL_Driver/Src/stm32f1xx_hal_rcc.o
 .debug_loclists
                0x00003c89      0x270 ./Drivers/STM32F1xx_HAL_Driver/Src/stm32f1xx_hal_rcc_ex.o
 .debug_loclists
                0x00003ef9      0xc28 ./Drivers/STM32F1xx_HAL_Driver/Src/stm32f1xx_hal_rtc.o
 .debug_loclists
                0x00004b21     0x2910 ./Drivers/STM32F1xx_HAL_Driver/Src/stm32f1xx_hal_uart.o
 .debug_loclists
                0x00007431      0xd63 ./ascon/aead.o
 .debug_loclists
                0x00008194       0x24 ./ascon/permutations.o
 .debug_loclists
                0x000081b8     0x229c ./sensor/bmp388/driver_bmp388.o
 .debug_loclists
                0x0000a454      0x393 ./sensor/sensor_hal.o
 .debug_loclists
                0x0000a7e7      0x164 ./sensor/sensors.o
 .debug_loclists
                0x0000a94b     0x103b ./sensor/sht30/driver_sht30.o

.debug_aranges  0x00000000      0xf58
 .debug_aranges
                0x00000000       0x50 ./Core/Src/main.o
 .debug_aranges
                0x00000050       0x50 ./Core/Src/stm32f1xx_hal_msp.o
 .debug_aranges
                0x000000a0       0x78 ./Core/Src/stm32f1xx_it.o
 .debug_aranges
                0x00000118       0x20 ./Core/Src/sysmem.o
 .debug_aranges
                0x00000138       0x28 ./Core/Src/system_stm32f1xx.o
 .debug_aranges
                0x00000160       0x28 ./Core/Startup/startup_stm32f103c8tx.o
 .debug_aranges
                0x00000188       0xe0 ./Drivers/STM32F1xx_HAL_Driver/Src/stm32f1xx_hal.o
 .debug_aranges
                0x00000268       0x90 ./Drivers/STM32F1xx_HAL_Driver/Src/stm32f1xx_hal_cortex.o
 .debug_aranges
                0x000002f8       0x78 ./Drivers/STM32F1xx_HAL_Driver/Src/stm32f1xx_hal_dma.o
 .debug_aranges
                0x00000370       0x58 ./Drivers/STM32F1xx_HAL_Driver/Src/stm32f1xx_hal_gpio.o
 .debug_aranges
                0x000003c8      0x208 ./Drivers/STM32F1xx_HAL_Driver/Src/stm32f1xx_hal_i2c.o
 .debug_aranges
                0x000005d0       0x28 ./Drivers/STM32F1xx_HAL_Driver/Src/stm32f1xx_hal_iwdg.o
 .debug_aranges
                0x000005f8       0xa8 ./Drivers/STM32F1xx_HAL_Driver/Src/stm32f1xx_hal_pwr.o
 .debug_aranges
                0x000006a0       0x88 ./Drivers/STM32F1xx_HAL_Driver/Src/stm32f1xx_hal_rcc.o
 .debug_aranges
                0x00000728       0x30 ./Drivers/STM32F1xx_HAL_Driver/Src/stm32f1xx_hal_rcc_ex.o
 .debug_aranges
                0x00000758       0xe8 ./Drivers/STM32F1xx_HAL_Driver/Src/stm32f1xx_hal_rtc.o
 .debug_aranges
                0x00000840      0x1f0 ./Drivers/STM32F1xx_HAL_Driver/Src/stm32f1xx_hal_uart.o
 .debug_aranges
                0x00000a30       0x78 ./ascon/aead.o
 .debug_aranges
                0x00000aa8       0x28 ./ascon/permutations.o
 .debug_aranges
                0x00000ad0      0x288 ./sensor/bmp388/driver_bmp388.o
 .debug_aranges
                0x00000d58       0xd0 ./sensor/sensor_hal.o
 .debug_aranges
                0x00000e28       0x30 ./sensor/sensors.o
 .debug_aranges
                0x00000e58      0x100 ./sensor/sht30/driver_sht30.o

.debug_rnglists
                0x00000000     0x1219
 .debug_rnglists
                0x00000000      0x114 ./Core/Src/main.o
 .debug_rnglists
                0x00000114       0xc9 ./Core/Src/stm32f1xx_hal_msp.o
 .debug_rnglists
                0x000001dd       0x55 ./Core/Src/stm32f1xx_it.o
 .debug_rnglists
                0x00000232       0x13 ./Core/Src/sysmem.o
 .debug_rnglists
                0x00000245       0x19 ./Core/Src/system_stm32f1xx.o
 .debug_rnglists
                0x0000025e       0x19 ./Core/Startup/startup_stm32f103c8tx.o
 .debug_rnglists
                0x00000277       0xa3 ./Drivers/STM32F1xx_HAL_Driver/Src/stm32f1xx_hal.o
 .debug_rnglists
                0x0000031a       0xd3 ./Drivers/STM32F1xx_HAL_Driver/Src/stm32f1xx_hal_cortex.o
 .debug_rnglists
                0x000003ed       0x70 ./Drivers/STM32F1xx_HAL_Driver/Src/stm32f1xx_hal_dma.o
 .debug_rnglists
                0x0000045d       0x51 ./Drivers/STM32F1xx_HAL_Driver/Src/stm32f1xx_hal_gpio.o
 .debug_rnglists
                0x000004ae      0x38c ./Drivers/STM32F1xx_HAL_Driver/Src/stm32f1xx_hal_i2c.o
 .debug_rnglists
                0x0000083a       0x19 ./Drivers/STM32F1xx_HAL_Driver/Src/stm32f1xx_hal_iwdg.o
 .debug_rnglists
                0x00000853       0x79 ./Drivers/STM32F1xx_HAL_Driver/Src/stm32f1xx_hal_pwr.o
 .debug_rnglists
                0x000008cc       0x85 ./Drivers/STM32F1xx_HAL_Driver/Src/stm32f1xx_hal_rcc.o
 .debug_rnglists
                0x00000951       0x3f ./Drivers/STM32F1xx_HAL_Driver/Src/stm32f1xx_hal_rcc_ex.o
 .debug_rnglists
                0x00000990       0xd7 ./Drivers/STM32F1xx_HAL_Driver/Src/stm32f1xx_hal_rtc.o
 .debug_rnglists
                0x00000a67      0x1c9 ./Drivers/STM32F1xx_HAL_Driver/Src/stm32f1xx_hal_uart.o
 .debug_rnglists
                0x00000c30      0x105 ./ascon/aead.o
 .debug_rnglists
                0x00000d35       0x4f ./ascon/permutations.o
 .debug_rnglists
                0x00000d84      0x2b9 ./sensor/bmp388/driver_bmp388.o
 .debug_rnglists
                0x0000103d       0x99 ./sensor/sensor_hal.o
 .debug_rnglists
                0x000010d6       0x81 ./sensor/sensors.o
 .debug_rnglists
                0x00001157       0xc2 ./sensor/sht30/driver_sht30.o

.debug_macro    0x00000000    0x192b0
 .debug_macro   0x00000000      0x2d6 ./Core/Src/main.o
 .debug_macro   0x000002d6      0xad2 ./Core/Src/main.o
 .debug_macro   0x00000da8      0x227 ./Core/Src/main.o
 .debug_macro   0x00000fcf       0x2e ./Core/Src/main.o
 .debug_macro   0x00000ffd       0x22 ./Core/Src/main.o
 .debug_macro   0x0000101f       0x22 ./Core/Src/main.o
 .debug_macro   0x00001041       0x8e ./Core/Src/main.o
 .debug_macro   0x000010cf       0x51 ./Core/Src/main.o
 .debug_macro   0x00001120      0x103 ./Core/Src/main.o
 .debug_macro   0x00001223       0x6a ./Core/Src/main.o
 .debug_macro   0x0000128d      0x1df ./Core/Src/main.o
 .debug_macro   0x0000146c       0x1c ./Core/Src/main.o
 .debug_macro   0x00001488       0x22 ./Core/Src/main.o
 .debug_macro   0x000014aa       0xbd ./Core/Src/main.o
 .debug_macro   0x00001567      0xd23 ./Core/Src/main.o
 .debug_macro   0x0000228a     0xe09e ./Core/Src/main.o
 .debug_macro   0x00010328       0x6d ./Core/Src/main.o
 .debug_macro   0x00010395     0x34a2 ./Core/Src/main.o
 .debug_macro   0x00013837      0x190 ./Core/Src/main.o
 .debug_macro   0x000139c7       0x5c ./Core/Src/main.o
 .debug_macro   0x00013a23      0x5bc ./Core/Src/main.o
 .debug_macro   0x00013fdf      0x289 ./Core/Src/main.o
 .debug_macro   0x00014268      0x1cb ./Core/Src/main.o
 .debug_macro   0x00014433      0x114 ./Core/Src/main.o
 .debug_macro   0x00014547      0x1b2 ./Core/Src/main.o
 .debug_macro   0x000146f9       0x27 ./Core/Src/main.o
 .debug_macro   0x00014720      0x136 ./Core/Src/main.o
 .debug_macro   0x00014856      0x1bc ./Core/Src/main.o
 .debug_macro   0x00014a12       0x34 ./Core/Src/main.o
 .debug_macro   0x00014a46       0x3c ./Core/Src/main.o
 .debug_macro   0x00014a82       0x57 ./Core/Src/main.o
 .debug_macro   0x00014ad9       0x87 ./Core/Src/main.o
 .debug_macro   0x00014b60      0x240 ./Core/Src/main.o
 .debug_macro   0x00014da0      0x287 ./Core/Src/main.o
 .debug_macro   0x00015027       0x78 ./Core/Src/main.o
 .debug_macro   0x0001509f      0x140 ./Core/Src/main.o
 .debug_macro   0x000151df      0x1ef ./Core/Src/main.o
 .debug_macro   0x000153ce       0xeb ./Core/Src/main.o
 .debug_macro   0x000154b9      0x28e ./Core/Src/main.o
 .debug_macro   0x00015747       0x83 ./Core/Src/main.o
 .debug_macro   0x000157ca       0x94 ./Core/Src/main.o
 .debug_macro   0x0001585e       0x40 ./Core/Src/main.o
 .debug_macro   0x0001589e       0x34 ./Core/Src/main.o
 .debug_macro   0x000158d2       0x1c ./Core/Src/main.o
 .debug_macro   0x000158ee       0x61 ./Core/Src/main.o
 .debug_macro   0x0001594f       0x24 ./Core/Src/main.o
 .debug_macro   0x00015973       0x43 ./Core/Src/main.o
 .debug_macro   0x000159b6       0x34 ./Core/Src/main.o
 .debug_macro   0x000159ea      0x370 ./Core/Src/main.o
 .debug_macro   0x00015d5a       0x16 ./Core/Src/main.o
 .debug_macro   0x00015d70       0x4a ./Core/Src/main.o
 .debug_macro   0x00015dba       0x34 ./Core/Src/main.o
 .debug_macro   0x00015dee       0x10 ./Core/Src/main.o
 .debug_macro   0x00015dfe       0x58 ./Core/Src/main.o
 .debug_macro   0x00015e56       0x8e ./Core/Src/main.o
 .debug_macro   0x00015ee4       0x1c ./Core/Src/main.o
 .debug_macro   0x00015f00      0x185 ./Core/Src/main.o
 .debug_macro   0x00016085       0x10 ./Core/Src/main.o
 .debug_macro   0x00016095       0x3c ./Core/Src/main.o
 .debug_macro   0x000160d1       0x20 ./Core/Src/main.o
 .debug_macro   0x000160f1      0x1c5 ./Core/Src/stm32f1xx_hal_msp.o
 .debug_macro   0x000162b6      0x1cf ./Core/Src/stm32f1xx_it.o
 .debug_macro   0x00016485      0x112 ./Core/Src/sysmem.o
 .debug_macro   0x00016597      0x23c ./Core/Src/sysmem.o
 .debug_macro   0x000167d3      0x1b6 ./Core/Src/system_stm32f1xx.o
 .debug_macro   0x00016989      0x1da ./Drivers/STM32F1xx_HAL_Driver/Src/stm32f1xx_hal.o
 .debug_macro   0x00016b63      0x1b6 ./Drivers/STM32F1xx_HAL_Driver/Src/stm32f1xx_hal_cortex.o
 .debug_macro   0x00016d19      0x1b6 ./Drivers/STM32F1xx_HAL_Driver/Src/stm32f1xx_hal_dma.o
 .debug_macro   0x00016ecf      0x221 ./Drivers/STM32F1xx_HAL_Driver/Src/stm32f1xx_hal_gpio.o
 .debug_macro   0x000170f0      0x204 ./Drivers/STM32F1xx_HAL_Driver/Src/stm32f1xx_hal_i2c.o
 .debug_macro   0x000172f4      0x1c2 ./Drivers/STM32F1xx_HAL_Driver/Src/stm32f1xx_hal_iwdg.o
 .debug_macro   0x000174b6      0x216 ./Drivers/STM32F1xx_HAL_Driver/Src/stm32f1xx_hal_pwr.o
 .debug_macro   0x000176cc      0x1c8 ./Drivers/STM32F1xx_HAL_Driver/Src/stm32f1xx_hal_rcc.o
 .debug_macro   0x00017894      0x1b6 ./Drivers/STM32F1xx_HAL_Driver/Src/stm32f1xx_hal_rcc_ex.o
 .debug_macro   0x00017a4a      0x1c5 ./Drivers/STM32F1xx_HAL_Driver/Src/stm32f1xx_hal_rtc.o
 .debug_macro   0x00017c0f      0x1b7 ./Drivers/STM32F1xx_HAL_Driver/Src/stm32f1xx_hal_uart.o
 .debug_macro   0x00017dc6      0x1cd ./ascon/aead.o
 .debug_macro   0x00017f93       0x1c ./ascon/aead.o
 .debug_macro   0x00017faf      0x1c0 ./ascon/aead.o
 .debug_macro   0x0001816f       0x22 ./ascon/aead.o
 .debug_macro   0x00018191       0x10 ./ascon/aead.o
 .debug_macro   0x000181a1       0x1c ./ascon/aead.o
 .debug_macro   0x000181bd       0x1c ./ascon/aead.o
 .debug_macro   0x000181d9       0x10 ./ascon/aead.o
 .debug_macro   0x000181e9      0x1b4 ./ascon/permutations.o
 .debug_macro   0x0001839d      0x2d5 ./sensor/bmp388/driver_bmp388.o
 .debug_macro   0x00018672       0x16 ./sensor/bmp388/driver_bmp388.o
 .debug_macro   0x00018688       0x9e ./sensor/bmp388/driver_bmp388.o
 .debug_macro   0x00018726      0x112 ./sensor/bmp388/driver_bmp388.o
 .debug_macro   0x00018838       0x16 ./sensor/bmp388/driver_bmp388.o
 .debug_macro   0x0001884e       0x16 ./sensor/bmp388/driver_bmp388.o
 .debug_macro   0x00018864       0x58 ./sensor/bmp388/driver_bmp388.o
 .debug_macro   0x000188bc      0x30c ./sensor/sensor_hal.o
 .debug_macro   0x00018bc8       0x3a ./sensor/sensor_hal.o
 .debug_macro   0x00018c02       0x58 ./sensor/sensor_hal.o
 .debug_macro   0x00018c5a      0x2fd ./sensor/sensors.o
 .debug_macro   0x00018f57       0x16 ./sensor/sensors.o
 .debug_macro   0x00018f6d       0x9a ./sensor/sensors.o
 .debug_macro   0x00019007       0x3c ./sensor/sensors.o
 .debug_macro   0x00019043       0x5e ./sensor/sensors.o
 .debug_macro   0x000190a1      0x20f ./sensor/sht30/driver_sht30.o

.debug_line     0x00000000    0x1ad80
 .debug_line    0x00000000     0x1246 ./Core/Src/main.o