Archive member included to satisfy reference by file (symbol)

C:/ST/STM32CubeIDE_1.19.0/STM32CubeIDE/plugins/com.st.stm32cube.ide.mcu.externaltools.gnu-tools-for-stm32.13.3.rel1.win32_1.0.100.202509120712/tools/bin/../lib/gcc/arm-none-eabi/13.3.1/../../../../arm-none-eabi/lib/thumb/v7-m/nofp\libc_nano.a(libc_a-exit.o)
                              C:/ST/STM32CubeIDE_1.19.0/STM32CubeIDE/plugins/com.st.stm32cube.ide.mcu.externaltools.gnu-tools-for-stm32.13.3.rel1.win32_1.0.100.202509120712/tools/bin/../lib/gcc/arm-none-eabi/13.3.1/../../../../arm-none-eabi/lib/thumb/v7-m/nofp/crt0.o (exit)
C:/ST/STM32CubeIDE_1.19.0/STM32CubeIDE/plugins/com.st.stm32cube.ide.mcu.externaltools.gnu-tools-for-stm32.13.3.rel1.win32_1.0.100.202509120712/tools/bin/../lib/gcc/arm-none-eabi/13.3.1/../../../../arm-none-eabi/lib/thumb/v7-m/nofp\libc_nano.a(libc_a-findfp.o)
                              C:/ST/STM32CubeIDE_1.19.0/STM32CubeIDE/plugins/com.st.stm32cube.ide.mcu.externaltools.gnu-tools-for-stm32.13.3.rel1.win32_1.0.100.202509120712/tools/bin/../lib/gcc/arm-none-eabi/13.3.1/../../../../arm-none-eabi/lib/thumb/v7-m/nofp\libc_nano.a(libc_a-exit.o) (__stdio_exit_handler)
C:/ST/STM32CubeIDE_1.19.0/STM32CubeIDE/plugins/com.st.stm32cube.ide.mcu.externaltools.gnu-tools-for-stm32.13.3.rel1.win32_1.0.100.202509120712/tools/bin/../lib/gcc/arm-none-eabi/13.3.1/../../../../arm-none-eabi/lib/thumb/v7-m/nofp\libc_nano.a(libc_a-fwalk.o)
                              C:/ST/STM32CubeIDE_1.19.0/STM32CubeIDE/plugins/com.st.stm32cube.ide.mcu.externaltools.gnu-tools-for-stm32.13.3.rel1.win32_1.0.100.202509120712/tools/bin/../lib/gcc/arm-none-eabi/13.3.1/../../../../arm-none-eabi/lib/thumb/v7-m/nofp\libc_nano.a(libc_a-findfp.o) (_fwalk_sglue)
C:/ST/STM32CubeIDE_1.19.0/STM32CubeIDE/plugins/com.st.stm32cube.ide.mcu.externaltools.gnu-tools-for-stm32.13.3.rel1.win32_1.0.100.202509120712/tools/bin/../lib/gcc/arm-none-eabi/13.3.1/../../../../arm-none-eabi/lib/thumb/v7-m/nofp\libc_nano.a(libc_a-stdio.o)
                              C:/ST/STM32CubeIDE_1.19.0/STM32CubeIDE/plugins/com.st.stm32cube.ide.mcu.externaltools.gnu-tools-for-stm32.13.3.rel1.win32_1.0.100.202509120712/tools/bin/../lib/gcc/arm-none-eabi/13.3.1/../../../../arm-none-eabi/lib/thumb/v7-m/nofp\libc_nano.a(libc_a-findfp.o) (__sread)
C:/ST/STM32CubeIDE_1.19.0/STM32CubeIDE/plugins/com.st.stm32cube.ide.mcu.externaltools.gnu-tools-for-stm32.13.3.rel1.win32_1.0.100.202509120712/tools/bin/../lib/gcc/arm-none-eabi/13.3.1/../../../../arm-none-eabi/lib/thumb/v7-m/nofp\libc_nano.a(libc_a-vsnprintf.o)
                              ./sensor/sensor_hal.o (vsnprintf)
C:/ST/STM32CubeIDE_1.19.0/STM32CubeIDE/plugins/com.st.stm32cube.ide.mcu.externaltools.gnu-tools-for-stm32.13.3.rel1.win32_1.0.100.202509120712/tools/bin/../lib/gcc/arm-none-eabi/13.3.1/../../../../arm-none-eabi/lib/thumb/v7-m/nofp\libc_nano.a(libc_a-memset.o)
                              C:/ST/STM32CubeIDE_1.19.0/STM32CubeIDE/plugins/com.st.stm32cube.ide.mcu.externaltools.gnu-tools-for-stm32.13.3.rel1.win32_1.0.100.202509120712/tools/bin/../lib/gcc/arm-none-eabi/13.3.1/../../../../arm-none-eabi/lib/thumb/v7-m/nofp/crt0.o (memset)
C:/ST/STM32CubeIDE_1.19.0/STM32CubeIDE/plugins/com.st.stm32cube.ide.mcu.externaltools.gnu-tools-for-stm32.13.3.rel1.win32_1.0.100.202509120712/tools/bin/../lib/gcc/arm-none-eabi/13.3.1/../../../../arm-none-eabi/lib/thumb/v7-m/nofp\libc_nano.a(libc_a-strncpy.o)
                              ./sensor/bmp388/driver_bmp388.o (strncpy)
C:/ST/STM32CubeIDE_1.19.0/STM32CubeIDE/plugins/com.st.stm32cube.ide.mcu.externaltools.gnu-tools-for-stm32.13.3.rel1.win32_1.0.100.202509120712/tools/bin/../lib/gcc/arm-none-eabi/13.3.1/../../../../arm-none-eabi/lib/thumb/v7-m/nofp\libc_nano.a(libc_a-closer.o)
                              C:/ST/STM32CubeIDE_1.19.0/STM32CubeIDE/plugins/com.st.stm32cube.ide.mcu.externaltools.gnu-tools-for-stm32.13.3.rel1.win32_1.0.100.202509120712/tools/bin/../lib/gcc/arm-none-eabi/13.3.1/../../../../arm-none-eabi/lib/thumb/v7-m/nofp\libc_nano.a(libc_a-stdio.o) (_close_r)
C:/ST/STM32CubeIDE_1.19.0/STM32CubeIDE/plugins/com.st.stm32cube.ide.mcu.externaltools.gnu-tools-for-stm32.13.3.rel1.win32_1.0.100.202509120712/tools/bin/../lib/gcc/arm-none-eabi/13.3.1/../../../../arm-none-eabi/lib/thumb/v7-m/nofp\libc_nano.a(libc_a-reent.o)
                              C:/ST/STM32CubeIDE_1.19.0/STM32CubeIDE/plugins/com.st.stm32cube.ide.mcu.externaltools.gnu-tools-for-stm32.13.3.rel1.win32_1.0.100.202509120712/tools/bin/../lib/gcc/arm-none-eabi/13.3.1/../../../../arm-none-eabi/lib/thumb/v7-m/nofp\libc_nano.a(libc_a-closer.o) (errno)
C:/ST/STM32CubeIDE_1.19.0/STM32CubeIDE/plugins/com.st.stm32cube.ide.mcu.externaltools.gnu-tools-for-stm32.13.3.rel1.win32_1.0.100.202509120712/tools/bin/../lib/gcc/arm-none-eabi/13.3.1/../../../../arm-none-eabi/lib/thumb/v7-m/nofp\libc_nano.a(libc_a-impure.o)
[...]
Memory Configuration

Name             Origin             Length             Attributes
RAM              0x20000000         0x00005000         xrw
FLASH            0x08000000         0x00010000         xr
*default*        0x00000000         0xffffffff

Linker script and memory map

LOAD C:/ST/STM32CubeIDE_1.19.0/STM32CubeIDE/plugins/com.st.stm32cube.ide.mcu.externaltools.gnu-tools-for-stm32.13.3.rel1.win32_1.0.100.202509120712/tools/bin/../lib/gcc/arm-none-eabi/13.3.1/thumb/v7-m/nofp/crti.o
LOAD C:/ST/STM32CubeIDE_1.19.0/STM32CubeIDE/plugins/com.st.stm32cube.ide.mcu.externaltools.gnu-tools-for-stm32.13.3.rel1.win32_1.0.100.202509120712/tools/bin/../lib/gcc/arm-none-eabi/13.3.1/thumb/v7-m/nofp/crtbegin.o
LOAD C:/ST/STM32CubeIDE_1.19.0/STM32CubeIDE/plugins/com.st.stm32cube.ide.mcu.externaltools.gnu-tools-for-stm32.13.3.rel1.win32_1.0.100.202509120712/tools/bin/../lib/gcc/arm-none-eabi/13.3.1/../../../../arm-none-eabi/lib/thumb/v7-m/nofp/crt0.o
LOAD ./Core/Src/main.o
LOAD ./Core/Src/stm32f1xx_hal_msp.o
LOAD ./Core/Src/stm32f1xx_it.o
LOAD ./Core/Src/syscalls.o
LOAD ./Core/Src/sysmem.o
LOAD ./Core/Src/system_stm32f1xx.o
LOAD ./Core/Startup/startup_stm32f103c8tx.o
LOAD ./Drivers/STM32F1xx_HAL_Driver/Src/stm32f1xx_hal.o
LOAD ./Drivers/STM32F1xx_HAL_Driver/Src/stm32f1xx_hal_cortex.o
LOAD ./Drivers/STM32F1xx_HAL_Driver/Src/stm32f1xx_hal_dma.o
LOAD ./Drivers/STM32F1xx_HAL_Driver/Src/stm32f1xx_hal_exti.o
LOAD ./Drivers/STM32F1xx_HAL_Driver/Src/stm32f1xx_hal_flash.o
LOAD ./Drivers/STM32F1xx_HAL_Driver/Src/stm32f1xx_hal_flash_ex.o
LOAD ./Drivers/STM32F1xx_HAL_Driver/Src/stm32f1xx_hal_gpio.o
LOAD ./Drivers/STM32F1xx_HAL_Driver/Src/stm32f1xx_hal_gpio_ex.o
LOAD ./Drivers/STM32F1xx_HAL_Driver/Src/stm32f1xx_hal_i2c.o
LOAD ./Drivers/STM32F1xx_HAL_Driver/Src/stm32f1xx_hal_iwdg.o
LOAD ./Drivers/STM32F1xx_HAL_Driver/Src/stm32f1xx_hal_pwr.o
LOAD ./Drivers/STM32F1xx_HAL_Driver/Src/stm32f1xx_hal_rcc.o
LOAD ./Drivers/STM32F1xx_HAL_Driver/Src/stm32f1xx_hal_rcc_ex.o
LOAD ./Drivers/STM32F1xx_HAL_Driver/Src/stm32f1xx_hal_rtc.o
LOAD ./Drivers/STM32F1xx_HAL_Driver/Src/stm32f1xx_hal_rtc_ex.o
LOAD ./Drivers/STM32F1xx_HAL_Driver/Src/stm32f1xx_hal_uart.o
LOAD ./ascon/aead.o
LOAD ./ascon/permutations.o
LOAD ./ascon/printstate.o
LOAD ./sensor/bmp388/driver_bmp388.o
LOAD ./sensor/sensor_hal.o
LOAD ./sensor/sensors.o
LOAD ./sensor/sht30/driver_sht30.o
START GROUP
LOAD C:/ST/STM32CubeIDE_1.19.0/STM32CubeIDE/plugins/com.st.stm32cube.ide.mcu.externaltools.gnu-tools-for-stm32.13.3.rel1.win32_1.0.100.202509120712/tools/bin/../lib/gcc/arm-none-eabi/13.3.1/../../../../arm-none-eabi/lib/thumb/v7-m/nofp\libc_nano.a
LOAD C:/ST/STM32CubeIDE_1.19.0/STM32CubeIDE/plugins/com.st.stm32cube.ide.mcu.externaltools.gnu-tools-for-stm32.13.3.rel1.win32_1.0.100.202509120712/tools/bin/../lib/gcc/arm-none-eabi/13.3.1/../../../../arm-none-eabi/lib/thumb/v7-m/nofp\libm.a
END GROUP
START GROUP
LOAD C:/ST/STM32CubeIDE_1.19.0/STM32CubeIDE/plugins/com.st.stm32cube.ide.mcu.externaltools.gnu-tools-for-stm32.13.3.rel1.win32_1.0.100.202509120712/tools/bin/../lib/gcc/arm-none-eabi/13.3.1/thumb/v7-m/nofp\libgcc.a
LOAD C:/ST/STM32CubeIDE_1.19.0/STM32CubeIDE/plugins/com.st.stm32cube.ide.mcu.externaltools.gnu-tools-for-stm32.13.3.rel1.win32_1.0.100.202509120712/tools/bin/../lib/gcc/arm-none-eabi/13.3.1/../../../../arm-none-eabi/lib/thumb/v7-m/nofp\libc_nano.a
END GROUP
START GROUP
LOAD C:/ST/STM32CubeIDE_1.19.0/STM32CubeIDE/plugins/com.st.stm32cube.ide.mcu.externaltools.gnu-tools-for-stm32.13.3.rel1.win32_1.0.100.202509120712/tools/bin/../lib/gcc/arm-none-eabi/13.3.1/thumb/v7-m/nofp\libgcc.a
LOAD C:/ST/STM32CubeIDE_1.19.0/STM32CubeIDE/plugins/com.st.stm32cube.ide.mcu.externaltools.gnu-tools-for-stm32.13.3.rel1.win32_1.0.100.202509120712/tools/bin/../lib/gcc/arm-none-eabi/13.3.1/../../../../arm-none-eabi/lib/thumb/v7-m/nofp\libc_nano.a
LOAD C:/ST/STM32CubeIDE_1.19.0/STM32CubeIDE/plugins/com.st.stm32cube.ide.mcu.externaltools.gnu-tools-for-stm32.13.3.rel1.win32_1.0.100.202509120712/tools/bin/../lib/gcc/arm-none-eabi/13.3.1/../../../../arm-none-eabi/lib/thumb/v7-m/nofp\libnosys.a
END GROUP
START GROUP
LOAD C:/ST/STM32CubeIDE_1.19.0/STM32CubeIDE/plugins/com.st.stm32cube.ide.mcu.externaltools.gnu-tools-for-stm32.13.3.rel1.win32_1.0.100.202509120712/tools/bin/../lib/gcc/arm-none-eabi/13.3.1/thumb/v7-m/nofp\libgcc.a
LOAD C:/ST/STM32CubeIDE_1.19.0/STM32CubeIDE/plugins/com.st.stm32cube.ide.mcu.externaltools.gnu-tools-for-stm32.13.3.rel1.win32_1.0.100.202509120712/tools/bin/../lib/gcc/arm-none-eabi/13.3.1/../../../../arm-none-eabi/lib/thumb/v7-m/nofp\libc_nano.a
LOAD C:/ST/STM32CubeIDE_1.19.0/STM32CubeIDE/plugins/com.st.stm32cube.ide.mcu.externaltools.gnu-tools-for-stm32.13.3.rel1.win32_1.0.100.202509120712/tools/bin/../lib/gcc/arm-none-eabi/13.3.1/../../../../arm-none-eabi/lib/thumb/v7-m/nofp\libnosys.a
END GROUP
LOAD C:/ST/STM32CubeIDE_1.19.0/STM32CubeIDE/plugins/com.st.stm32cube.ide.mcu.externaltools.gnu-tools-for-stm32.13.3.rel1.win32_1.0.100.202509120712/tools/bin/../lib/gcc/arm-none-eabi/13.3.1/thumb/v7-m/nofp/crtend.o
LOAD C:/ST/STM32CubeIDE_1.19.0/STM32CubeIDE/plugins/com.st.stm32cube.ide.mcu.externaltools.gnu-tools-for-stm32.13.3.rel1.win32_1.0.100.202509120712/tools/bin/../lib/gcc/arm-none-eabi/13.3.1/thumb/v7-m/nofp/crtn.o
                0x20005000                        _estack = (ORIGIN (RAM) + LENGTH (RAM))
                0x00000200                        _Min_Heap_Size = 0x200
                0x00000400                        _Min_Stack_Size = 0x400

.isr_vector     0x08000000      0x10c
                0x08000000                        . = ALIGN (0x4)
 *(.isr_vector)
 .isr_vector    0x08000000      0x10c ./Core/Startup/startup_stm32f103c8tx.o
                0x08000000                g_pfnVectors
                0x0800010c                        . = ALIGN (0x4)

.text           0x08000110     0x7848
                0x08000110                        . = ALIGN (0x4)
 *(.text)
 .text          0x08000110       0x40 C:/ST/STM32CubeIDE_1.19.0/STM32CubeIDE/plugins/com.st.stm32cube.ide.mcu.externaltools.gnu-tools-for-stm32.13.3.rel1.win32_1.0.100.202509120712/tools/bin/../lib/gcc/arm-none-eabi/13.3.1/thumb/v7-m/nofp/crtbegin.o
 .text          0x08000150      0x378 C:/ST/STM32CubeIDE_1.19.0/STM32CubeIDE/plugins/com.st.stm32cube.ide.mcu.externaltools.gnu-tools-for-stm32.13.3.rel1.win32_1.0.100.202509120712/tools/bin/../lib/gcc/arm-none-eabi/13.3.1/thumb/v7-m/nofp\libgcc.a(_arm_addsubdf3.o)
                0x08000150                __aeabi_drsub
                0x08000158                __aeabi_dsub
                0x08000158                __subdf3
                0x0800015c                __aeabi_dadd
                0x0800015c                __adddf3
                0x080003d4                __floatunsidf
                0x080003d4                __aeabi_ui2d
                0x080003f4                __floatsidf
                0x080003f4                __aeabi_i2d
                0x08000418                __aeabi_f2d
                0x08000418                __extendsfdf2
                0x0800045c                __floatundidf
                0x0800045c                __aeabi_ul2d
                0x0800046c                __floatdidf
                0x0800046c                __aeabi_l2d
 .text          0x080004c8      0x424 C:/ST/STM32CubeIDE_1.19.0/STM32CubeIDE/plugins/com.st.stm32cube.ide.mcu.externaltools.gnu-tools-for-stm32.13.3.rel1.win32_1.0.100.202509120712/tools/bin/../lib/gcc/arm-none-eabi/13.3.1/thumb/v7-m/nofp\libgcc.a(_arm_muldivdf3.o)
                0x080004c8                __aeabi_dmul
                0x080004c8                __muldf3
                0x0800071c                __divdf3
                0x0800071c                __aeabi_ddiv
 .text          0x080008ec       0xa0 C:/ST/STM32CubeIDE_1.19.0/STM32CubeIDE/plugins/com.st.stm32cube.ide.mcu.externaltools.gnu-tools-for-stm32.13.3.rel1.win32_1.0.100.202509120712/tools/bin/../lib/gcc/arm-none-eabi/13.3.1/thumb/v7-m/nofp\libgcc.a(_arm_truncdfsf2.o)
                0x080008ec                __truncdfsf2
                0x080008ec                __aeabi_d2f
 .text          0x0800098c      0x21c C:/ST/STM32CubeIDE_1.19.0/STM32CubeIDE/plugins/com.st.stm32cube.ide.mcu.externaltools.gnu-tools-for-stm32.13.3.rel1.win32_1.0.100.202509120712/tools/bin/../lib/gcc/arm-none-eabi/13.3.1/thumb/v7-m/nofp\libgcc.a(_arm_addsubsf3.o)
                0x0800098c                __aeabi_frsub
                0x08000994                __subsf3
                0x08000994                __aeabi_fsub
                0x08000998                __aeabi_fadd
                0x08000998                __addsf3
                0x08000af8                __aeabi_ui2f
                0x08000af8                __floatunsisf
                0x08000b00                __aeabi_i2f
                0x08000b00                __floatsisf
                0x08000b1c                __aeabi_ul2f
                0x08000b1c                __floatundisf
                0x08000b2c                __aeabi_l2f
                0x08000b2c                __floatdisf
 .text          0x08000ba8      0x2a0 C:/ST/STM32CubeIDE_1.19.0/STM32CubeIDE/plugins/com.st.stm32cube.ide.mcu.externaltools.gnu-tools-for-stm32.13.3.rel1.win32_1.0.100.202509120712/tools/bin/../lib/gcc/arm-none-eabi/13.3.1/thumb/v7-m/nofp\libgcc.a(_arm_muldivsf3.o)
                0x08000ba8                __mulsf3
                0x08000ba8                __aeabi_fmul
                0x08000d10                __aeabi_fdiv
                0x08000d10                __divsf3
 .text          0x08000e48       0xec C:/ST/STM32CubeIDE_1.19.0/STM32CubeIDE/plugins/com.st.stm32cube.ide.mcu.externaltools.gnu-tools-for-stm32.13.3.rel1.win32_1.0.100.202509120712/tools/bin/../lib/gcc/arm-none-eabi/13.3.1/thumb/v7-m/nofp\libgcc.a(_arm_cmpsf2.o)
                0x08000e48                __gesf2
                0x08000e48                __gtsf2
                0x08000e50                __lesf2
                0x08000e50                __ltsf2
                0x08000e58                __nesf2
                0x08000e58                __eqsf2
                0x08000e58                __cmpsf2
                0x08000eb8                __aeabi_cfrcmple
                0x08000ec0                __aeabi_cfcmpeq
                0x08000ec0                __aeabi_cfcmple
                0x08000ed0                __aeabi_fcmpeq
                0x08000ee4                __aeabi_fcmplt
                0x08000ef8                __aeabi_fcmple
                0x08000f0c                __aeabi_fcmpge
                0x08000f20                __aeabi_fcmpgt
 .text          0x08000f34       0x4c C:/ST/STM32CubeIDE_1.19.0/STM32CubeIDE/plugins/com.st.stm32cube.ide.mcu.externaltools.gnu-tools-for-stm32.13.3.rel1.win32_1.0.100.202509120712/tools/bin/../lib/gcc/arm-none-eabi/13.3.1/thumb/v7-m/nofp\libgcc.a(_arm_fixsfsi.o)
                0x08000f34                __aeabi_f2iz
                0x08000f34                __fixsfsi
 .text          0x08000f80       0x40 C:/ST/STM32CubeIDE_1.19.0/STM32CubeIDE/plugins/com.st.stm32cube.ide.mcu.externaltools.gnu-tools-for-stm32.13.3.rel1.win32_1.0.100.202509120712/tools/bin/../lib/gcc/arm-none-eabi/13.3.1/thumb/v7-m/nofp\libgcc.a(_arm_fixunssfsi.o)
                0x08000f80                __fixunssfsi
                0x08000f80                __aeabi_f2uiz
 *(.text*)
 .text.Edge_Crypto_Pack
                0x08000fc0       0x80 ./Core/Src/main.o
                0x08000fc0                Edge_Crypto_Pack
 .text.SystemClock_Config
                0x08001040       0x82 ./Core/Src/main.o
                0x08001040                SystemClock_Config
 *fill*         0x080010c2        0x2 
 .text.startup.main
                0x080010c4      0x2e8 ./Core/Src/main.o
                0x080010c4                main
 .text.HAL_MspInit
                0x080013ac       0x44 ./Core/Src/stm32f1xx_hal_msp.o
                0x080013ac                HAL_MspInit
 .text.HAL_I2C_MspInit
                0x080013f0       0xcc ./Core/Src/stm32f1xx_hal_msp.o
                0x080013f0                HAL_I2C_MspInit
 .text.HAL_RTC_MspInit
                0x080014bc       0x54 ./Core/Src/stm32f1xx_hal_msp.o
                0x080014bc                HAL_RTC_MspInit
 .text.HAL_UART_MspInit
                0x08001510       0xc4 ./Core/Src/stm32f1xx_hal_msp.o
                0x08001510                HAL_UART_MspInit
 .text.NMI_Handler
                0x080015d4        0x2 ./Core/Src/stm32f1xx_it.o
                0x080015d4                NMI_Handler
 .text.HardFault_Handler
                0x080015d6        0x2 ./Core/Src/stm32f1xx_it.o
                0x080015d6                HardFault_Handler
 .text.MemManage_Handler
                0x080015d8        0x2 ./Core/Src/stm32f1xx_it.o
                0x080015d8                MemManage_Handler
 .text.BusFault_Handler
                0x080015da        0x2 ./Core/Src/stm32f1xx_it.o
                0x080015da                BusFault_Handler
 .text.UsageFault_Handler
                0x080015dc        0x2 ./Core/Src/stm32f1xx_it.o
                0x080015dc                UsageFault_Handler
 .text.SVC_Handler
                0x080015de        0x2 ./Core/Src/stm32f1xx_it.o
                0x080015de                SVC_Handler
 .text.DebugMon_Handler
                0x080015e0        0x2 ./Core/Src/stm32f1xx_it.o
                0x080015e0                DebugMon_Handler
 .text.PendSV_Handler
                0x080015e2        0x2 ./Core/Src/stm32f1xx_it.o
                0x080015e2                PendSV_Handler
 .text.SysTick_Handler
                0x080015e4        0x4 ./Core/Src/stm32f1xx_it.o
                0x080015e4                SysTick_Handler
 .text.I2C1_EV_IRQHandler
                0x080015e8        0xc ./Core/Src/stm32f1xx_it.o
                0x080015e8                I2C1_EV_IRQHandler
 .text.I2C1_ER_IRQHandler
                0x080015f4        0xc ./Core/Src/stm32f1xx_it.o
                0x080015f4                I2C1_ER_IRQHandler
 .text.RTC_Alarm_IRQHandler
                0x08001600        0xc ./Core/Src/stm32f1xx_it.o
                0x08001600                RTC_Alarm_IRQHandler
 .text._sbrk    0x0800160c       0x40 ./Core/Src/sysmem.o
                0x0800160c                _sbrk
 .text.SystemInit
                0x0800164c        0x2 ./Core/Src/system_stm32f1xx.o
                0x0800164c                SystemInit
 *fill*         0x0800164e        0x2 
 .text.Reset_Handler
                0x08001650       0x48 ./Core/Startup/startup_stm32f103c8tx.o
                0x08001650                Reset_Handler
 .text.Default_Handler
                0x08001698        0x2 ./Core/Startup/startup_stm32f103c8tx.o
                0x08001698                EXTI2_IRQHandler
                0x08001698                TIM1_CC_IRQHandler
                0x08001698                PVD_IRQHandler
                0x08001698                EXTI3_IRQHandler
                0x08001698                EXTI0_IRQHandler
                0x08001698                I2C2_EV_IRQHandler
                0x08001698                ADC1_2_IRQHandler
                0x08001698                SPI1_IRQHandler
                0x08001698                TAMPER_IRQHandler
                0x08001698                DMA1_Channel4_IRQHandler
                0x08001698                USART3_IRQHandler
                0x08001698                RTC_IRQHandler
                0x08001698                DMA1_Channel7_IRQHandler
                0x08001698                CAN1_RX1_IRQHandler
                0x08001698                TIM4_IRQHandler
                0x08001698                DMA1_Channel6_IRQHandler
                0x08001698                TIM3_IRQHandler
                0x08001698                RCC_IRQHandler
                0x08001698                TIM1_TRG_COM_IRQHandler
                0x08001698                DMA1_Channel1_IRQHandler
                0x08001698                Default_Handler
                0x08001698                EXTI15_10_IRQHandler
                0x08001698                EXTI9_5_IRQHandler
                0x08001698                SPI2_IRQHandler
                0x08001698                DMA1_Channel5_IRQHandler
                0x08001698                EXTI4_IRQHandler
                0x08001698                USB_LP_CAN1_RX0_IRQHandler
                0x08001698                USB_HP_CAN1_TX_IRQHandler
                0x08001698                DMA1_Channel3_IRQHandler
                0x08001698                TIM1_UP_IRQHandler
                0x08001698                WWDG_IRQHandler
                0x08001698                TIM2_IRQHandler
                0x08001698                TIM1_BRK_IRQHandler
                0x08001698                EXTI1_IRQHandler
                0x08001698                USART2_IRQHandler
                0x08001698                I2C2_ER_IRQHandler
                0x08001698                DMA1_Channel2_IRQHandler
                0x08001698                CAN1_SCE_IRQHandler
                0x08001698                FLASH_IRQHandler
                0x08001698                USART1_IRQHandler
                0x08001698                USBWakeUp_IRQHandler
 *fill*         0x0800169a        0x2 
 .text.HAL_InitTick
                0x0800169c       0x48 ./Drivers/STM32F1xx_HAL_Driver/Src/stm32f1xx_hal.o
                0x0800169c                HAL_InitTick
 .text.HAL_Init
                0x080016e4       0x24 ./Drivers/STM32F1xx_HAL_Driver/Src/stm32f1xx_hal.o
                0x080016e4                HAL_Init
 .text.HAL_IncTick
                0x08001708       0x18 ./Drivers/STM32F1xx_HAL_Driver/Src/stm32f1xx_hal.o
                0x08001708                HAL_IncTick
 .text.HAL_GetTick
                0x08001720        0xc ./Drivers/STM32F1xx_HAL_Driver/Src/stm32f1xx_hal.o
                0x08001720                HAL_GetTick
 .text.HAL_Delay
                0x0800172c       0x24 ./Drivers/STM32F1xx_HAL_Driver/Src/stm32f1xx_hal.o
                0x0800172c                HAL_Delay
 .text.HAL_NVIC_SetPriorityGrouping
                0x08001750       0x24 ./Drivers/STM32F1xx_HAL_Driver/Src/stm32f1xx_hal_cortex.o
                0x08001750                HAL_NVIC_SetPriorityGrouping
 .text.HAL_NVIC_SetPriority
                0x08001774       0x60 ./Drivers/STM32F1xx_HAL_Driver/Src/stm32f1xx_hal_cortex.o
                0x08001774                HAL_NVIC_SetPriority
 .text.HAL_NVIC_EnableIRQ
                0x080017d4       0x1c ./Drivers/STM32F1xx_HAL_Driver/Src/stm32f1xx_hal_cortex.o
                0x080017d4                HAL_NVIC_EnableIRQ
 .text.HAL_SYSTICK_Config
                0x080017f0       0x28 ./Drivers/STM32F1xx_HAL_Driver/Src/stm32f1xx_hal_cortex.o
                0x080017f0                HAL_SYSTICK_Config
 .text.HAL_DMA_Abort_IT
                0x08001818       0x8c ./Drivers/STM32F1xx_HAL_Driver/Src/stm32f1xx_hal_dma.o
                0x08001818                HAL_DMA_Abort_IT
 .text.HAL_DMA_GetState
                0x080018a4        0x6 ./Drivers/STM32F1xx_HAL_Driver/Src/stm32f1xx_hal_dma.o
                0x080018a4                HAL_DMA_GetState
 *fill*         0x080018aa        0x2 
 .text.HAL_GPIO_Init
                0x080018ac      0x1a8 ./Drivers/STM32F1xx_HAL_Driver/Src/stm32f1xx_hal_gpio.o
                0x080018ac                HAL_GPIO_Init
 .text.HAL_GPIO_ReadPin
                0x08001a54        0xc ./Drivers/STM32F1xx_HAL_Driver/Src/stm32f1xx_hal_gpio.o
                0x08001a54                HAL_GPIO_ReadPin
 .text.HAL_GPIO_WritePin
                0x08001a60        0xa ./Drivers/STM32F1xx_HAL_Driver/Src/stm32f1xx_hal_gpio.o
                0x08001a60                HAL_GPIO_WritePin
 .text.I2C_IsAcknowledgeFailed
                0x08001a6a       0x32 ./Drivers/STM32F1xx_HAL_Driver/Src/stm32f1xx_hal_i2c.o
 .text.I2C_WaitOnFlagUntilTimeout
                0x08001a9c       0x80 ./Drivers/STM32F1xx_HAL_Driver/Src/stm32f1xx_hal_i2c.o
 .text.I2C_WaitOnMasterAddressFlagUntilTimeout
                0x08001b1c       0x84 ./Drivers/STM32F1xx_HAL_Driver/Src/stm32f1xx_hal_i2c.o
 .text.I2C_WaitOnTXEFlagUntilTimeout
                0x08001ba0       0x54 ./Drivers/STM32F1xx_HAL_Driver/Src/stm32f1xx_hal_i2c.o
 .text.I2C_RequestMemoryWrite
                0x08001bf4       0xb4 ./Drivers/STM32F1xx_HAL_Driver/Src/stm32f1xx_hal_i2c.o
 .text.I2C_RequestMemoryRead
                0x08001ca8      0x108 ./Drivers/STM32F1xx_HAL_Driver/Src/stm32f1xx_hal_i2c.o
 .text.I2C_WaitOnBTFFlagUntilTimeout
                0x08001db0       0x54 ./Drivers/STM32F1xx_HAL_Driver/Src/stm32f1xx_hal_i2c.o
 .text.I2C_WaitOnRXNEFlagUntilTimeout
                0x08001e04       0x66 ./Drivers/STM32F1xx_HAL_Driver/Src/stm32f1xx_hal_i2c.o
 *fill*         0x08001e6a        0x2 
 .text.HAL_I2C_Init
                0x08001e6c      0x150 ./Drivers/STM32F1xx_HAL_Driver/Src/stm32f1xx_hal_i2c.o
                0x08001e6c                HAL_I2C_Init
 .text.HAL_I2C_Master_Transmit
                0x08001fbc      0x1b4 ./Drivers/STM32F1xx_HAL_Driver/Src/stm32f1xx_hal_i2c.o
                0x08001fbc                HAL_I2C_Master_Transmit
 .text.HAL_I2C_Master_Receive
                0x08002170      0x358 ./Drivers/STM32F1xx_HAL_Driver/Src/stm32f1xx_hal_i2c.o
                0x08002170                HAL_I2C_Master_Receive
 .text.HAL_I2C_Mem_Write
                0x080024c8      0x120 ./Drivers/STM32F1xx_HAL_Driver/Src/stm32f1xx_hal_i2c.o
                0x080024c8                HAL_I2C_Mem_Write
 .text.HAL_I2C_Mem_Read
                0x080025e8      0x288 ./Drivers/STM32F1xx_HAL_Driver/Src/stm32f1xx_hal_i2c.o
                0x080025e8                HAL_I2C_Mem_Read
 .text.HAL_I2C_IsDeviceReady
                0x08002870      0x168 ./Drivers/STM32F1xx_HAL_Driver/Src/stm32f1xx_hal_i2c.o
                0x08002870                HAL_I2C_IsDeviceReady
 .text.HAL_I2C_MasterTxCpltCallback
                0x080029d8        0x2 ./Drivers/STM32F1xx_HAL_Driver/Src/stm32f1xx_hal_i2c.o
                0x080029d8                HAL_I2C_MasterTxCpltCallback
 .text.HAL_I2C_MasterRxCpltCallback
                0x080029da        0x2 ./Drivers/STM32F1xx_HAL_Driver/Src/stm32f1xx_hal_i2c.o
                0x080029da                HAL_I2C_MasterRxCpltCallback
 .text.HAL_I2C_SlaveTxCpltCallback
                0x080029dc        0x2 ./Drivers/STM32F1xx_HAL_Driver/Src/stm32f1xx_hal_i2c.o
                0x080029dc                HAL_I2C_SlaveTxCpltCallback
 .text.HAL_I2C_SlaveRxCpltCallback
                0x080029de        0x2 ./Drivers/STM32F1xx_HAL_Driver/Src/stm32f1xx_hal_i2c.o
                0x080029de                HAL_I2C_SlaveRxCpltCallback
 .text.HAL_I2C_AddrCallback
                0x080029e0        0x2 ./Drivers/STM32F1xx_HAL_Driver/Src/stm32f1xx_hal_i2c.o
                0x080029e0                HAL_I2C_AddrCallback
 .text.HAL_I2C_ListenCpltCallback
                0x080029e2        0x2 ./Drivers/STM32F1xx_HAL_Driver/Src/stm32f1xx_hal_i2c.o
                0x080029e2                HAL_I2C_ListenCpltCallback
 .text.HAL_I2C_MemTxCpltCallback
                0x080029e4        0x2 ./Drivers/STM32F1xx_HAL_Driver/Src/stm32f1xx_hal_i2c.o
                0x080029e4                HAL_I2C_MemTxCpltCallback
 .text.I2C_MemoryTransmit_TXE_BTF
                0x080029e6       0xb0 ./Drivers/STM32F1xx_HAL_Driver/Src/stm32f1xx_hal_i2c.o
 .text.HAL_I2C_MemRxCpltCallback
                0x08002a96        0x2 ./Drivers/STM32F1xx_HAL_Driver/Src/stm32f1xx_hal_i2c.o
                0x08002a96                HAL_I2C_MemRxCpltCallback
 .text.HAL_I2C_ErrorCallback
                0x08002a98        0x2 ./Drivers/STM32F1xx_HAL_Driver/Src/stm32f1xx_hal_i2c.o
                0x08002a98                HAL_I2C_ErrorCallback
 .text.HAL_I2C_AbortCpltCallback
                0x08002a9a        0x2 ./Drivers/STM32F1xx_HAL_Driver/Src/stm32f1xx_hal_i2c.o
                0x08002a9a                HAL_I2C_AbortCpltCallback
 .text.I2C_DMAAbort
                0x08002a9c       0xc0 ./Drivers/STM32F1xx_HAL_Driver/Src/stm32f1xx_hal_i2c.o
 .text.I2C_ITError
                0x08002b5c      0x150 ./Drivers/STM32F1xx_HAL_Driver/Src/stm32f1xx_hal_i2c.o
 .text.HAL_I2C_EV_IRQHandler
                0x08002cac      0x8b0 ./Drivers/STM32F1xx_HAL_Driver/Src/stm32f1xx_hal_i2c.o
                0x08002cac                HAL_I2C_EV_IRQHandler
 .text.HAL_I2C_ER_IRQHandler
                0x0800355c      0x140 ./Drivers/STM32F1xx_HAL_Driver/Src/stm32f1xx_hal_i2c.o
                0x0800355c                HAL_I2C_ER_IRQHandler
 .text.HAL_IWDG_Init
                0x0800369c       0x52 ./Drivers/STM32F1xx_HAL_Driver/Src/stm32f1xx_hal_iwdg.o
                0x0800369c                HAL_IWDG_Init
 *fill*         0x080036ee        0x2 
 .text.HAL_PWR_EnableBkUpAccess
                0x080036f0        0xc ./Drivers/STM32F1xx_HAL_Driver/Src/stm32f1xx_hal_pwr.o
                0x080036f0                HAL_PWR_EnableBkUpAccess
 .text.HAL_RCC_OscConfig
                0x080036fc      0x338 ./Drivers/STM32F1xx_HAL_Driver/Src/stm32f1xx_hal_rcc.o
                0x080036fc                HAL_RCC_OscConfig
 .text.HAL_RCC_GetSysClockFreq
                0x08003a34       0x4c ./Drivers/STM32F1xx_HAL_Driver/Src/stm32f1xx_hal_rcc.o
                0x08003a34                HAL_RCC_GetSysClockFreq
 .text.HAL_RCC_ClockConfig
                0x08003a80      0x138 ./Drivers/STM32F1xx_HAL_Driver/Src/stm32f1xx_hal_rcc.o
                0x08003a80                HAL_RCC_ClockConfig
 .text.HAL_RCC_GetPCLK1Freq
                0x08003bb8       0x20 ./Drivers/STM32F1xx_HAL_Driver/Src/stm32f1xx_hal_rcc.o
                0x08003bb8                HAL_RCC_GetPCLK1Freq
 .text.HAL_RCC_GetPCLK2Freq
                0x08003bd8       0x20 ./Drivers/STM32F1xx_HAL_Driver/Src/stm32f1xx_hal_rcc.o
                0x08003bd8                HAL_RCC_GetPCLK2Freq
 .text.HAL_RCCEx_PeriphCLKConfig
                0x08003bf8       0xf4 ./Drivers/STM32F1xx_HAL_Driver/Src/stm32f1xx_hal_rcc_ex.o
                0x08003bf8                HAL_RCCEx_PeriphCLKConfig
 .text.HAL_RCCEx_GetPeriphCLKFreq
                0x08003cec       0xbc ./Drivers/STM32F1xx_HAL_Driver/Src/stm32f1xx_hal_rcc_ex.o
                0x08003cec                HAL_RCCEx_GetPeriphCLKFreq
 .text.RTC_ReadTimeCounter
                0x08003da8       0x24 ./Drivers/STM32F1xx_HAL_Driver/Src/stm32f1xx_hal_rtc.o
 .text.RTC_ReadAlarmCounter
                0x08003dcc        0xe ./Drivers/STM32F1xx_HAL_Driver/Src/stm32f1xx_hal_rtc.o
 .text.RTC_Bcd2ToByte
                0x08003dda       0x10 ./Drivers/STM32F1xx_HAL_Driver/Src/stm32f1xx_hal_rtc.o
 .text.RTC_WeekDayNum
                0x08003dea       0x62 ./Drivers/STM32F1xx_HAL_Driver/Src/stm32f1xx_hal_rtc.o
 .text.RTC_EnterInitMode
                0x08003e4c       0x2e ./Drivers/STM32F1xx_HAL_Driver/Src/stm32f1xx_hal_rtc.o
 .text.RTC_ExitInitMode
                0x08003e7a       0x30 ./Drivers/STM32F1xx_HAL_Driver/Src/stm32f1xx_hal_rtc.o
 .text.RTC_WriteTimeCounter
                0x08003eaa       0x28 ./Drivers/STM32F1xx_HAL_Driver/Src/stm32f1xx_hal_rtc.o
 .text.RTC_WriteAlarmCounter
                0x08003ed2       0x28 ./Drivers/STM32F1xx_HAL_Driver/Src/stm32f1xx_hal_rtc.o
 .text.HAL_RTC_SetTime
                0x08003efa       0xa2 ./Drivers/STM32F1xx_HAL_Driver/Src/stm32f1xx_hal_rtc.o
                0x08003efa                HAL_RTC_SetTime
 .text.HAL_RTC_SetDate
                0x08003f9c       0xac ./Drivers/STM32F1xx_HAL_Driver/Src/stm32f1xx_hal_rtc.o
                0x08003f9c                HAL_RTC_SetDate
 .text.HAL_RTC_AlarmAEventCallback
                0x08004048        0x2 ./Drivers/STM32F1xx_HAL_Driver/Src/stm32f1xx_hal_rtc.o
                0x08004048                HAL_RTC_AlarmAEventCallback
 *fill*         0x0800404a        0x2 
 .text.HAL_RTC_AlarmIRQHandler
                0x0800404c       0x34 ./Drivers/STM32F1xx_HAL_Driver/Src/stm32f1xx_hal_rtc.o
                0x0800404c                HAL_RTC_AlarmIRQHandler
 .text.HAL_RTC_WaitForSynchro
                0x08004080       0x36 ./Drivers/STM32F1xx_HAL_Driver/Src/stm32f1xx_hal_rtc.o
                0x08004080                HAL_RTC_WaitForSynchro
 *fill*         0x080040b6        0x2 
 .text.HAL_RTC_Init
                0x080040b8       0x8c ./Drivers/STM32F1xx_HAL_Driver/Src/stm32f1xx_hal_rtc.o
                0x080040b8                HAL_RTC_Init
 .text.UART_EndRxTransfer
                0x08004144       0x5c ./Drivers/STM32F1xx_HAL_Driver/Src/stm32f1xx_hal_uart.o
 .text.UART_SetConfig
                0x080041a0       0x74 ./Drivers/STM32F1xx_HAL_Driver/Src/stm32f1xx_hal_uart.o
 .text.UART_WaitOnFlagUntilTimeout.constprop.0
                0x08004214       0x64 ./Drivers/STM32F1xx_HAL_Driver/Src/stm32f1xx_hal_uart.o
 .text.HAL_UART_Init
                0x08004278       0x5e ./Drivers/STM32F1xx_HAL_Driver/Src/stm32f1xx_hal_uart.o
                0x08004278                HAL_UART_Init
 .text.HAL_UART_Transmit
                0x080042d6       0x9c ./Drivers/STM32F1xx_HAL_Driver/Src/stm32f1xx_hal_uart.o
                0x080042d6                HAL_UART_Transmit
 .text.ascon_loadkey
                0x08004372       0x12 ./ascon/aead.o
                0x08004372                ascon_loadkey
 *fill*         0x08004384        0x4 
 .text.ascon_initaead
                0x08004388       0x60 ./ascon/aead.o
                0x08004388                ascon_initaead
 .text.ascon_adata
                0x080043e8      0x108 ./ascon/aead.o
                0x080043e8                ascon_adata
 .text.ascon_encrypt
                0x080044f0      0x126 ./ascon/aead.o
                0x080044f0                ascon_encrypt
 .text.ascon_final
                0x08004616       0x4c ./ascon/aead.o
                0x08004616                ascon_final
 .text.ascon_gettag
                0x08004662       0x12 ./ascon/aead.o
                0x08004662                ascon_gettag
 .text.ascon_aead_encrypt
                0x08004674       0x50 ./ascon/aead.o
                0x08004674                ascon_aead_encrypt
 .text.crypto_aead_encrypt
                0x080046c4       0x28 ./ascon/aead.o
                0x080046c4                crypto_aead_encrypt
 .text.P12      0x080046ec      0xd82 ./ascon/permutations.o
                0x080046ec                P12
 .text.P8       0x0800546e      0x912 ./ascon/permutations.o
                0x0800546e                P8
 .text.a_bmp388_iic_spi_write
                0x08005d80       0x60 ./sensor/bmp388/driver_bmp388.o
 .text.a_bmp388_compensate_temperature
                0x08005de0       0x62 ./sensor/bmp388/driver_bmp388.o
 .text.a_bmp388_compensate_pressure
                0x08005e42      0x244 ./sensor/bmp388/driver_bmp388.o
 *fill*         0x08006086        0x2 
 .text.a_bmp388_close
                0x08006088       0x3c ./sensor/bmp388/driver_bmp388.o
 .text.a_bmp388_iic_spi_read
                0x080060c4       0x50 ./sensor/bmp388/driver_bmp388.o
 .text.bmp388_set_pressure
                0x08006114       0x64 ./sensor/bmp388/driver_bmp388.o
                0x08006114                bmp388_set_pressure
 .text.bmp388_set_temperature
                0x08006178       0x68 ./sensor/bmp388/driver_bmp388.o
                0x08006178                bmp388_set_temperature
 .text.bmp388_set_mode
                0x080061e0       0x68 ./sensor/bmp388/driver_bmp388.o
                0x080061e0                bmp388_set_mode
 .text.bmp388_set_pressure_oversampling
                0x08006248       0x64 ./sensor/bmp388/driver_bmp388.o
                0x08006248                bmp388_set_pressure_oversampling
 .text.bmp388_set_temperature_oversampling
                0x080062ac       0x68 ./sensor/bmp388/driver_bmp388.o
                0x080062ac                bmp388_set_temperature_oversampling
 .text.bmp388_init
                0x08006314      0x2e0 ./sensor/bmp388/driver_bmp388.o
                0x08006314                bmp388_init
 .text.bmp388_read_temperature_pressure
                0x080065f4      0x248 ./sensor/bmp388/driver_bmp388.o
                0x080065f4                bmp388_read_temperature_pressure
 .text.bmp388_set_addr_pin
                0x0800683c        0xc ./sensor/bmp388/driver_bmp388.o
                0x0800683c                bmp388_set_addr_pin
 .text.bmp388_set_interface
                0x08006848        0xe ./sensor/bmp388/driver_bmp388.o
                0x08006848                bmp388_set_interface
 .text.sensor_delay_ms
                0x08006856        0x4 ./sensor/sensor_hal.o
                0x08006856                sensor_delay_ms
 *fill*         0x0800685a        0x2 
 .text.sensor_debug_print
                0x0800685c       0x34 ./sensor/sensor_hal.o
                0x0800685c                sensor_debug_print
 .text.sensor_lora_transmit
                0x08006890       0x90 ./sensor/sensor_hal.o
                0x08006890                sensor_lora_transmit
 .text.sensor_lora_sleep
                0x08006920       0x20 ./sensor/sensor_hal.o
                0x08006920                sensor_lora_sleep
 .text.sht30_iic_init
                0x08006940        0x4 ./sensor/sensor_hal.o
                0x08006940                sht30_iic_init
 .text.sht30_iic_deinit
                0x08006944        0x4 ./sensor/sensor_hal.o
                0x08006944                sht30_iic_deinit
 .text.sht30_iic_write_address16
                0x08006948       0x54 ./sensor/sensor_hal.o
                0x08006948                sht30_iic_write_address16
 .text.sht30_iic_read_address16
                0x0800699c       0x44 ./sensor/sensor_hal.o
                0x0800699c                sht30_iic_read_address16
 .text.sht30_receive_callback
                0x080069e0        0x2 ./sensor/sensor_hal.o
                0x080069e0                sht30_receive_callback
 .text.bmp388_iic_init
                0x080069e2        0x4 ./sensor/sensor_hal.o
                0x080069e2                bmp388_iic_init
 .text.bmp388_iic_deinit
                0x080069e6        0x4 ./sensor/sensor_hal.o
                0x080069e6                bmp388_iic_deinit
 *fill*         0x080069ea        0x2 
 .text.bmp388_iic_read
                0x080069ec       0x24 ./sensor/sensor_hal.o
                0x080069ec                bmp388_iic_read
 .text.bmp388_iic_write
                0x08006a10       0x24 ./sensor/sensor_hal.o
                0x08006a10                bmp388_iic_write
 .text.bmp388_receive_callback
                0x08006a34        0x2 ./sensor/sensor_hal.o
                0x08006a34                bmp388_receive_callback
 .text.bmp388_spi_init_dummy
                0x08006a36        0x4 ./sensor/sensor_hal.o
                0x08006a36                bmp388_spi_init_dummy
 .text.bmp388_spi_deinit_dummy
                0x08006a3a        0x4 ./sensor/sensor_hal.o
                0x08006a3a                bmp388_spi_deinit_dummy
 .text.bmp388_spi_read_dummy
                0x08006a3e        0x4 ./sensor/sensor_hal.o
                0x08006a3e                bmp388_spi_read_dummy
 .text.bmp388_spi_write_dummy
                0x08006a42        0x4 ./sensor/sensor_hal.o
                0x08006a42                bmp388_spi_write_dummy
 *fill*         0x08006a46        0x2 
 .text.Sensors_Init_Hardware
                0x08006a48      0x17c ./sensor/sensors.o
                0x08006a48                Sensors_Init_Hardware
 .text.Sensors_Trigger_All
                0x08006bc4       0x38 ./sensor/sensors.o
                0x08006bc4                Sensors_Trigger_All
 .text.Sensors_Collect_And_Pack
                0x08006bfc      0x168 ./sensor/sensors.o
                0x08006bfc                Sensors_Collect_And_Pack
 .text.a_sht30_write
                0x08006d64       0x14 ./sensor/sht30/driver_sht30.o
 .text.a_sht30_read
                0x08006d78       0x10 ./sensor/sht30/driver_sht30.o
 .text.a_sht30_crc.constprop.0
                0x08006d88       0x4a ./sensor/sht30/driver_sht30.o
 *fill*         0x08006dd2        0x2 
 .text.sht30_init
                0x08006dd4       0x84 ./sensor/sht30/driver_sht30.o
                0x08006dd4                sht30_init
 .text.sht30_set_addr_pin
                0x08006e58        0xc ./sensor/sht30/driver_sht30.o
                0x08006e58                sht30_set_addr_pin
 .text.sht30_set_repeatability
                0x08006e64       0x16 ./sensor/sht30/driver_sht30.o
                0x08006e64                sht30_set_repeatability
 *fill*         0x08006e7a        0x2 
 .text.sht30_single_read
                0x08006e7c      0x11c ./sensor/sht30/driver_sht30.o
                0x08006e7c                sht30_single_read
 .text.sht30_set_reg
                0x08006f98       0x14 ./sensor/sht30/driver_sht30.o
                0x08006f98                sht30_set_reg
 .text._vsnprintf_r
                0x08006fac       0x5c C:/ST/STM32CubeIDE_1.19.0/STM32CubeIDE/plugins/com.st.stm32cube.ide.mcu.externaltools.gnu-tools-for-stm32.13.3.rel1.win32_1.0.100.202509120712/tools/bin/../lib/gcc/arm-none-eabi/13.3.1/../../../../arm-none-eabi/lib/thumb/v7-m/nofp\libc_nano.a(libc_a-vsnprintf.o)
                0x08006fac                _vsniprintf_r
                0x08006fac                _vsnprintf_r
 .text.vsnprintf
                0x08007008       0x1c C:/ST/STM32CubeIDE_1.19.0/STM32CubeIDE/plugins/com.st.stm32cube.ide.mcu.externaltools.gnu-tools-for-stm32.13.3.rel1.win32_1.0.100.202509120712/tools/bin/../lib/gcc/arm-none-eabi/13.3.1/../../../../arm-none-eabi/lib/thumb/v7-m/nofp\libc_nano.a(libc_a-vsnprintf.o)
                0x08007008                vsniprintf
                0x08007008                vsnprintf
 .text.memset   0x08007024       0x10 C:/ST/STM32CubeIDE_1.19.0/STM32CubeIDE/plugins/com.st.stm32cube.ide.mcu.externaltools.gnu-tools-for-stm32.13.3.rel1.win32_1.0.100.202509120712/tools/bin/../lib/gcc/arm-none-eabi/13.3.1/../../../../arm-none-eabi/lib/thumb/v7-m/nofp\libc_nano.a(libc_a-memset.o)
                0x08007024                memset
 .text.__errno  0x08007034        0xc C:/ST/STM32CubeIDE_1.19.0/STM32CubeIDE/plugins/com.st.stm32cube.ide.mcu.externaltools.gnu-tools-for-stm32.13.3.rel1.win32_1.0.100.202509120712/tools/bin/../lib/gcc/arm-none-eabi/13.3.1/../../../../arm-none-eabi/lib/thumb/v7-m/nofp\libc_nano.a(libc_a-errno.o)
                0x08007034                __errno
 .text.__libc_init_array
                0x08007040       0x48 C:/ST/STM32CubeIDE_1.19.0/STM32CubeIDE/plugins/com.st.stm32cube.ide.mcu.externaltools.gnu-tools-for-stm32.13.3.rel1.win32_1.0.100.202509120712/tools/bin/../lib/gcc/arm-none-eabi/13.3.1/../../../../arm-none-eabi/lib/thumb/v7-m/nofp\libc_nano.a(libc_a-init.o)
                0x08007040                __libc_init_array
 .text.__retarget_lock_acquire_recursive
                0x08007088        0x2 C:/ST/STM32CubeIDE_1.19.0/STM32CubeIDE/plugins/com.st.stm32cube.ide.mcu.externaltools.gnu-tools-for-stm32.13.3.rel1.win32_1.0.100.202509120712/tools/bin/../lib/gcc/arm-none-eabi/13.3.1/../../../../arm-none-eabi/lib/thumb/v7-m/nofp\libc_nano.a(libc_a-lock.o)
                0x08007088                __retarget_lock_acquire_recursive
 .text.__retarget_lock_release_recursive
                0x0800708a        0x2 C:/ST/STM32CubeIDE_1.19.0/STM32CubeIDE/plugins/com.st.stm32cube.ide.mcu.externaltools.gnu-tools-for-stm32.13.3.rel1.win32_1.0.100.202509120712/tools/bin/../lib/gcc/arm-none-eabi/13.3.1/../../../../arm-none-eabi/lib/thumb/v7-m/nofp\libc_nano.a(libc_a-lock.o)
                0x0800708a                __retarget_lock_release_recursive
 .text.memcpy   0x0800708c       0x1c C:/ST/STM32CubeIDE_1.19.0/STM32CubeIDE/plugins/com.st.stm32cube.ide.mcu.externaltools.gnu-tools-for-stm32.13.3.rel1.win32_1.0.100.202509120712/tools/bin/../lib/gcc/arm-none-eabi/13.3.1/../../../../arm-none-eabi/lib/thumb/v7-m/nofp\libc_nano.a(libc_a-memcpy-stub.o)
                0x0800708c                memcpy
 .text._free_r  0x080070a8       0x90 C:/ST/STM32CubeIDE_1.19.0/STM32CubeIDE/plugins/com.st.stm32cube.ide.mcu.externaltools.gnu-tools-for-stm32.13.3.rel1.win32_1.0.100.202509120712/tools/bin/../lib/gcc/arm-none-eabi/13.3.1/../../../../arm-none-eabi/lib/thumb/v7-m/nofp\libc_nano.a(libc_a-freer.o)
                0x080070a8                _free_r
 .text.sbrk_aligned
                0x08007138       0x44 C:/ST/STM32CubeIDE_1.19.0/STM32CubeIDE/plugins/com.st.stm32cube.ide.mcu.externaltools.gnu-tools-for-stm32.13.3.rel1.win32_1.0.100.202509120712/tools/bin/../lib/gcc/arm-none-eabi/13.3.1/../../../../arm-none-eabi/lib/thumb/v7-m/nofp\libc_nano.a(libc_a-mallocr.o)
 .text._malloc_r
                0x0800717c      0x100 C:/ST/STM32CubeIDE_1.19.0/STM32CubeIDE/plugins/com.st.stm32cube.ide.mcu.externaltools.gnu-tools-for-stm32.13.3.rel1.win32_1.0.100.202509120712/tools/bin/../lib/gcc/arm-none-eabi/13.3.1/../../../../arm-none-eabi/lib/thumb/v7-m/nofp\libc_nano.a(libc_a-mallocr.o)
                0x0800717c                _malloc_r
 .text.__malloc_lock
                0x0800727c        0xc C:/ST/STM32CubeIDE_1.19.0/STM32CubeIDE/plugins/com.st.stm32cube.ide.mcu.externaltools.gnu-tools-for-stm32.13.3.rel1.win32_1.0.100.202509120712/tools/bin/../lib/gcc/arm-none-eabi/13.3.1/../../../../arm-none-eabi/lib/thumb/v7-m/nofp\libc_nano.a(libc_a-mlock.o)
                0x0800727c                __malloc_lock
 .text.__malloc_unlock
                0x08007288        0xc C:/ST/STM32CubeIDE_1.19.0/STM32CubeIDE/plugins/com.st.stm32cube.ide.mcu.externaltools.gnu-tools-for-stm32.13.3.rel1.win32_1.0.100.202509120712/tools/bin/../lib/gcc/arm-none-eabi/13.3.1/../../../../arm-none-eabi/lib/thumb/v7-m/nofp\libc_nano.a(libc_a-mlock.o)
                0x08007288                __malloc_unlock
 .text.__ssputs_r
                0x08007294       0xb6 C:/ST/STM32CubeIDE_1.19.0/STM32CubeIDE/plugins/com.st.stm32cube.ide.mcu.externaltools.gnu-tools-for-stm32.13.3.rel1.win32_1.0.100.202509120712/tools/bin/../lib/gcc/arm-none-eabi/13.3.1/../../../../arm-none-eabi/lib/thumb/v7-m/nofp\libc_nano.a(libc_a-nano-svfprintf.o)
                0x08007294                __ssputs_r
 *fill*         0x0800734a        0x2 
 .text._svfprintf_r
                0x0800734c      0x1f8 C:/ST/STM32CubeIDE_1.19.0/STM32CubeIDE/plugins/com.st.stm32cube.ide.mcu.externaltools.gnu-tools-for-stm32.13.3.rel1.win32_1.0.100.202509120712/tools/bin/../lib/gcc/arm-none-eabi/13.3.1/../../../../arm-none-eabi/lib/thumb/v7-m/nofp\libc_nano.a(libc_a-nano-svfprintf.o)
                0x0800734c                _svfiprintf_r
                0x0800734c                _svfprintf_r
 .text._printf_common
                0x08007544       0xe4 C:/ST/STM32CubeIDE_1.19.0/STM32CubeIDE/plugins/com.st.stm32cube.ide.mcu.externaltools.gnu-tools-for-stm32.13.3.rel1.win32_1.0.100.202509120712/tools/bin/../lib/gcc/arm-none-eabi/13.3.1/../../../../arm-none-eabi/lib/thumb/v7-m/nofp\libc_nano.a(libc_a-nano-vfprintf_i.o)
                0x08007544                _printf_common
 .text._printf_i
                0x08007628      0x23c C:/ST/STM32CubeIDE_1.19.0/STM32CubeIDE/plugins/com.st.stm32cube.ide.mcu.externaltools.gnu-tools-for-stm32.13.3.rel1.win32_1.0.100.202509120712/tools/bin/../lib/gcc/arm-none-eabi/13.3.1/../../../../arm-none-eabi/lib/thumb/v7-m/nofp\libc_nano.a(libc_a-nano-vfprintf_i.o)
                0x08007628                _printf_i
 .text.memmove  0x08007864       0x34 C:/ST/STM32CubeIDE_1.19.0/STM32CubeIDE/plugins/com.st.stm32cube.ide.mcu.externaltools.gnu-tools-for-stm32.13.3.rel1.win32_1.0.100.202509120712/tools/bin/../lib/gcc/arm-none-eabi/13.3.1/../../../../arm-none-eabi/lib/thumb/v7-m/nofp\libc_nano.a(libc_a-memmove.o)
                0x08007864                memmove
 .text._sbrk_r  0x08007898       0x20 C:/ST/STM32CubeIDE_1.19.0/STM32CubeIDE/plugins/com.st.stm32cube.ide.mcu.externaltools.gnu-tools-for-stm32.13.3.rel1.win32_1.0.100.202509120712/tools/bin/../lib/gcc/arm-none-eabi/13.3.1/../../../../arm-none-eabi/lib/thumb/v7-m/nofp\libc_nano.a(libc_a-sbrkr.o)
                0x08007898                _sbrk_r
 .text.memchr   0x080078b8       0x1c C:/ST/STM32CubeIDE_1.19.0/STM32CubeIDE/plugins/com.st.stm32cube.ide.mcu.externaltools.gnu-tools-for-stm32.13.3.rel1.win32_1.0.100.202509120712/tools/bin/../lib/gcc/arm-none-eabi/13.3.1/../../../../arm-none-eabi/lib/thumb/v7-m/nofp\libc_nano.a(libc_a-memchr-stub.o)
                0x080078b8                memchr
 .text._realloc_r
                0x080078d4       0x5c C:/ST/STM32CubeIDE_1.19.0/STM32CubeIDE/plugins/com.st.stm32cube.ide.mcu.externaltools.gnu-tools-for-stm32.13.3.rel1.win32_1.0.100.202509120712/tools/bin/../lib/gcc/arm-none-eabi/13.3.1/../../../../arm-none-eabi/lib/thumb/v7-m/nofp\libc_nano.a(libc_a-reallocr.o)
                0x080078d4                _realloc_r
 .text._malloc_usable_size_r
                0x08007930       0x10 C:/ST/STM32CubeIDE_1.19.0/STM32CubeIDE/plugins/com.st.stm32cube.ide.mcu.externaltools.gnu-tools-for-stm32.13.3.rel1.win32_1.0.100.202509120712/tools/bin/../lib/gcc/arm-none-eabi/13.3.1/../../../../arm-none-eabi/lib/thumb/v7-m/nofp\libc_nano.a(libc_a-msizer.o)
                0x08007930                _malloc_usable_size_r
 *(.glue_7)
 .glue_7        0x08007940        0x0 linker stubs
 *(.glue_7t)
 .glue_7t       0x08007940        0x0 linker stubs
 *(.eh_frame)
 .eh_frame      0x08007940        0x0 C:/ST/STM32CubeIDE_1.19.0/STM32CubeIDE/plugins/com.st.stm32cube.ide.mcu.externaltools.gnu-tools-for-stm32.13.3.rel1.win32_1.0.100.202509120712/tools/bin/../lib/gcc/arm-none-eabi/13.3.1/thumb/v7-m/nofp/crtbegin.o
 *(.init)
 .init          0x08007940        0x4 C:/ST/STM32CubeIDE_1.19.0/STM32CubeIDE/plugins/com.st.stm32cube.ide.mcu.externaltools.gnu-tools-for-stm32.13.3.rel1.win32_1.0.100.202509120712/tools/bin/../lib/gcc/arm-none-eabi/13.3.1/thumb/v7-m/nofp/crti.o
                0x08007940                _init
 .init          0x08007944        0x8 C:/ST/STM32CubeIDE_1.19.0/STM32CubeIDE/plugins/com.st.stm32cube.ide.mcu.externaltools.gnu-tools-for-stm32.13.3.rel1.win32_1.0.100.202509120712/tools/bin/../lib/gcc/arm-none-eabi/13.3.1/thumb/v7-m/nofp/crtn.o
 *(.fini)
 .fini          0x0800794c        0x4 C:/ST/STM32CubeIDE_1.19.0/STM32CubeIDE/plugins/com.st.stm32cube.ide.mcu.externaltools.gnu-tools-for-stm32.13.3.rel1.win32_1.0.100.202509120712/tools/bin/../lib/gcc/arm-none-eabi/13.3.1/thumb/v7-m/nofp/crti.o
                0x0800794c                _fini
 .fini          0x08007950        0x8 C:/ST/STM32CubeIDE_1.19.0/STM32CubeIDE/plugins/com.st.stm32cube.ide.mcu.externaltools.gnu-tools-for-stm32.13.3.rel1.win32_1.0.100.202509120712/tools/bin/../lib/gcc/arm-none-eabi/13.3.1/thumb/v7-m/nofp/crtn.o
                0x08007958                        . = ALIGN (0x4)
                0x08007958                        _etext = .

.vfp11_veneer   0x08007958        0x0
 .vfp11_veneer  0x08007958        0x0 linker stubs

.v4_bx          0x08007958        0x0
 .v4_bx         0x08007958        0x0 linker stubs

.iplt           0x08007958        0x0
 .iplt          0x08007958        0x0 C:/ST/STM32CubeIDE_1.19.0/STM32CubeIDE/plugins/com.st.stm32cube.ide.mcu.externaltools.gnu-tools-for-stm32.13.3.rel1.win32_1.0.100.202509120712/tools/bin/../lib/gcc/arm-none-eabi/13.3.1/thumb/v7-m/nofp/crtbegin.o

.rodata         0x08007958      0x918
                0x08007958                        . = ALIGN (0x4)
 *(.rodata)
 *(.rodata*)
 .rodata.main.str1.1
                0x08007958      0x8cb ./Core/Src/main.o
                                0x11e (size before relaxing)
 .rodata.ASCON_SECRET_KEY
                0x08008223       0x10 ./Core/Src/main.o
                0x08008223                ASCON_SECRET_KEY
 .rodata.APBPrescTable
                0x08008233        0x8 ./Core/Src/system_stm32f1xx.o
                0x08008233                APBPrescTable
 .rodata.AHBPrescTable
                0x0800823b       0x10 ./Core/Src/system_stm32f1xx.o
                0x0800823b                AHBPrescTable
 .rodata.aPredivFactorTable.0
                0x0800824b        0x2 ./Drivers/STM32F1xx_HAL_Driver/Src/stm32f1xx_hal_rcc.o
 .rodata.aPLLMULFactorTable.1
                0x0800824d       0x10 ./Drivers/STM32F1xx_HAL_Driver/Src/stm32f1xx_hal_rcc.o
 .rodata.aPredivFactorTable.0
                0x0800825d        0x2 ./Drivers/STM32F1xx_HAL_Driver/Src/stm32f1xx_hal_rcc_ex.o
 .rodata.aPLLMULFactorTable.1
                0x0800825f       0x10 ./Drivers/STM32F1xx_HAL_Driver/Src/stm32f1xx_hal_rcc_ex.o
 .rodata.a_bmp388_close.str1.1
                0x0800826f        0x0 ./sensor/bmp388/driver_bmp388.o
                                 0x38 (size before relaxing)
 .rodata.bmp388_get_status.str1.1
                0x0800826f        0x0 ./sensor/bmp388/driver_bmp388.o
                                 0x25 (size before relaxing)
 .rodata.bmp388_set_fifo.str1.1
                0x0800826f        0x0 ./sensor/bmp388/driver_bmp388.o
                                 0x58 (size before relaxing)
 .rodata.bmp388_set_pressure.str1.1
                0x0800826f        0x0 ./sensor/bmp388/driver_bmp388.o
                                 0x4e (size before relaxing)
 .rodata.bmp388_set_pressure_oversampling.str1.1
                0x0800826f        0x0 ./sensor/bmp388/driver_bmp388.o
                                 0x44 (size before relaxing)
 .rodata.bmp388_init.str1.1
                0x0800826f        0x0 ./sensor/bmp388/driver_bmp388.o
                                0x203 (size before relaxing)
 .rodata.bmp388_read_temperature.str1.1
                0x0800826f        0x0 ./sensor/bmp388/driver_bmp388.o
                                 0x91 (size before relaxing)
 .rodata.bmp388_read_pressure.str1.1
                0x0800826f        0x0 ./sensor/bmp388/driver_bmp388.o
                                 0x25 (size before relaxing)
 .rodata.sensor_lora_transmit.str1.1
                0x0800826f        0x0 ./sensor/sensor_hal.o
                                 0x54 (size before relaxing)
 .rodata.sht30_iic_write_address16.str1.1
                0x0800826f        0x0 ./sensor/sensor_hal.o
                                 0x2e (size before relaxing)
 .rodata.Sensors_Init_Hardware.str1.1
                0x0800826f        0x0 ./sensor/sensors.o
                                 0xa1 (size before relaxing)
 .rodata.Sensors_Collect_And_Pack.str1.1
                0x0800826f        0x0 ./sensor/sensors.o
                                 0xf0 (size before relaxing)
 .rodata.sht30_init.str1.1
                0x0800826f        0x0 ./sensor/sht30/driver_sht30.o
                                 0xd0 (size before relaxing)
 .rodata.sht30_get_status.str1.1
                0x0800826f        0x0 ./sensor/sht30/driver_sht30.o
                                 0x36 (size before relaxing)
 .rodata.sht30_single_read.str1.1
                0x0800826f        0x0 ./sensor/sht30/driver_sht30.o
                                 0x61 (size before relaxing)
 .rodata._svfprintf_r.str1.1
                0x0800826f        0x0 C:/ST/STM32CubeIDE_1.19.0/STM32CubeIDE/plugins/com.st.stm32cube.ide.mcu.externaltools.gnu-tools-for-stm32.13.3.rel1.win32_1.0.100.202509120712/tools/bin/../lib/gcc/arm-none-eabi/13.3.1/../../../../arm-none-eabi/lib/thumb/v7-m/nofp\libc_nano.a(libc_a-nano-svfprintf.o)
                                 0x11 (size before relaxing)
 .rodata._printf_i.str1.1
                0x0800826f        0x0 C:/ST/STM32CubeIDE_1.19.0/STM32CubeIDE/plugins/com.st.stm32cube.ide.mcu.externaltools.gnu-tools-for-stm32.13.3.rel1.win32_1.0.100.202509120712/tools/bin/../lib/gcc/arm-none-eabi/13.3.1/../../../../arm-none-eabi/lib/thumb/v7-m/nofp\libc_nano.a(libc_a-nano-vfprintf_i.o)
                                 0x22 (size before relaxing)
                0x08008270                        . = ALIGN (0x4)
 *fill*         0x0800826f        0x1 

.ARM.extab      0x08008270        0x0
                0x08008270                        . = ALIGN (0x4)
 *(.ARM.extab* .gnu.linkonce.armextab.*)
                0x08008270                        . = ALIGN (0x4)

.ARM            0x08008270        0x0
                0x08008270                        . = ALIGN (0x4)
                0x08008270                        __exidx_start = .
 *(.ARM.exidx*)
                0x08008270                        __exidx_end = .
                0x08008270                        . = ALIGN (0x4)

.preinit_array  0x08008270        0x0
                0x08008270                        . = ALIGN (0x4)
                0x08008270                        PROVIDE (__preinit_array_start = .)
 *(.preinit_array*)
                0x08008270                        PROVIDE (__preinit_array_end = .)
                0x08008270                        . = ALIGN (0x4)

.init_array     0x08008270        0x4
                0x08008270                        . = ALIGN (0x4)
                0x08008270                        PROVIDE (__init_array_start = .)
 *(SORT_BY_NAME(.init_array.*))
 *(.init_array*)
 .init_array    0x08008270        0x4 C:/ST/STM32CubeIDE_1.19.0/STM32CubeIDE/plugins/com.st.stm32cube.ide.mcu.externaltools.gnu-tools-for-stm32.13.3.rel1.win32_1.0.100.202509120712/tools/bin/../lib/gcc/arm-none-eabi/13.3.1/thumb/v7-m/nofp/crtbegin.o
                0x08008274                        PROVIDE (__init_array_end = .)
                0x08008274                        . = ALIGN (0x4)

.fini_array     0x08008274        0x4
                0x08008274                        . = ALIGN (0x4)
                [!provide]                        PROVIDE (__fini_array_start = .)
 *(SORT_BY_NAME(.fini_array.*))
 *(.fini_array*)
 .fini_array    0x08008274        0x4 C:/ST/STM32CubeIDE_1.19.0/STM32CubeIDE/plugins/com.st.stm32cube.ide.mcu.externaltools.gnu-tools-for-stm32.13.3.rel1.win32_1.0.100.202509120712/tools/bin/../lib/gcc/arm-none-eabi/13.3.1/thumb/v7-m/nofp/crtbegin.o
                [!provide]                        PROVIDE (__fini_array_end = .)
                0x08008278                        . = ALIGN (0x4)
                0x08008278                        _sidata = LOADADDR (.data)

.rel.dyn        0x08008278        0x0
 .rel.iplt      0x08008278        0x0 C:/ST/STM32CubeIDE_1.19.0/STM32CubeIDE/plugins/com.st.stm32cube.ide.mcu.externaltools.gnu-tools-for-stm32.13.3.rel1.win32_1.0.100.202509120712/tools/bin/../lib/gcc/arm-none-eabi/13.3.1/thumb/v7-m/nofp/crtbegin.o

.data           0x20000000       0x5c load address 0x08008278
                0x20000000                        . = ALIGN (0x4)
                0x20000000                        _sdata = .
 *(.data)
 *(.data*)
 .data.SystemCoreClock
                0x20000000        0x4 ./Core/Src/system_stm32f1xx.o
                0x20000000                SystemCoreClock
 .data.uwTickFreq
                0x20000004        0x1 ./Drivers/STM32F1xx_HAL_Driver/Src/stm32f1xx_hal.o
                0x20000004                uwTickFreq
 *fill*         0x20000005        0x3 
 .data.uwTickPrio
                0x20000008        0x4 ./Drivers/STM32F1xx_HAL_Driver/Src/stm32f1xx_hal.o
                0x20000008                uwTickPrio
 .data._impure_ptr
                0x2000000c        0x4 C:/ST/STM32CubeIDE_1.19.0/STM32CubeIDE/plugins/com.st.stm32cube.ide.mcu.externaltools.gnu-tools-for-stm32.13.3.rel1.win32_1.0.100.202509120712/tools/bin/../lib/gcc/arm-none-eabi/13.3.1/../../../../arm-none-eabi/lib/thumb/v7-m/nofp\libc_nano.a(libc_a-impure.o)
                0x2000000c                _impure_ptr
 .data._impure_data
                0x20000010       0x4c C:/ST/STM32CubeIDE_1.19.0/STM32CubeIDE/plugins/com.st.stm32cube.ide.mcu.externaltools.gnu-tools-for-stm32.13.3.rel1.win32_1.0.100.202509120712/tools/bin/../lib/gcc/arm-none-eabi/13.3.1/../../../../arm-none-eabi/lib/thumb/v7-m/nofp\libc_nano.a(libc_a-impure.o)
                0x20000010                _impure_data
 *(.RamFunc)
 *(.RamFunc*)
                0x2000005c                        . = ALIGN (0x4)
                0x2000005c                        _edata = .

.igot.plt       0x2000005c        0x0 load address 0x080082d4
 .igot.plt      0x2000005c        0x0 C:/ST/STM32CubeIDE_1.19.0/STM32CubeIDE/plugins/com.st.stm32cube.ide.mcu.externaltools.gnu-tools-for-stm32.13.3.rel1.win32_1.0.100.202509120712/tools/bin/../lib/gcc/arm-none-eabi/13.3.1/thumb/v7-m/nofp/crtbegin.o
                0x2000005c                        . = ALIGN (0x4)

.bss            0x20000060      0x558 load address 0x080082d4
                0x20000060                        _sbss = .
                0x20000060                        __bss_start__ = _sbss
 *(.bss)
 .bss           0x20000060       0x1c C:/ST/STM32CubeIDE_1.19.0/STM32CubeIDE/plugins/com.st.stm32cube.ide.mcu.externaltools.gnu-tools-for-stm32.13.3.rel1.win32_1.0.100.202509120712/tools/bin/../lib/gcc/arm-none-eabi/13.3.1/thumb/v7-m/nofp/crtbegin.o
 *(.bss*)
 .bss.init_status
                0x2000007c        0x1 ./Core/Src/main.o
                0x2000007c                init_status
 .bss.tx_frame  0x2000007d        0xf ./Core/Src/main.o
                0x2000007d                tx_frame
 .bss.payload   0x2000008c        0x9 ./Core/Src/main.o
                0x2000008c                payload
 *fill*         0x20000095        0x1 
 .bss.g_frame_counter
                0x20000096        0x2 ./Core/Src/main.o
 .bss.huart2    0x20000098       0x48 ./Core/Src/main.o
                0x20000098                huart2
 .bss.huart1    0x200000e0       0x48 ./Core/Src/main.o
                0x200000e0                huart1
 .bss.hrtc      0x20000128       0x14 ./Core/Src/main.o
                0x20000128                hrtc
 .bss.hiwdg     0x2000013c        0xc ./Core/Src/main.o
                0x2000013c                hiwdg
 .bss.hi2c2     0x20000148       0x54 ./Core/Src/main.o
                0x20000148                hi2c2
 .bss.hi2c1     0x2000019c       0x54 ./Core/Src/main.o
                0x2000019c                hi2c1
 .bss.__sbrk_heap_end
                0x200001f0        0x4 ./Core/Src/sysmem.o
 .bss.uwTick    0x200001f4        0x4 ./Drivers/STM32F1xx_HAL_Driver/Src/stm32f1xx_hal.o
                0x200001f4                uwTick
 .bss.s_bmp388_ok
                0x200001f8        0x1 ./sensor/sensors.o
 .bss.s_sht30_ok
                0x200001f9        0x1 ./sensor/sensors.o
 *fill*         0x200001fa        0x6 
 .bss.s_bmp388  0x20000200      0x250 ./sensor/sensors.o
 .bss.s_sht30   0x20000450       0x20 ./sensor/sensors.o
 .bss.__sf      0x20000470      0x138 C:/ST/STM32CubeIDE_1.19.0/STM32CubeIDE/plugins/com.st.stm32cube.ide.mcu.externaltools.gnu-tools-for-stm32.13.3.rel1.win32_1.0.100.202509120712/tools/bin/../lib/gcc/arm-none-eabi/13.3.1/../../../../arm-none-eabi/lib/thumb/v7-m/nofp\libc_nano.a(libc_a-findfp.o)
                0x20000470                __sf
 .bss.errno     0x200005a8        0x4 C:/ST/STM32CubeIDE_1.19.0/STM32CubeIDE/plugins/com.st.stm32cube.ide.mcu.externaltools.gnu-tools-for-stm32.13.3.rel1.win32_1.0.100.202509120712/tools/bin/../lib/gcc/arm-none-eabi/13.3.1/../../../../arm-none-eabi/lib/thumb/v7-m/nofp\libc_nano.a(libc_a-reent.o)
                0x200005a8                errno
 .bss.__lock___malloc_recursive_mutex
                0x200005ac        0x1 C:/ST/STM32CubeIDE_1.19.0/STM32CubeIDE/plugins/com.st.stm32cube.ide.mcu.externaltools.gnu-tools-for-stm32.13.3.rel1.win32_1.0.100.202509120712/tools/bin/../lib/gcc/arm-none-eabi/13.3.1/../../../../arm-none-eabi/lib/thumb/v7-m/nofp\libc_nano.a(libc_a-lock.o)
                0x200005ac                __lock___malloc_recursive_mutex
 *fill*         0x200005ad        0x3 
 .bss.__malloc_sbrk_start
                0x200005b0        0x4 C:/ST/STM32CubeIDE_1.19.0/STM32CubeIDE/plugins/com.st.stm32cube.ide.mcu.externaltools.gnu-tools-for-stm32.13.3.rel1.win32_1.0.100.202509120712/tools/bin/../lib/gcc/arm-none-eabi/13.3.1/../../../../arm-none-eabi/lib/thumb/v7-m/nofp\libc_nano.a(libc_a-mallocr.o)
                0x200005b0                __malloc_sbrk_start
 .bss.__malloc_free_list
                0x200005b4        0x4 C:/ST/STM32CubeIDE_1.19.0/STM32CubeIDE/plugins/com.st.stm32cube.ide.mcu.externaltools.gnu-tools-for-stm32.13.3.rel1.win32_1.0.100.202509120712/tools/bin/../lib/gcc/arm-none-eabi/13.3.1/../../../../arm-none-eabi/lib/thumb/v7-m/nofp\libc_nano.a(libc_a-mallocr.o)
                0x200005b4                __malloc_free_list
 *(COMMON)
                0x200005b8                        . = ALIGN (0x4)
                0x200005b8                        _ebss = .
                0x200005b8                        __bss_end__ = _ebss

._user_heap_stack
                0x200005b8      0x600 load address 0x080082d4
                0x200005b8                        . = ALIGN (0x8)
                [!provide]                        PROVIDE (end = .)
                0x200005b8                        PROVIDE (_end = .)
                0x200007b8                        . = (. + _Min_Heap_Size)
 *fill*         0x200005b8      0x200 
                0x20000bb8                        . = (. + _Min_Stack_Size)
 *fill*         0x200007b8      0x400 
                0x20000bb8                        . = ALIGN (0x8)

/DISCARD/
 libc.a(*)
 libm.a(*)
 libgcc.a(*)

.ARM.attributes
                0x00000000       0x29
 *(.ARM.attributes)
 .ARM.attributes
                0x00000000       0x1d C:/ST/STM32CubeIDE_1.19.0/STM32CubeIDE/plugins/com.st.stm32cube.ide.mcu.externaltools.gnu-tools-for-stm32.13.3.rel1.win32_1.0.100.202509120712/tools/bin/../lib/gcc/arm-none-eabi/13.3.1/thumb/v7-m/nofp/crti.o
 .ARM.attributes
                0x0000001d       0x2d C:/ST/STM32CubeIDE_1.19.0/STM32CubeIDE/plugins/com.st.stm32cube.ide.mcu.externaltools.gnu-tools-for-stm32.13.3.rel1.win32_1.0.100.202509120712/tools/bin/../lib/gcc/arm-none-eabi/13.3.1/thumb/v7-m/nofp/crtbegin.o
 .ARM.attributes
                0x0000004a       0x2d ./Core/Src/main.o
 .ARM.attributes
                0x00000077       0x2d ./Core/Src/stm32f1xx_hal_msp.o
 .ARM.attributes
                0x000000a4       0x2d ./Core/Src/stm32f1xx_it.o
 .ARM.attributes
                0x000000d1       0x2d ./Core/Src/sysmem.o
 .ARM.attributes
                0x000000fe       0x2d ./Core/Src/system_stm32f1xx.o
 .ARM.attributes
                0x0000012b       0x21 ./Core/Startup/startup_stm32f103c8tx.o
 .ARM.attributes
                0x0000014c       0x2d ./Drivers/STM32F1xx_HAL_Driver/Src/stm32f1xx_hal.o
 .ARM.attributes
                0x00000179       0x2d ./Drivers/STM32F1xx_HAL_Driver/Src/stm32f1xx_hal_cortex.o
 .ARM.attributes
                0x000001a6       0x2d ./Drivers/STM32F1xx_HAL_Driver/Src/stm32f1xx_hal_dma.o
 .ARM.attributes
                0x000001d3       0x2d ./Drivers/STM32F1xx_HAL_Driver/Src/stm32f1xx_hal_gpio.o
 .ARM.attributes
                0x00000200       0x2d ./Drivers/STM32F1xx_HAL_Driver/Src/stm32f1xx_hal_i2c.o
 .ARM.attributes
                0x0000022d       0x2d ./Drivers/STM32F1xx_HAL_Driver/Src/stm32f1xx_hal_iwdg.o
 .ARM.attributes
                0x0000025a       0x2d ./Drivers/STM32F1xx_HAL_Driver/Src/stm32f1xx_hal_pwr.o
 .ARM.attributes
                0x00000287       0x2d ./Drivers/STM32F1xx_HAL_Driver/Src/stm32f1xx_hal_rcc.o
 .ARM.attributes
                0x000002b4       0x2d ./Drivers/STM32F1xx_HAL_Driver/Src/stm32f1xx_hal_rcc_ex.o
 .ARM.attributes
                0x000002e1       0x2d ./Drivers/STM32F1xx_HAL_Driver/Src/stm32f1xx_hal_rtc.o
 .ARM.attributes
                0x0000030e       0x2d ./Drivers/STM32F1xx_HAL_Driver/Src/stm32f1xx_hal_uart.o
 .ARM.attributes
                0x0000033b       0x2d ./ascon/aead.o
 .ARM.attributes
                0x00000368       0x2d ./ascon/permutations.o
 .ARM.attributes
                0x00000395       0x2d ./sensor/bmp388/driver_bmp388.o
 .ARM.attributes
                0x000003c2       0x2d ./sensor/sensor_hal.o
 .ARM.attributes
                0x000003ef       0x2d ./sensor/sensors.o
 .ARM.attributes
                0x0000041c       0x2d ./sensor/sht30/driver_sht30.o
 .ARM.attributes
                0x00000449       0x2d C:/ST/STM32CubeIDE_1.19.0/STM32CubeIDE/plugins/com.st.stm32cube.ide.mcu.externaltools.gnu-tools-for-stm32.13.3.rel1.win32_1.0.100.202509120712/tools/bin/../lib/gcc/arm-none-eabi/13.3.1/../../../../arm-none-eabi/lib/thumb/v7-m/nofp\libc_nano.a(libc_a-findfp.o)
 .ARM.attributes
                0x00000476       0x2d C:/ST/STM32CubeIDE_1.19.0/STM32CubeIDE/plugins/com.st.stm32cube.ide.mcu.externaltools.gnu-tools-for-stm32.13.3.rel1.win32_1.0.100.202509120712/tools/bin/../lib/gcc/arm-none-eabi/13.3.1/../../../../arm-none-eabi/lib/thumb/v7-m/nofp\libc_nano.a(libc_a-vsnprintf.o)
 .ARM.attributes
                0x000004a3       0x2d C:/ST/STM32CubeIDE_1.19.0/STM32CubeIDE/plugins/com.st.stm32cube.ide.mcu.externaltools.gnu-tools-for-stm32.13.3.rel1.win32_1.0.100.202509120712/tools/bin/../lib/gcc/arm-none-eabi/13.3.1/../../../../arm-none-eabi/lib/thumb/v7-m/nofp\libc_nano.a(libc_a-memset.o)
 .ARM.attributes
                0x000004d0       0x2d C:/ST/STM32CubeIDE_1.19.0/STM32CubeIDE/plugins/com.st.stm32cube.ide.mcu.externaltools.gnu-tools-for-stm32.13.3.rel1.win32_1.0.100.202509120712/tools/bin/../lib/gcc/arm-none-eabi/13.3.1/../../../../arm-none-eabi/lib/thumb/v7-m/nofp\libc_nano.a(libc_a-reent.o)
 .ARM.attributes
                0x000004fd       0x2d C:/ST/STM32CubeIDE_1.19.0/STM32CubeIDE/plugins/com.st.stm32cube.ide.mcu.externaltools.gnu-tools-for-stm32.13.3.rel1.win32_1.0.100.202509120712/tools/bin/../lib/gcc/arm-none-eabi/13.3.1/../../../../arm-none-eabi/lib/thumb/v7-m/nofp\libc_nano.a(libc_a-impure.o)
 .ARM.attributes
                0x0000052a       0x2d C:/ST/STM32CubeIDE_1.19.0/STM32CubeIDE/plugins/com.st.stm32cube.ide.mcu.externaltools.gnu-tools-for-stm32.13.3.rel1.win32_1.0.100.202509120712/tools/bin/../lib/gcc/arm-none-eabi/13.3.1/../../../../arm-none-eabi/lib/thumb/v7-m/nofp\libc_nano.a(libc_a-errno.o)
 .ARM.attributes
                0x00000557       0x2d C:/ST/STM32CubeIDE_1.19.0/STM32CubeIDE/plugins/com.st.stm32cube.ide.mcu.externaltools.gnu-tools-for-stm32.13.3.rel1.win32_1.0.100.202509120712/tools/bin/../lib/gcc/arm-none-eabi/13.3.1/../../../../arm-none-eabi/lib/thumb/v7-m/nofp\libc_nano.a(libc_a-init.o)
 .ARM.attributes
                0x00000584       0x2d C:/ST/STM32CubeIDE_1.19.0/STM32CubeIDE/plugins/com.st.stm32cube.ide.mcu.externaltools.gnu-tools-for-stm32.13.3.rel1.win32_1.0.100.202509120712/tools/bin/../lib/gcc/arm-none-eabi/13.3.1/../../../../arm-none-eabi/lib/thumb/v7-m/nofp\libc_nano.a(libc_a-lock.o)
 .ARM.attributes
                0x000005b1       0x2d C:/ST/STM32CubeIDE_1.19.0/STM32CubeIDE/plugins/com.st.stm32cube.ide.mcu.externaltools.gnu-tools-for-stm32.13.3.rel1.win32_1.0.100.202509120712/tools/bin/../lib/gcc/arm-none-eabi/13.3.1/../../../../arm-none-eabi/lib/thumb/v7-m/nofp\libc_nano.a(libc_a-memcpy-stub.o)
 .ARM.attributes
                0x000005de       0x2d C:/ST/STM32CubeIDE_1.19.0/STM32CubeIDE/plugins/com.st.stm32cube.ide.mcu.externaltools.gnu-tools-for-stm32.13.3.rel1.win32_1.0.100.202509120712/tools/bin/../lib/gcc/arm-none-eabi/13.3.1/../../../../arm-none-eabi/lib/thumb/v7-m/nofp\libc_nano.a(libc_a-freer.o)
 .ARM.attributes
                0x0000060b       0x2d C:/ST/STM32CubeIDE_1.19.0/STM32CubeIDE/plugins/com.st.stm32cube.ide.mcu.externaltools.gnu-tools-for-stm32.13.3.rel1.win32_1.0.100.202509120712/tools/bin/../lib/gcc/arm-none-eabi/13.3.1/../../../../arm-none-eabi/lib/thumb/v7-m/nofp\libc_nano.a(libc_a-mallocr.o)
 .ARM.attributes
                0x00000638       0x2d C:/ST/STM32CubeIDE_1.19.0/STM32CubeIDE/plugins/com.st.stm32cube.ide.mcu.externaltools.gnu-tools-for-stm32.13.3.rel1.win32_1.0.100.202509120712/tools/bin/../lib/gcc/arm-none-eabi/13.3.1/../../../../arm-none-eabi/lib/thumb/v7-m/nofp\libc_nano.a(libc_a-mlock.o)
 .ARM.attributes
                0x00000665       0x2d C:/ST/STM32CubeIDE_1.19.0/STM32CubeIDE/plugins/com.st.stm32cube.ide.mcu.externaltools.gnu-tools-for-stm32.13.3.rel1.win32_1.0.100.202509120712/tools/bin/../lib/gcc/arm-none-eabi/13.3.1/../../../../arm-none-eabi/lib/thumb/v7-m/nofp\libc_nano.a(libc_a-nano-svfprintf.o)
 .ARM.attributes
                0x00000692       0x2d C:/ST/STM32CubeIDE_1.19.0/STM32CubeIDE/plugins/com.st.stm32cube.ide.mcu.externaltools.gnu-tools-for-stm32.13.3.rel1.win32_1.0.100.202509120712/tools/bin/../lib/gcc/arm-none-eabi/13.3.1/../../../../arm-none-eabi/lib/thumb/v7-m/nofp\libc_nano.a(libc_a-nano-vfprintf_i.o)
 .ARM.attributes
                0x000006bf       0x2d C:/ST/STM32CubeIDE_1.19.0/STM32CubeIDE/plugins/com.st.stm32cube.ide.mcu.externaltools.gnu-tools-for-stm32.13.3.rel1.win32_1.0.100.202509120712/tools/bin/../lib/gcc/arm-none-eabi/13.3.1/../../../../arm-none-eabi/lib/thumb/v7-m/nofp\libc_nano.a(libc_a-memmove.o)
 .ARM.attributes
                0x000006ec       0x2d C:/ST/STM32CubeIDE_1.19.0/STM32CubeIDE/plugins/com.st.stm32cube.ide.mcu.externaltools.gnu-tools-for-stm32.13.3.rel1.win32_1.0.100.202509120712/tools/bin/../lib/gcc/arm-none-eabi/13.3.1/../../../../arm-none-eabi/lib/thumb/v7-m/nofp\libc_nano.a(libc_a-sbrkr.o)
 .ARM.attributes
                0x00000719       0x2d C:/ST/STM32CubeIDE_1.19.0/STM32CubeIDE/plugins/com.st.stm32cube.ide.mcu.externaltools.gnu-tools-for-stm32.13.3.rel1.win32_1.0.100.202509120712/tools/bin/../lib/gcc/arm-none-eabi/13.3.1/../../../../arm-none-eabi/lib/thumb/v7-m/nofp\libc_nano.a(libc_a-memchr-stub.o)
 .ARM.attributes
                0x00000746       0x2d C:/ST/STM32CubeIDE_1.19.0/STM32CubeIDE/plugins/com.st.stm32cube.ide.mcu.externaltools.gnu-tools-for-stm32.13.3.rel1.win32_1.0.100.202509120712/tools/bin/../lib/gcc/arm-none-eabi/13.3.1/../../../../arm-none-eabi/lib/thumb/v7-m/nofp\libc_nano.a(libc_a-reallocr.o)
 .ARM.attributes
                0x00000773       0x2d C:/ST/STM32CubeIDE_1.19.0/STM32CubeIDE/plugins/com.st.stm32cube.ide.mcu.externaltools.gnu-tools-for-stm32.13.3.rel1.win32_1.0.100.202509120712/tools/bin/../lib/gcc/arm-none-eabi/13.3.1/../../../../arm-none-eabi/lib/thumb/v7-m/nofp\libc_nano.a(libc_a-msizer.o)
 .ARM.attributes
                0x000007a0       0x1d C:/ST/STM32CubeIDE_1.19.0/STM32CubeIDE/plugins/com.st.stm32cube.ide.mcu.externaltools.gnu-tools-for-stm32.13.3.rel1.win32_1.0.100.202509120712/tools/bin/../lib/gcc/arm-none-eabi/13.3.1/thumb/v7-m/nofp\libgcc.a(_arm_addsubdf3.o)
 .ARM.attributes
                0x000007bd       0x1d C:/ST/STM32CubeIDE_1.19.0/STM32CubeIDE/plugins/com.st.stm32cube.ide.mcu.externaltools.gnu-tools-for-stm32.13.3.rel1.win32_1.0.100.202509120712/tools/bin/../lib/gcc/arm-none-eabi/13.3.1/thumb/v7-m/nofp\libgcc.a(_arm_muldivdf3.o)
 .ARM.attributes
                0x000007da       0x1d C:/ST/STM32CubeIDE_1.19.0/STM32CubeIDE/plugins/com.st.stm32cube.ide.mcu.externaltools.gnu-tools-for-stm32.13.3.rel1.win32_1.0.100.202509120712/tools/bin/../lib/gcc/arm-none-eabi/13.3.1/thumb/v7-m/nofp\libgcc.a(_arm_truncdfsf2.o)
 .ARM.attributes
                0x000007f7       0x1d C:/ST/STM32CubeIDE_1.19.0/STM32CubeIDE/plugins/com.st.stm32cube.ide.mcu.externaltools.gnu-tools-for-stm32.13.3.rel1.win32_1.0.100.202509120712/tools/bin/../lib/gcc/arm-none-eabi/13.3.1/thumb/v7-m/nofp\libgcc.a(_arm_addsubsf3.o)
 .ARM.attributes
                0x00000814       0x1d C:/ST/STM32CubeIDE_1.19.0/STM32CubeIDE/plugins/com.st.stm32cube.ide.mcu.externaltools.gnu-tools-for-stm32.13.3.rel1.win32_1.0.100.202509120712/tools/bin/../lib/gcc/arm-none-eabi/13.3.1/thumb/v7-m/nofp\libgcc.a(_arm_muldivsf3.o)
 .ARM.attributes
                0x00000831       0x1d C:/ST/STM32CubeIDE_1.19.0/STM32CubeIDE/plugins/com.st.stm32cube.ide.mcu.externaltools.gnu-tools-for-stm32.13.3.rel1.win32_1.0.100.202509120712/tools/bin/../lib/gcc/arm-none-eabi/13.3.1/thumb/v7-m/nofp\libgcc.a(_arm_cmpsf2.o)
 .ARM.attributes
                0x0000084e       0x1d C:/ST/STM32CubeIDE_1.19.0/STM32CubeIDE/plugins/com.st.stm32cube.ide.mcu.externaltools.gnu-tools-for-stm32.13.3.rel1.win32_1.0.100.202509120712/tools/bin/../lib/gcc/arm-none-eabi/13.3.1/thumb/v7-m/nofp\libgcc.a(_arm_fixsfsi.o)
 .ARM.attributes
                0x0000086b       0x1d C:/ST/STM32CubeIDE_1.19.0/STM32CubeIDE/plugins/com.st.stm32cube.ide.mcu.externaltools.gnu-tools-for-stm32.13.3.rel1.win32_1.0.100.202509120712/tools/bin/../lib/gcc/arm-none-eabi/13.3.1/thumb/v7-m/nofp\libgcc.a(_arm_fixunssfsi.o)
 .ARM.attributes
                0x00000888       0x1d C:/ST/STM32CubeIDE_1.19.0/STM32CubeIDE/plugins/com.st.stm32cube.ide.mcu.externaltools.gnu-tools-for-stm32.13.3.rel1.win32_1.0.100.202509120712/tools/bin/../lib/gcc/arm-none-eabi/13.3.1/thumb/v7-m/nofp/crtn.o
OUTPUT(node_stm32_ver1.elf elf32-littlearm)
LOAD linker stubs
LOAD C:/ST/STM32CubeIDE_1.19.0/STM32CubeIDE/plugins/com.st.stm32cube.ide.mcu.externaltools.gnu-tools-for-stm32.13.3.rel1.win32_1.0.100.202509120712/tools/bin/../lib/gcc/arm-none-eabi/13.3.1/../../../../arm-none-eabi/lib/thumb/v7-m/nofp\libc.a
LOAD C:/ST/STM32CubeIDE_1.19.0/STM32CubeIDE/plugins/com.st.stm32cube.ide.mcu.externaltools.gnu-tools-for-stm32.13.3.rel1.win32_1.0.100.202509120712/tools/bin/../lib/gcc/arm-none-eabi/13.3.1/../../../../arm-none-eabi/lib/thumb/v7-m/nofp\libm.a
LOAD C:/ST/STM32CubeIDE_1.19.0/STM32CubeIDE/plugins/com.st.stm32cube.ide.mcu.externaltools.gnu-tools-for-stm32.13.3.rel1.win32_1.0.100.202509120712/tools/bin/../lib/gcc/arm-none-eabi/13.3.1/thumb/v7-m/nofp\libgcc.a

.debug_info     0x00000000    0x192eb
 .debug_info    0x00000000     0x1bcf ./Core/Src/main.o
 .debug_info    0x00001bcf     0x1172 ./Core/Src/stm32f1xx_hal_msp.o
 .debug_info    0x00002d41      0x851 ./Core/Src/stm32f1xx_it.o
 .debug_info    0x00003592      0x175 ./Core/Src/sysmem.o
 .debug_info    0x00003707      0x231 ./Core/Src/system_stm32f1xx.o
 .debug_info    0x00003938       0x30 ./Core/Startup/startup_stm32f103c8tx.o
 .debug_info    0x00003968      0x7dc ./Drivers/STM32F1xx_HAL_Driver/Src/stm32f1xx_hal.o
 .debug_info    0x00004144      0xced ./Drivers/STM32F1xx_HAL_Driver/Src/stm32f1xx_hal_cortex.o
 .debug_info    0x00004e31      0x7e8 ./Drivers/STM32F1xx_HAL_Driver/Src/stm32f1xx_hal_dma.o
 .debug_info    0x00005619      0x612 ./Drivers/STM32F1xx_HAL_Driver/Src/stm32f1xx_hal_gpio.o
 .debug_info    0x00005c2b     0x38bc ./Drivers/STM32F1xx_HAL_Driver/Src/stm32f1xx_hal_i2c.o
 .debug_info    0x000094e7      0x1fa ./Drivers/STM32F1xx_HAL_Driver/Src/stm32f1xx_hal_iwdg.o
 .debug_info    0x000096e1      0x66d ./Drivers/STM32F1xx_HAL_Driver/Src/stm32f1xx_hal_pwr.o
 .debug_info    0x00009d4e      0x9fb ./Drivers/STM32F1xx_HAL_Driver/Src/stm32f1xx_hal_rcc.o
 .debug_info    0x0000a749      0x420 ./Drivers/STM32F1xx_HAL_Driver/Src/stm32f1xx_hal_rcc_ex.o
 .debug_info    0x0000ab69     0x12a8 ./Drivers/STM32F1xx_HAL_Driver/Src/stm32f1xx_hal_rtc.o
 .debug_info    0x0000be11     0x4077 ./Drivers/STM32F1xx_HAL_Driver/Src/stm32f1xx_hal_uart.o
 .debug_info    0x0000fe88     0x1505 ./ascon/aead.o
 .debug_info    0x0001138d      0x822 ./ascon/permutations.o
 .debug_info    0x00011baf     0x40ea ./sensor/bmp388/driver_bmp388.o
 .debug_info    0x00015c99     0x115b ./sensor/sensor_hal.o
 .debug_info    0x00016df4      0xdbd ./sensor/sensors.o
 .debug_info    0x00017bb1     0x173a ./sensor/sht30/driver_sht30.o

.debug_abbrev   0x00000000     0x398f
 .debug_abbrev  0x00000000      0x3a0 ./Core/Src/main.o
 .debug_abbrev  0x000003a0      0x277 ./Core/Src/stm32f1xx_hal_msp.o
 .debug_abbrev  0x00000617      0x1b2 ./Core/Src/stm32f1xx_it.o
 .debug_abbrev  0x000007c9       0xec ./Core/Src/sysmem.o
 .debug_abbrev  0x000008b5      0x145 ./Core/Src/system_stm32f1xx.o
 .debug_abbrev  0x000009fa       0x24 ./Core/Startup/startup_stm32f103c8tx.o
 .debug_abbrev  0x00000a1e      0x272 ./Drivers/STM32F1xx_HAL_Driver/Src/stm32f1xx_hal.o
 .debug_abbrev  0x00000c90      0x36b ./Drivers/STM32F1xx_HAL_Driver/Src/stm32f1xx_hal_cortex.o
 .debug_abbrev  0x00000ffb      0x260 ./Drivers/STM32F1xx_HAL_Driver/Src/stm32f1xx_hal_dma.o
 .debug_abbrev  0x0000125b      0x200 ./Drivers/STM32F1xx_HAL_Driver/Src/stm32f1xx_hal_gpio.o
 .debug_abbrev  0x0000145b      0x446 ./Drivers/STM32F1xx_HAL_Driver/Src/stm32f1xx_hal_i2c.o
 .debug_abbrev  0x000018a1      0x13b ./Drivers/STM32F1xx_HAL_Driver/Src/stm32f1xx_hal_iwdg.o
 .debug_abbrev  0x000019dc      0x1eb ./Drivers/STM32F1xx_HAL_Driver/Src/stm32f1xx_hal_pwr.o
 .debug_abbrev  0x00001bc7      0x2ff ./Drivers/STM32F1xx_HAL_Driver/Src/stm32f1xx_hal_rcc.o
 .debug_abbrev  0x00001ec6      0x1d8 ./Drivers/STM32F1xx_HAL_Driver/Src/stm32f1xx_hal_rcc_ex.o
 .debug_abbrev  0x0000209e      0x316 ./Drivers/STM32F1xx_HAL_Driver/Src/stm32f1xx_hal_rtc.o
 .debug_abbrev  0x000023b4      0x40d ./Drivers/STM32F1xx_HAL_Driver/Src/stm32f1xx_hal_uart.o
 .debug_abbrev  0x000027c1      0x333 ./ascon/aead.o
 .debug_abbrev  0x00002af4      0x15b ./ascon/permutations.o
 .debug_abbrev  0x00002c4f      0x3f7 ./sensor/bmp388/driver_bmp388.o
 .debug_abbrev  0x00003046      0x378 ./sensor/sensor_hal.o
 .debug_abbrev  0x000033be      0x29f ./sensor/sensors.o
 .debug_abbrev  0x0000365d      0x332 ./sensor/sht30/driver_sht30.o

.debug_loclists
                0x00000000     0xb587
 .debug_loclists
                0x00000000       0xa6 ./Core/Src/main.o
 .debug_loclists
                0x000000a6      0x111 ./Core/Src/stm32f1xx_hal_msp.o
 .debug_loclists
                0x000001b7       0x3b ./Core/Src/sysmem.o
 .debug_loclists
                0x000001f2       0xac ./Core/Src/system_stm32f1xx.o
 .debug_loclists
                0x0000029e       0xd5 ./Drivers/STM32F1xx_HAL_Driver/Src/stm32f1xx_hal.o
 .debug_loclists
                0x00000373      0x3cb ./Drivers/STM32F1xx_HAL_Driver/Src/stm32f1xx_hal_cortex.o
 .debug_loclists
                0x0000073e      0x4b9 ./Drivers/STM32F1xx_HAL_Driver/Src/stm32f1xx_hal_dma.o
 .debug_loclists
                0x00000bf7      0x2e9 ./Drivers/STM32F1xx_HAL_Driver/Src/stm32f1xx_hal_gpio.o
 .debug_loclists
                0x00000ee0     0x257b ./Drivers/STM32F1xx_HAL_Driver/Src/stm32f1xx_hal_i2c.o
 .debug_loclists
                0x0000345b       0x66 ./Drivers/STM32F1xx_HAL_Driver/Src/stm32f1xx_hal_iwdg.o
 .debug_loclists
                0x000034c1       0xb5 ./Drivers/STM32F1xx_HAL_Driver/Src/stm32f1xx_hal_pwr.o
 .debug_loclists
                0x00003576      0x41d ./Drivers/STM32F1xx_HAL_Driver/Src/stm32f1xx_hal_rcc.o
 .debug_loclists
                0x00003993      0x270 ./Drivers/STM32F1xx_HAL_Driver/Src/stm32f1xx_hal_rcc_ex.o
 .debug_loclists
                0x00003c03      0xc28 ./Drivers/STM32F1xx_HAL_Driver/Src/stm32f1xx_hal_rtc.o
 .debug_loclists
                0x0000482b     0x2910 ./Drivers/STM32F1xx_HAL_Driver/Src/stm32f1xx_hal_uart.o
 .debug_loclists
                0x0000713b      0xd63 ./ascon/aead.o
 .debug_loclists
                0x00007e9e       0x24 ./ascon/permutations.o
 .debug_loclists
                0x00007ec2     0x229c ./sensor/bmp388/driver_bmp388.o
 .debug_loclists
                0x0000a15e      0x350 ./sensor/sensor_hal.o
 .debug_loclists
                0x0000a4ae       0x9e ./sensor/sensors.o
 .debug_loclists
                0x0000a54c     0x103b ./sensor/sht30/driver_sht30.o

.debug_aranges  0x00000000      0xf20
 .debug_aranges
                0x00000000       0x40 ./Core/Src/main.o
 .debug_aranges
                0x00000040       0x50 ./Core/Src/stm32f1xx_hal_msp.o
 .debug_aranges
                0x00000090       0x78 ./Core/Src/stm32f1xx_it.o
 .debug_aranges
                0x00000108       0x20 ./Core/Src/sysmem.o
 .debug_aranges
                0x00000128       0x28 ./Core/Src/system_stm32f1xx.o
 .debug_aranges
                0x00000150       0x28 ./Core/Startup/startup_stm32f103c8tx.o
 .debug_aranges
                0x00000178       0xe0 ./Drivers/STM32F1xx_HAL_Driver/Src/stm32f1xx_hal.o
 .debug_aranges
                0x00000258       0x90 ./Drivers/STM32F1xx_HAL_Driver/Src/stm32f1xx_hal_cortex.o
 .debug_aranges
                0x000002e8       0x78 ./Drivers/STM32F1xx_HAL_Driver/Src/stm32f1xx_hal_dma.o
 .debug_aranges
                0x00000360       0x58 ./Drivers/STM32F1xx_HAL_Driver/Src/stm32f1xx_hal_gpio.o
 .debug_aranges
                0x000003b8      0x208 ./Drivers/STM32F1xx_HAL_Driver/Src/stm32f1xx_hal_i2c.o
 .debug_aranges
                0x000005c0       0x28 ./Drivers/STM32F1xx_HAL_Driver/Src/stm32f1xx_hal_iwdg.o
 .debug_aranges
                0x000005e8       0xa8 ./Drivers/STM32F1xx_HAL_Driver/Src/stm32f1xx_hal_pwr.o
 .debug_aranges
                0x00000690       0x88 ./Drivers/STM32F1xx_HAL_Driver/Src/stm32f1xx_hal_rcc.o
 .debug_aranges
                0x00000718       0x30 ./Drivers/STM32F1xx_HAL_Driver/Src/stm32f1xx_hal_rcc_ex.o
 .debug_aranges
                0x00000748       0xe8 ./Drivers/STM32F1xx_HAL_Driver/Src/stm32f1xx_hal_rtc.o
 .debug_aranges
                0x00000830      0x1f0 ./Drivers/STM32F1xx_HAL_Driver/Src/stm32f1xx_hal_uart.o
 .debug_aranges
                0x00000a20       0x78 ./ascon/aead.o
 .debug_aranges
                0x00000a98       0x28 ./ascon/permutations.o
 .debug_aranges
                0x00000ac0      0x288 ./sensor/bmp388/driver_bmp388.o
 .debug_aranges
                0x00000d48       0xa8 ./sensor/sensor_hal.o
 .debug_aranges
                0x00000df0       0x30 ./sensor/sensors.o
 .debug_aranges
                0x00000e20      0x100 ./sensor/sht30/driver_sht30.o

.debug_rnglists
                0x00000000     0x1141
 .debug_rnglists
                0x00000000       0x9f ./Core/Src/main.o
 .debug_rnglists
                0x0000009f       0xc9 ./Core/Src/stm32f1xx_hal_msp.o
 .debug_rnglists
                0x00000168       0x55 ./Core/Src/stm32f1xx_it.o
 .debug_rnglists
                0x000001bd       0x13 ./Core/Src/sysmem.o
 .debug_rnglists
                0x000001d0       0x19 ./Core/Src/system_stm32f1xx.o
 .debug_rnglists
                0x000001e9       0x19 ./Core/Startup/startup_stm32f103c8tx.o
 .debug_rnglists
                0x00000202       0xa3 ./Drivers/STM32F1xx_HAL_Driver/Src/stm32f1xx_hal.o
 .debug_rnglists
                0x000002a5       0xd3 ./Drivers/STM32F1xx_HAL_Driver/Src/stm32f1xx_hal_cortex.o
 .debug_rnglists
                0x00000378       0x70 ./Drivers/STM32F1xx_HAL_Driver/Src/stm32f1xx_hal_dma.o
 .debug_rnglists
                0x000003e8       0x51 ./Drivers/STM32F1xx_HAL_Driver/Src/stm32f1xx_hal_gpio.o
 .debug_rnglists
                0x00000439      0x38c ./Drivers/STM32F1xx_HAL_Driver/Src/stm32f1xx_hal_i2c.o
 .debug_rnglists
                0x000007c5       0x19 ./Drivers/STM32F1xx_HAL_Driver/Src/stm32f1xx_hal_iwdg.o
 .debug_rnglists
                0x000007de       0x79 ./Drivers/STM32F1xx_HAL_Driver/Src/stm32f1xx_hal_pwr.o
 .debug_rnglists
                0x00000857       0x85 ./Drivers/STM32F1xx_HAL_Driver/Src/stm32f1xx_hal_rcc.o
 .debug_rnglists
                0x000008dc       0x3f ./Drivers/STM32F1xx_HAL_Driver/Src/stm32f1xx_hal_rcc_ex.o
 .debug_rnglists
                0x0000091b       0xd7 ./Drivers/STM32F1xx_HAL_Driver/Src/stm32f1xx_hal_rtc.o
 .debug_rnglists
                0x000009f2      0x1c9 ./Drivers/STM32F1xx_HAL_Driver/Src/stm32f1xx_hal_uart.o
 .debug_rnglists
                0x00000bbb      0x105 ./ascon/aead.o
 .debug_rnglists
                0x00000cc0       0x4f ./ascon/permutations.o
 .debug_rnglists
                0x00000d0f      0x2b9 ./sensor/bmp388/driver_bmp388.o
 .debug_rnglists
                0x00000fc8       0x7a ./sensor/sensor_hal.o
 .debug_rnglists
                0x00001042       0x3d ./sensor/sensors.o
 .debug_rnglists
                0x0000107f       0xc2 ./sensor/sht30/driver_sht30.o

.debug_macro    0x00000000    0x191a8
 .debug_macro   0x00000000      0x2c8 ./Core/Src/main.o
 .debug_macro   0x000002c8      0xad2 ./Core/Src/main.o
 .debug_macro   0x00000d9a      0x227 ./Core/Src/main.o
 .debug_macro   0x00000fc1       0x2e ./Core/Src/main.o
 .debug_macro   0x00000fef       0x22 ./Core/Src/main.o
 .debug_macro   0x00001011       0x22 ./Core/Src/main.o
 .debug_macro   0x00001033       0x8e ./Core/Src/main.o
 .debug_macro   0x000010c1       0x51 ./Core/Src/main.o
 .debug_macro   0x00001112      0x103 ./Core/Src/main.o
 .debug_macro   0x00001215       0x6a ./Core/Src/main.o
 .debug_macro   0x0000127f      0x1df ./Core/Src/main.o
 .debug_macro   0x0000145e       0x1c ./Core/Src/main.o
 .debug_macro   0x0000147a       0x22 ./Core/Src/main.o
 .debug_macro   0x0000149c       0xbd ./Core/Src/main.o
 .debug_macro   0x00001559      0xd23 ./Core/Src/main.o
 .debug_macro   0x0000227c     0xe09e ./Core/Src/main.o
 .debug_macro   0x0001031a       0x6d ./Core/Src/main.o
 .debug_macro   0x00010387     0x34a2 ./Core/Src/main.o
 .debug_macro   0x00013829      0x190 ./Core/Src/main.o
 .debug_macro   0x000139b9       0x5c ./Core/Src/main.o
 .debug_macro   0x00013a15      0x5bc ./Core/Src/main.o
 .debug_macro   0x00013fd1      0x289 ./Core/Src/main.o
 .debug_macro   0x0001425a      0x1cb ./Core/Src/main.o
 .debug_macro   0x00014425      0x114 ./Core/Src/main.o
 .debug_macro   0x00014539      0x1b2 ./Core/Src/main.o
 .debug_macro   0x000146eb       0x27 ./Core/Src/main.o
 .debug_macro   0x00014712      0x136 ./Core/Src/main.o
 .debug_macro   0x00014848      0x1bc ./Core/Src/main.o
 .debug_macro   0x00014a04       0x34 ./Core/Src/main.o
 .debug_macro   0x00014a38       0x3c ./Core/Src/main.o
 .debug_macro   0x00014a74       0x57 ./Core/Src/main.o
 .debug_macro   0x00014acb       0x87 ./Core/Src/main.o
 .debug_macro   0x00014b52      0x240 ./Core/Src/main.o
 .debug_macro   0x00014d92      0x287 ./Core/Src/main.o
 .debug_macro   0x00015019       0x78 ./Core/Src/main.o
 .debug_macro   0x00015091      0x140 ./Core/Src/main.o
 .debug_macro   0x000151d1      0x1ef ./Core/Src/main.o
 .debug_macro   0x000153c0       0xeb ./Core/Src/main.o
 .debug_macro   0x000154ab      0x28e ./Core/Src/main.o
 .debug_macro   0x00015739       0x83 ./Core/Src/main.o
 .debug_macro   0x000157bc       0x94 ./Core/Src/main.o
 .debug_macro   0x00015850       0x1c ./Core/Src/main.o
 .debug_macro   0x0001586c       0x2e ./Core/Src/main.o
 .debug_macro   0x0001589a       0x34 ./Core/Src/main.o
 .debug_macro   0x000158ce       0x61 ./Core/Src/main.o
 .debug_macro   0x0001592f       0x24 ./Core/Src/main.o
 .debug_macro   0x00015953       0x43 ./Core/Src/main.o
 .debug_macro   0x00015996       0x34 ./Core/Src/main.o
 .debug_macro   0x000159ca      0x370 ./Core/Src/main.o
 .debug_macro   0x00015d3a       0x16 ./Core/Src/main.o
 .debug_macro   0x00015d50       0x4a ./Core/Src/main.o
 .debug_macro   0x00015d9a       0x34 ./Core/Src/main.o
 .debug_macro   0x00015dce       0x10 ./Core/Src/main.o
 .debug_macro   0x00015dde       0x58 ./Core/Src/main.o
 .debug_macro   0x00015e36       0x8e ./Core/Src/main.o
 .debug_macro   0x00015ec4       0x1c ./Core/Src/main.o
 .debug_macro   0x00015ee0      0x185 ./Core/Src/main.o
 .debug_macro   0x00016065       0x10 ./Core/Src/main.o
 .debug_macro   0x00016075       0x3c ./Core/Src/main.o
 .debug_macro   0x000160b1       0x20 ./Core/Src/main.o
 .debug_macro   0x000160d1      0x1c5 ./Core/Src/stm32f1xx_hal_msp.o
 .debug_macro   0x00016296      0x1cf ./Core/Src/stm32f1xx_it.o
 .debug_macro   0x00016465      0x112 ./Core/Src/sysmem.o
 .debug_macro   0x00016577      0x23c ./Core/Src/sysmem.o
 .debug_macro   0x000167b3      0x1b6 ./Core/Src/system_stm32f1xx.o
 .debug_macro   0x00016969      0x1da ./Drivers/STM32F1xx_HAL_Driver/Src/stm32f1xx_hal.o
 .debug_macro   0x00016b43      0x1b6 ./Drivers/STM32F1xx_HAL_Driver/Src/stm32f1xx_hal_cortex.o
 .debug_macro   0x00016cf9      0x1b6 ./Drivers/STM32F1xx_HAL_Driver/Src/stm32f1xx_hal_dma.o
 .debug_macro   0x00016eaf      0x221 ./Drivers/STM32F1xx_HAL_Driver/Src/stm32f1xx_hal_gpio.o
 .debug_macro   0x000170d0      0x204 ./Drivers/STM32F1xx_HAL_Driver/Src/stm32f1xx_hal_i2c.o
 .debug_macro   0x000172d4      0x1c2 ./Drivers/STM32F1xx_HAL_Driver/Src/stm32f1xx_hal_iwdg.o
 .debug_macro   0x00017496      0x216 ./Drivers/STM32F1xx_HAL_Driver/Src/stm32f1xx_hal_pwr.o
 .debug_macro   0x000176ac      0x1c8 ./Drivers/STM32F1xx_HAL_Driver/Src/stm32f1xx_hal_rcc.o
 .debug_macro   0x00017874      0x1b6 ./Drivers/STM32F1xx_HAL_Driver/Src/stm32f1xx_hal_rcc_ex.o
 .debug_macro   0x00017a2a      0x1c5 ./Drivers/STM32F1xx_HAL_Driver/Src/stm32f1xx_hal_rtc.o
 .debug_macro   0x00017bef      0x1b7 ./Drivers/STM32F1xx_HAL_Driver/Src/stm32f1xx_hal_uart.o
 .debug_macro   0x00017da6      0x1cd ./ascon/aead.o
 .debug_macro   0x00017f73       0x1c ./ascon/aead.o
 .debug_macro   0x00017f8f      0x1c0 ./ascon/aead.o
 .debug_macro   0x0001814f       0x22 ./ascon/aead.o
 .debug_macro   0x00018171       0x10 ./ascon/aead.o
 .debug_macro   0x00018181       0x1c ./ascon/aead.o
 .debug_macro   0x0001819d       0x1c ./ascon/aead.o
 .debug_macro   0x000181b9       0x10 ./ascon/aead.o
 .debug_macro   0x000181c9      0x1b4 ./ascon/permutations.o
 .debug_macro   0x0001837d      0x2d5 ./sensor/bmp388/driver_bmp388.o
 .debug_macro   0x00018652       0x16 ./sensor/bmp388/driver_bmp388.o
 .debug_macro   0x00018668       0x9e ./sensor/bmp388/driver_bmp388.o
 .debug_macro   0x00018706      0x112 ./sensor/bmp388/driver_bmp388.o
 .debug_macro   0x00018818       0x16 ./sensor/bmp388/driver_bmp388.o
 .debug_macro   0x0001882e       0x16 ./sensor/bmp388/driver_bmp388.o
 .debug_macro   0x00018844       0x58 ./sensor/bmp388/driver_bmp388.o
 .debug_macro   0x0001889c      0x2df ./sensor/sensor_hal.o
 .debug_macro   0x00018b7b       0x4c ./sensor/sensor_hal.o
 .debug_macro   0x00018bc7      0x2ee ./sensor/sensors.o
 .debug_macro   0x00018eb5       0x16 ./sensor/sensors.o
 .debug_macro   0x00018ecb       0x34 ./sensor/sensors.o
 .debug_macro   0x00018eff       0x3c ./sensor/sensors.o
 .debug_macro   0x00018f3b       0x5e ./sensor/sensors.o
 .debug_macro   0x00018f99      0x20f ./sensor/sht30/driver_sht30.o

.debug_line     0x00000000    0x1a79c
 .debug_line    0x00000000      0xfc9 ./Core/Src/main.o
 .debug_line    0x00000fc9      0x9e1 ./Core/Src/stm32f1xx_hal_msp.o
 .debug_line    0x000019aa      0x832 ./Core/Src/stm32f1xx_it.o
 .debug_line    0x000021dc      0x5c2 ./Core/Src/sysmem.o
 .debug_line    0x0000279e      0x7ba ./Core/Src/system_stm32f1xx.o
 .debug_line    0x00002f58       0x78 ./Core/Startup/startup_stm32f103c8tx.o
 .debug_line    0x00002fd0      0xa6e ./Drivers/STM32F1xx_HAL_Driver/Src/stm32f1xx_hal.o
 .debug_line    0x00003a3e      0xc1d ./Drivers/STM32F1xx_HAL_Driver/Src/stm32f1xx_hal_cortex.o
 .debug_line    0x0000465b     0x1015 ./Drivers/STM32F1xx_HAL_Driver/Src/stm32f1xx_hal_dma.o
 .debug_line    0x00005670      0xaee ./Drivers/STM32F1xx_HAL_Driver/Src/stm32f1xx_hal_gpio.o
 .debug_line    0x0000615e     0x55ab ./Drivers/STM32F1xx_HAL_Driver/Src/stm32f1xx_hal_i2c.o
 .debug_line    0x0000b709      0x7e8 ./Drivers/STM32F1xx_HAL_Driver/Src/stm32f1xx_hal_iwdg.o
 .debug_line    0x0000bef1      0x9d9 ./Drivers/STM32F1xx_HAL_Driver/Src/stm32f1xx_hal_pwr.o
 .debug_line    0x0000c8ca     0x11a6 ./Drivers/STM32F1xx_HAL_Driver/Src/stm32f1xx_hal_rcc.o
 .debug_line    0x0000da70      0x9fa ./Drivers/STM32F1xx_HAL_Driver/Src/stm32f1xx_hal_rcc_ex.o
 .debug_line    0x0000e46a     0x1608 ./Drivers/STM32F1xx_HAL_Driver/Src/stm32f1xx_hal_rtc.o
 .debug_line    0x0000fa72     0x3959 ./Drivers/STM32F1xx_HAL_Driver/Src/stm32f1xx_hal_uart.o
 .debug_line    0x000133cb      0xf62 ./ascon/aead.o
 .debug_line    0x0001432d      0x743 ./ascon/permutations.o
 .debug_line    0x00014a70     0x31fd ./sensor/bmp388/driver_bmp388.o
 .debug_line    0x00017c6d      0xbd6 ./sensor/sensor_hal.o
 .debug_line    0x00018843      0xbe6 ./sensor/sensors.o
 .debug_line    0x00019429     0x1373 ./sensor/sht30/driver_sht30.o

.debug_str      0x00000000    0x8bacb
 .debug_str     0x00000000    0x8bacb ./Core/Src/main.o
                              0x845b4 (size before relaxing)
 .debug_str     0x0008bacb        0x0 ./Core/Src/stm32f1xx_hal_msp.o
                              0x8101e (size before relaxing)
 .debug_str     0x0008bacb        0x0 ./Core/Src/stm32f1xx_it.o
                              0x80aae (size before relaxing)
 .debug_str     0x0008bacb        0x0 ./Core/Src/sysmem.o
                               0x774b (size before relaxing)
 .debug_str     0x0008bacb        0x0 ./Core/Src/system_stm32f1xx.o
                              0x80244 (size before relaxing)
 .debug_str     0x0008bacb        0x0 ./Core/Startup/startup_stm32f103c8tx.o
                                 0x84 (size before relaxing)
 .debug_str     0x0008bacb        0x0 ./Drivers/STM32F1xx_HAL_Driver/Src/stm32f1xx_hal.o
                              0x80977 (size before relaxing)
 .debug_str     0x0008bacb        0x0 ./Drivers/STM32F1xx_HAL_Driver/Src/stm32f1xx_hal_cortex.o
                              0x808c3 (size before relaxing)
 .debug_str     0x0008bacb        0x0 ./Drivers/STM32F1xx_HAL_Driver/Src/stm32f1xx_hal_dma.o
                              0x805ed (size before relaxing)
 .debug_str     0x0008bacb        0x0 ./Drivers/STM32F1xx_HAL_Driver/Src/stm32f1xx_hal_gpio.o
                              0x805ca (size before relaxing)
 .debug_str     0x0008bacb        0x0 ./Drivers/STM32F1xx_HAL_Driver/Src/stm32f1xx_hal_i2c.o
                              0x8130b (size before relaxing)
 .debug_str     0x0008bacb        0x0 ./Drivers/STM32F1xx_HAL_Driver/Src/stm32f1xx_hal_iwdg.o
                              0x8030f (size before relaxing)
 .debug_str     0x0008bacb        0x0 ./Drivers/STM32F1xx_HAL_Driver/Src/stm32f1xx_hal_pwr.o
                              0x8077b (size before relaxing)
 .debug_str     0x0008bacb        0x0 ./Drivers/STM32F1xx_HAL_Driver/Src/stm32f1xx_hal_rcc.o
                              0x80673 (size before relaxing)
 .debug_str     0x0008bacb        0x0 ./Drivers/STM32F1xx_HAL_Driver/Src/stm32f1xx_hal_rcc_ex.o
                              0x803c3 (size before relaxing)